Component: Arm Compiler for Embedded 6.19 Tool: armlink [5e73cb00]

==============================================================================

Section Cross References

    startup_stm32g431xx.o(RESET) refers to startup_stm32g431xx.o(STACK) for __initial_sp
    startup_stm32g431xx.o(RESET) refers to startup_stm32g431xx.o(.text) for Reset_Handler
    startup_stm32g431xx.o(RESET) refers to stm32g4xx_it.o(.text.NMI_Handler) for NMI_Handler
    startup_stm32g431xx.o(RESET) refers to stm32g4xx_it.o(.text.HardFault_Handler) for HardFault_Handler
    startup_stm32g431xx.o(RESET) refers to stm32g4xx_it.o(.text.MemManage_Handler) for MemManage_Handler
    startup_stm32g431xx.o(RESET) refers to stm32g4xx_it.o(.text.BusFault_Handler) for BusFault_Handler
    startup_stm32g431xx.o(RESET) refers to stm32g4xx_it.o(.text.UsageFault_Handler) for UsageFault_Handler
    startup_stm32g431xx.o(RESET) refers to stm32g4xx_it.o(.text.SVC_Handler) for SVC_Handler
    startup_stm32g431xx.o(RESET) refers to stm32g4xx_it.o(.text.DebugMon_Handler) for DebugMon_Handler
    startup_stm32g431xx.o(RESET) refers to stm32g4xx_it.o(.text.PendSV_Handler) for PendSV_Handler
    startup_stm32g431xx.o(RESET) refers to stm32g4xx_it.o(.text.SysTick_Handler) for SysTick_Handler
    startup_stm32g431xx.o(RESET) refers to stm32g4xx_it.o(.text.DMA1_Channel1_IRQHandler) for DMA1_Channel1_IRQHandler
    startup_stm32g431xx.o(RESET) refers to stm32g4xx_it.o(.text.DMA1_Channel2_IRQHandler) for DMA1_Channel2_IRQHandler
    startup_stm32g431xx.o(RESET) refers to stm32g4xx_it.o(.text.DMA1_Channel3_IRQHandler) for DMA1_Channel3_IRQHandler
    startup_stm32g431xx.o(RESET) refers to stm32g4xx_it.o(.text.DMA1_Channel4_IRQHandler) for DMA1_Channel4_IRQHandler
    startup_stm32g431xx.o(RESET) refers to stm32g4xx_it.o(.text.DMA1_Channel5_IRQHandler) for DMA1_Channel5_IRQHandler
    startup_stm32g431xx.o(RESET) refers to stm32g4xx_it.o(.text.DMA1_Channel6_IRQHandler) for DMA1_Channel6_IRQHandler
    startup_stm32g431xx.o(RESET) refers to stm32g4xx_it.o(.text.SPI2_IRQHandler) for SPI2_IRQHandler
    startup_stm32g431xx.o(RESET) refers to stm32g4xx_it.o(.text.USART1_IRQHandler) for USART1_IRQHandler
    startup_stm32g431xx.o(RESET) refers to stm32g4xx_it.o(.text.USART2_IRQHandler) for USART2_IRQHandler
    startup_stm32g431xx.o(RESET) refers to stm32g4xx_it.o(.text.DMA2_Channel1_IRQHandler) for DMA2_Channel1_IRQHandler
    startup_stm32g431xx.o(RESET) refers to stm32g4xx_it.o(.text.DMA2_Channel2_IRQHandler) for DMA2_Channel2_IRQHandler
    startup_stm32g431xx.o(.text) refers to system_stm32g4xx.o(.text.SystemInit) for SystemInit
    startup_stm32g431xx.o(.text) refers to entry.o(.ARM.Collect$$$$00000000) for __main
    flash_app.o(.text.find_next_write_addr) refers to flash_spi_interface.o(.text.xt25f_read_by_addr) for xt25f_read_by_addr
    flash_app.o(.text.find_next_write_addr) refers to flash_app.o(.rodata.str1.1) for .L.str.1
    flash_app.o(.text.find_next_write_addr) refers to printf8.o(i.__0printf$8) for __2printf
    flash_app.o(.text.find_next_write_addr) refers to flash_spi_interface.o(.text.xt25f_chip_erase) for xt25f_chip_erase
    flash_app.o(.ARM.exidx.text.find_next_write_addr) refers to flash_app.o(.text.find_next_write_addr) for [Anonymous Symbol]
    flash_app.o(.text.find_next_write_addr_old) refers to flash_spi_interface.o(.text.xt25f_read_by_addr) for xt25f_read_by_addr
    flash_app.o(.text.find_next_write_addr_old) refers to printf8.o(i.__0printf$8) for __2printf
    flash_app.o(.ARM.exidx.text.find_next_write_addr_old) refers to flash_app.o(.text.find_next_write_addr_old) for [Anonymous Symbol]
    flash_app.o(.text.log_flash_init) refers to flash_spi_interface.o(.text.xt25f_chip_erase) for xt25f_chip_erase
    flash_app.o(.ARM.exidx.text.log_flash_init) refers to flash_app.o(.text.log_flash_init) for [Anonymous Symbol]
    flash_app.o(.text.print_flash_id) refers to flash_spi_interface.o(.text.xt25f_read_id) for xt25f_read_id
    flash_app.o(.text.print_flash_id) refers to printf8.o(i.__0printf$8) for __2printf
    flash_app.o(.text.print_flash_id) refers to puts.o(i.puts) for puts
    flash_app.o(.ARM.exidx.text.print_flash_id) refers to flash_app.o(.text.print_flash_id) for [Anonymous Symbol]
    flash_app.o(.text.flash_test) refers to flash_spi_interface.o(.text.xt25f_read_id) for xt25f_read_id
    flash_app.o(.text.flash_test) refers to flash_app.o(.rodata.str1.1) for .L__func__.flash_test
    flash_app.o(.text.flash_test) refers to printf8.o(i.__0printf$8) for __2printf
    flash_app.o(.text.flash_test) refers to soft_crc.o(.text.crc32_soft) for crc32_soft
    flash_app.o(.text.flash_test) refers to flash_spi_interface.o(.text.xt25f_chip_erase) for xt25f_chip_erase
    flash_app.o(.text.flash_test) refers to flash_spi_interface.o(.text.xt25f_page_program) for xt25f_page_program
    flash_app.o(.text.flash_test) refers to flash_spi_interface.o(.text.xt25f_read_by_addr) for xt25f_read_by_addr
[...]
    Removing stm32g4xx_hal_uart.o(.ARM.exidx.text.HAL_HalfDuplex_EnableReceiver), (8 bytes).
    Removing stm32g4xx_hal_uart.o(.text.HAL_LIN_SendBreak), (44 bytes).
    Removing stm32g4xx_hal_uart.o(.ARM.exidx.text.HAL_LIN_SendBreak), (8 bytes).
    Removing stm32g4xx_hal_uart.o(.text.HAL_UART_GetState), (12 bytes).
    Removing stm32g4xx_hal_uart.o(.ARM.exidx.text.HAL_UART_GetState), (8 bytes).
    Removing stm32g4xx_hal_uart.o(.text.HAL_UART_GetError), (6 bytes).
    Removing stm32g4xx_hal_uart.o(.ARM.exidx.text.HAL_UART_GetError), (8 bytes).
    Removing stm32g4xx_hal_uart.o(.text.UART_RxISR_16BIT_FIFOEN), (450 bytes).
    Removing stm32g4xx_hal_uart.o(.ARM.exidx.text.UART_RxISR_16BIT_FIFOEN), (8 bytes).
    Removing stm32g4xx_hal_uart.o(.text.UART_RxISR_8BIT_FIFOEN), (454 bytes).
    Removing stm32g4xx_hal_uart.o(.ARM.exidx.text.UART_RxISR_8BIT_FIFOEN), (8 bytes).
    Removing stm32g4xx_hal_uart.o(.text.UART_RxISR_16BIT), (206 bytes).
    Removing stm32g4xx_hal_uart.o(.ARM.exidx.text.UART_RxISR_16BIT), (8 bytes).
    Removing stm32g4xx_hal_uart.o(.text.UART_RxISR_8BIT), (206 bytes).
    Removing stm32g4xx_hal_uart.o(.ARM.exidx.text.UART_RxISR_8BIT), (8 bytes).
    Removing stm32g4xx_hal_uart.o(.ARM.exidx.text.UART_DMAReceiveCplt), (8 bytes).
    Removing stm32g4xx_hal_uart.o(.ARM.exidx.text.UART_DMARxHalfCplt), (8 bytes).
    Removing stm32g4xx_hal_uart_ex.o(.text), (0 bytes).
    Removing stm32g4xx_hal_uart_ex.o(.text.HAL_RS485Ex_Init), (130 bytes).
    Removing stm32g4xx_hal_uart_ex.o(.ARM.exidx.text.HAL_RS485Ex_Init), (8 bytes).
    Removing stm32g4xx_hal_uart_ex.o(.ARM.exidx.text.HAL_UARTEx_WakeupCallback), (8 bytes).
    Removing stm32g4xx_hal_uart_ex.o(.ARM.exidx.text.HAL_UARTEx_RxFifoFullCallback), (8 bytes).
    Removing stm32g4xx_hal_uart_ex.o(.ARM.exidx.text.HAL_UARTEx_TxFifoEmptyCallback), (8 bytes).
    Removing stm32g4xx_hal_uart_ex.o(.text.HAL_MultiProcessorEx_AddressLength_Set), (46 bytes).
    Removing stm32g4xx_hal_uart_ex.o(.ARM.exidx.text.HAL_MultiProcessorEx_AddressLength_Set), (8 bytes).
    Removing stm32g4xx_hal_uart_ex.o(.text.HAL_UARTEx_StopModeWakeUpSourceConfig), (134 bytes).
    Removing stm32g4xx_hal_uart_ex.o(.ARM.exidx.text.HAL_UARTEx_StopModeWakeUpSourceConfig), (8 bytes).
    Removing stm32g4xx_hal_uart_ex.o(.text.HAL_UARTEx_EnableStopMode), (50 bytes).
    Removing stm32g4xx_hal_uart_ex.o(.ARM.exidx.text.HAL_UARTEx_EnableStopMode), (8 bytes).
    Removing stm32g4xx_hal_uart_ex.o(.text.HAL_UARTEx_DisableStopMode), (50 bytes).
    Removing stm32g4xx_hal_uart_ex.o(.ARM.exidx.text.HAL_UARTEx_DisableStopMode), (8 bytes).
    Removing stm32g4xx_hal_uart_ex.o(.text.HAL_UARTEx_EnableFifoMode), (122 bytes).
    Removing stm32g4xx_hal_uart_ex.o(.ARM.exidx.text.HAL_UARTEx_EnableFifoMode), (8 bytes).
    Removing stm32g4xx_hal_uart_ex.o(.ARM.exidx.text.HAL_UARTEx_DisableFifoMode), (8 bytes).
    Removing stm32g4xx_hal_uart_ex.o(.ARM.exidx.text.HAL_UARTEx_SetTxFifoThreshold), (8 bytes).
    Removing stm32g4xx_hal_uart_ex.o(.ARM.exidx.text.HAL_UARTEx_SetRxFifoThreshold), (8 bytes).
    Removing stm32g4xx_hal_uart_ex.o(.text.HAL_UARTEx_ReceiveToIdle), (304 bytes).
    Removing stm32g4xx_hal_uart_ex.o(.ARM.exidx.text.HAL_UARTEx_ReceiveToIdle), (8 bytes).
    Removing stm32g4xx_hal_uart_ex.o(.text.HAL_UARTEx_ReceiveToIdle_IT), (86 bytes).
    Removing stm32g4xx_hal_uart_ex.o(.ARM.exidx.text.HAL_UARTEx_ReceiveToIdle_IT), (8 bytes).
    Removing stm32g4xx_hal_uart_ex.o(.text.HAL_UARTEx_ReceiveToIdle_DMA), (86 bytes).
    Removing stm32g4xx_hal_uart_ex.o(.ARM.exidx.text.HAL_UARTEx_ReceiveToIdle_DMA), (8 bytes).
    Removing stm32g4xx_hal_uart_ex.o(.text.HAL_UARTEx_GetRxEventType), (4 bytes).
    Removing stm32g4xx_hal_uart_ex.o(.ARM.exidx.text.HAL_UARTEx_GetRxEventType), (8 bytes).
    Removing system_stm32g4xx.o(.text), (0 bytes).
    Removing system_stm32g4xx.o(.ARM.exidx.text.SystemInit), (8 bytes).
    Removing system_stm32g4xx.o(.text.SystemCoreClockUpdate), (150 bytes).
    Removing system_stm32g4xx.o(.ARM.exidx.text.SystemCoreClockUpdate), (8 bytes).
    Removing dadd.o(.text), (334 bytes).
    Removing dmul.o(.text), (228 bytes).
    Removing ddiv.o(.text), (222 bytes).
    Removing dfixul.o(.text), (48 bytes).
    Removing cdrcmple.o(.text), (48 bytes).
    Removing depilogue.o(.text), (186 bytes).

1084 unused section(s) (total 56899 bytes) removed from the image.

==============================================================================

Image Symbol Table

    Local Symbols

    Symbol Name                              Value     Ov Type        Size  Object(Section)

    ../clib/division.s                       0x00000000   Number         0  aeabi_sdiv.o ABSOLUTE
    ../clib/microlib/division.c              0x00000000   Number         0  uldiv.o ABSOLUTE
    ../clib/microlib/division.c              0x00000000   Number         0  uidiv.o ABSOLUTE
    ../clib/microlib/init/entry.s            0x00000000   Number         0  entry.o ABSOLUTE
    ../clib/microlib/init/entry.s            0x00000000   Number         0  entry2.o ABSOLUTE
    ../clib/microlib/init/entry.s            0x00000000   Number         0  entry5.o ABSOLUTE
    ../clib/microlib/init/entry.s            0x00000000   Number         0  entry7a.o ABSOLUTE
    ../clib/microlib/init/entry.s            0x00000000   Number         0  entry7b.o ABSOLUTE
    ../clib/microlib/init/entry.s            0x00000000   Number         0  entry8a.o ABSOLUTE
    ../clib/microlib/init/entry.s            0x00000000   Number         0  entry8b.o ABSOLUTE
    ../clib/microlib/init/entry.s            0x00000000   Number         0  entry9a.o ABSOLUTE
    ../clib/microlib/init/entry.s            0x00000000   Number         0  entry9b.o ABSOLUTE
    ../clib/microlib/init/entry.s            0x00000000   Number         0  entry10a.o ABSOLUTE
    ../clib/microlib/init/entry.s            0x00000000   Number         0  entry10b.o ABSOLUTE
    ../clib/microlib/init/entry.s            0x00000000   Number         0  entry11a.o ABSOLUTE
    ../clib/microlib/init/entry.s            0x00000000   Number         0  entry11b.o ABSOLUTE
    ../clib/microlib/longlong.c              0x00000000   Number         0  llshl.o ABSOLUTE
    ../clib/microlib/longlong.c              0x00000000   Number         0  llushr.o ABSOLUTE
    ../clib/microlib/longlong.c              0x00000000   Number         0  llsshr.o ABSOLUTE
    ../clib/microlib/printf/printf.c         0x00000000   Number         0  printfb.o ABSOLUTE
    ../clib/microlib/printf/printf.c         0x00000000   Number         0  printf0.o ABSOLUTE
    ../clib/microlib/printf/printf.c         0x00000000   Number         0  printf1.o ABSOLUTE
    ../clib/microlib/printf/printf.c         0x00000000   Number         0  printf2.o ABSOLUTE
    ../clib/microlib/printf/printf.c         0x00000000   Number         0  printf3.o ABSOLUTE
    ../clib/microlib/printf/printf.c         0x00000000   Number         0  printf4.o ABSOLUTE
    ../clib/microlib/printf/printf.c         0x00000000   Number         0  printf5.o ABSOLUTE
    ../clib/microlib/printf/printf.c         0x00000000   Number         0  printf6.o ABSOLUTE
    ../clib/microlib/printf/printf.c         0x00000000   Number         0  printf7.o ABSOLUTE
    ../clib/microlib/printf/printf.c         0x00000000   Number         0  printf8.o ABSOLUTE
    ../clib/microlib/printf/printf.c         0x00000000   Number         0  printfa.o ABSOLUTE
    ../clib/microlib/printf/stubs.s          0x00000000   Number         0  printfstubs.o ABSOLUTE
    ../clib/microlib/stdio/puts.c            0x00000000   Number         0  puts.o ABSOLUTE
    ../clib/microlib/stdio/puts.c            0x00000000   Number         0  puts_e.o ABSOLUTE
    ../clib/microlib/stdio/streams.c         0x00000000   Number         0  stdout.o ABSOLUTE
    ../clib/microlib/string/memcmp.c         0x00000000   Number         0  memcmp.o ABSOLUTE
    ../clib/microlib/string/memcpy.c         0x00000000   Number         0  memcpya.o ABSOLUTE
    ../clib/microlib/string/memcpy.c         0x00000000   Number         0  memcpyb.o ABSOLUTE
    ../clib/microlib/string/memset.c         0x00000000   Number         0  memseta.o ABSOLUTE
    ../clib/microlib/stubs.s                 0x00000000   Number         0  iusefp.o ABSOLUTE
    ../fplib/microlib/fpadd.c                0x00000000   Number         0  dadd.o ABSOLUTE
    ../fplib/microlib/fpdiv.c                0x00000000   Number         0  ddiv.o ABSOLUTE
    ../fplib/microlib/fpepilogue.c           0x00000000   Number         0  depilogue.o ABSOLUTE
    ../fplib/microlib/fpfix.c                0x00000000   Number         0  dfixul.o ABSOLUTE
    ../fplib/microlib/fpmul.c                0x00000000   Number         0  dmul.o ABSOLUTE
    adc.c                                    0x00000000   Number         0  adc.o ABSOLUTE
    app.c                                    0x00000000   Number         0  app.o ABSOLUTE
    bat_val.c                                0x00000000   Number         0  bat_val.o ABSOLUTE
    bl.c                                     0x00000000   Number         0  bl.o ABSOLUTE
    cdrcmple.s                               0x00000000   Number         0  cdrcmple.o ABSOLUTE
    charge_state.c                           0x00000000   Number         0  charge_state.o ABSOLUTE
    comm.c                                   0x00000000   Number         0  comm.o ABSOLUTE
    dc.s                                     0x00000000   Number         0  dc.o ABSOLUTE
    dma.c                                    0x00000000   Number         0  dma.o ABSOLUTE
    flash_app.c                              0x00000000   Number         0  flash_app.o ABSOLUTE
    flash_spi_interface.c                    0x00000000   Number         0  flash_spi_interface.o ABSOLUTE
    gpio.c                                   0x00000000   Number         0  gpio.o ABSOLUTE
    handlers.s                               0x00000000   Number         0  handlers.o ABSOLUTE
    i2c.c                                    0x00000000   Number         0  i2c.o ABSOLUTE
    init.s                                   0x00000000   Number         0  init.o ABSOLUTE
    led.c                                    0x00000000   Number         0  led.o ABSOLUTE
    main.c                                   0x00000000   Number         0  main.o ABSOLUTE
    soft_crc.c                               0x00000000   Number         0  soft_crc.o ABSOLUTE
    spi.c                                    0x00000000   Number         0  spi.o ABSOLUTE
    startup_stm32g431xx.s                    0x00000000   Number         0  startup_stm32g431xx.o ABSOLUTE
    stm32g4xx_hal.c                          0x00000000   Number         0  stm32g4xx_hal.o ABSOLUTE
    stm32g4xx_hal_adc.c                      0x00000000   Number         0  stm32g4xx_hal_adc.o ABSOLUTE
    stm32g4xx_hal_adc_ex.c                   0x00000000   Number         0  stm32g4xx_hal_adc_ex.o ABSOLUTE
    stm32g4xx_hal_cortex.c                   0x00000000   Number         0  stm32g4xx_hal_cortex.o ABSOLUTE
    stm32g4xx_hal_dma.c                      0x00000000   Number         0  stm32g4xx_hal_dma.o ABSOLUTE
    stm32g4xx_hal_dma_ex.c                   0x00000000   Number         0  stm32g4xx_hal_dma_ex.o ABSOLUTE
    stm32g4xx_hal_exti.c                     0x00000000   Number         0  stm32g4xx_hal_exti.o ABSOLUTE
    stm32g4xx_hal_flash.c                    0x00000000   Number         0  stm32g4xx_hal_flash.o ABSOLUTE
    stm32g4xx_hal_flash_ex.c                 0x00000000   Number         0  stm32g4xx_hal_flash_ex.o ABSOLUTE
    stm32g4xx_hal_flash_ramfunc.c            0x00000000   Number         0  stm32g4xx_hal_flash_ramfunc.o ABSOLUTE
    stm32g4xx_hal_gpio.c                     0x00000000   Number         0  stm32g4xx_hal_gpio.o ABSOLUTE
    stm32g4xx_hal_i2c.c                      0x00000000   Number         0  stm32g4xx_hal_i2c.o ABSOLUTE
    stm32g4xx_hal_i2c_ex.c                   0x00000000   Number         0  stm32g4xx_hal_i2c_ex.o ABSOLUTE
    stm32g4xx_hal_msp.c                      0x00000000   Number         0  stm32g4xx_hal_msp.o ABSOLUTE
    stm32g4xx_hal_pwr.c                      0x00000000   Number         0  stm32g4xx_hal_pwr.o ABSOLUTE
    stm32g4xx_hal_pwr_ex.c                   0x00000000   Number         0  stm32g4xx_hal_pwr_ex.o ABSOLUTE
    stm32g4xx_hal_rcc.c                      0x00000000   Number         0  stm32g4xx_hal_rcc.o ABSOLUTE
    stm32g4xx_hal_rcc_ex.c                   0x00000000   Number         0  stm32g4xx_hal_rcc_ex.o ABSOLUTE
    stm32g4xx_hal_spi.c                      0x00000000   Number         0  stm32g4xx_hal_spi.o ABSOLUTE
    stm32g4xx_hal_spi_ex.c                   0x00000000   Number         0  stm32g4xx_hal_spi_ex.o ABSOLUTE
    stm32g4xx_hal_uart.c                     0x00000000   Number         0  stm32g4xx_hal_uart.o ABSOLUTE
    stm32g4xx_hal_uart_ex.c                  0x00000000   Number         0  stm32g4xx_hal_uart_ex.o ABSOLUTE
    stm32g4xx_it.c                           0x00000000   Number         0  stm32g4xx_it.o ABSOLUTE
    stm32g4xx_ll_adc.c                       0x00000000   Number         0  stm32g4xx_ll_adc.o ABSOLUTE
    system_stm32g4xx.c                       0x00000000   Number         0  system_stm32g4xx.o ABSOLUTE
    usart.c                                  0x00000000   Number         0  usart.o ABSOLUTE
    RESET                                    0x08000000   Section      472  startup_stm32g431xx.o(RESET)
    .ARM.Collect$$$$00000000                 0x080001d8   Section        0  entry.o(.ARM.Collect$$$$00000000)
    .ARM.Collect$$$$00000001                 0x080001d8   Section        4  entry2.o(.ARM.Collect$$$$00000001)
    .ARM.Collect$$$$00000004                 0x080001dc   Section        4  entry5.o(.ARM.Collect$$$$00000004)
    .ARM.Collect$$$$00000008                 0x080001e0   Section        0  entry7b.o(.ARM.Collect$$$$00000008)
    .ARM.Collect$$$$0000000A                 0x080001e0   Section        0  entry8b.o(.ARM.Collect$$$$0000000A)
    .ARM.Collect$$$$0000000B                 0x080001e0   Section        8  entry9a.o(.ARM.Collect$$$$0000000B)
    __lit__00000000                          0x080001e8   Data           4  entry2.o(.ARM.Collect$$$$00002712)
    .ARM.Collect$$$$0000000D                 0x080001e8   Section        0  entry10a.o(.ARM.Collect$$$$0000000D)
    .ARM.Collect$$$$0000000F                 0x080001e8   Section        0  entry11a.o(.ARM.Collect$$$$0000000F)
    .ARM.Collect$$$$00002712                 0x080001e8   Section        4  entry2.o(.ARM.Collect$$$$00002712)
    $v0                                      0x080001ec   Number         0  startup_stm32g431xx.o(.text)
    .text                                    0x080001ec   Section       36  startup_stm32g431xx.o(.text)
    .text                                    0x08000210   Section        0  uldiv.o(.text)
    .text                                    0x08000272   Section        0  memcpya.o(.text)
    .text                                    0x08000296   Section        0  memseta.o(.text)
    .text                                    0x080002ba   Section        0  llshl.o(.text)
    .text                                    0x080002d8   Section        0  llushr.o(.text)
    .text                                    0x080002f8   Section       36  init.o(.text)
    [Anonymous Symbol]                       0x0800031c   Section        0  stm32g4xx_it.o(.text.BusFault_Handler)
    [Anonymous Symbol]                       0x08000320   Section        0  stm32g4xx_it.o(.text.DMA1_Channel1_IRQHandler)
    [Anonymous Symbol]                       0x0800032c   Section        0  stm32g4xx_it.o(.text.DMA1_Channel2_IRQHandler)
    [Anonymous Symbol]                       0x08000338   Section        0  stm32g4xx_it.o(.text.DMA1_Channel3_IRQHandler)
    [Anonymous Symbol]                       0x08000344   Section        0  stm32g4xx_it.o(.text.DMA1_Channel4_IRQHandler)
    [Anonymous Symbol]                       0x08000350   Section        0  stm32g4xx_it.o(.text.DMA1_Channel5_IRQHandler)
    [Anonymous Symbol]                       0x0800035c   Section        0  stm32g4xx_it.o(.text.DMA1_Channel6_IRQHandler)
    [Anonymous Symbol]                       0x08000368   Section        0  stm32g4xx_it.o(.text.DMA2_Channel1_IRQHandler)
    [Anonymous Symbol]                       0x08000374   Section        0  stm32g4xx_it.o(.text.DMA2_Channel2_IRQHandler)
    [Anonymous Symbol]                       0x08000380   Section        0  stm32g4xx_it.o(.text.DebugMon_Handler)
    [Anonymous Symbol]                       0x08000384   Section        0  main.o(.text.Error_Handler)
    [Anonymous Symbol]                       0x08000390   Section        0  stm32g4xx_hal_adc_ex.o(.text.HAL_ADCEx_MultiModeConfigChannel)
    [Anonymous Symbol]                       0x08000450   Section        0  stm32g4xx_hal_adc.o(.text.HAL_ADC_ConfigChannel)
    [Anonymous Symbol]                       0x08000788   Section        0  stm32g4xx_hal_adc.o(.text.HAL_ADC_Init)
    [Anonymous Symbol]                       0x08000990   Section        0  adc.o(.text.HAL_ADC_MspInit)
    [Anonymous Symbol]                       0x08000aec   Section        0  stm32g4xx_hal_dma.o(.text.HAL_DMA_Abort)
    [Anonymous Symbol]                       0x08000b5c   Section        0  stm32g4xx_hal_dma.o(.text.HAL_DMA_Abort_IT)
    [Anonymous Symbol]                       0x08000bd8   Section        0  stm32g4xx_hal_dma.o(.text.HAL_DMA_GetError)
    [Anonymous Symbol]                       0x08000bdc   Section        0  stm32g4xx_hal_dma.o(.text.HAL_DMA_IRQHandler)
    [Anonymous Symbol]                       0x08000c84   Section        0  stm32g4xx_hal_dma.o(.text.HAL_DMA_Init)
    [Anonymous Symbol]                       0x08000da8   Section        0  stm32g4xx_hal_dma.o(.text.HAL_DMA_Start_IT)
    [Anonymous Symbol]                       0x08000e8c   Section        0  stm32g4xx_hal_gpio.o(.text.HAL_GPIO_Init)
    [Anonymous Symbol]                       0x0800102c   Section        0  stm32g4xx_hal_gpio.o(.text.HAL_GPIO_ReadPin)
    [Anonymous Symbol]                       0x08001038   Section        0  stm32g4xx_hal_gpio.o(.text.HAL_GPIO_WritePin)
    [Anonymous Symbol]                       0x08001044   Section        0  stm32g4xx_hal.o(.text.HAL_GetTick)
    [Anonymous Symbol]                       0x08001050   Section        0  stm32g4xx_hal_i2c_ex.o(.text.HAL_I2CEx_ConfigAnalogFilter)
    [Anonymous Symbol]                       0x0800109c   Section        0  stm32g4xx_hal_i2c_ex.o(.text.HAL_I2CEx_ConfigDigitalFilter)
    [Anonymous Symbol]                       0x080010e4   Section        0  stm32g4xx_hal_i2c.o(.text.HAL_I2C_Init)
    [Anonymous Symbol]                       0x0800118c   Section        0  i2c.o(.text.HAL_I2C_MspInit)
    [Anonymous Symbol]                       0x08001248   Section        0  stm32g4xx_hal.o(.text.HAL_IncTick)
    [Anonymous Symbol]                       0x08001264   Section        0  stm32g4xx_hal.o(.text.HAL_Init)
    [Anonymous Symbol]                       0x08001284   Section        0  stm32g4xx_hal.o(.text.HAL_InitTick)
    [Anonymous Symbol]                       0x080012d8   Section        0  stm32g4xx_hal_msp.o(.text.HAL_MspInit)
    [Anonymous Symbol]                       0x0800130c   Section        0  stm32g4xx_hal_cortex.o(.text.HAL_NVIC_EnableIRQ)
    [Anonymous Symbol]                       0x0800132c   Section        0  stm32g4xx_hal_cortex.o(.text.HAL_NVIC_SetPriority)
    [Anonymous Symbol]                       0x08001384   Section        0  stm32g4xx_hal_cortex.o(.text.HAL_NVIC_SetPriorityGrouping)
    [Anonymous Symbol]                       0x080013a4   Section        0  stm32g4xx_hal_pwr_ex.o(.text.HAL_PWREx_ControlVoltageScaling)
    [Anonymous Symbol]                       0x080014ac   Section        0  stm32g4xx_hal_pwr_ex.o(.text.HAL_PWREx_DisableUCPDDeadBattery)
    [Anonymous Symbol]                       0x080014c0   Section        0  stm32g4xx_hal_rcc_ex.o(.text.HAL_RCCEx_PeriphCLKConfig)
    [Anonymous Symbol]                       0x08001754   Section        0  stm32g4xx_hal_rcc.o(.text.HAL_RCC_ClockConfig)
    [Anonymous Symbol]                       0x08001a78   Section        0  stm32g4xx_hal_rcc.o(.text.HAL_RCC_GetPCLK1Freq)
    [Anonymous Symbol]                       0x08001aa4   Section        0  stm32g4xx_hal_rcc.o(.text.HAL_RCC_GetPCLK2Freq)
    [Anonymous Symbol]                       0x08001ad0   Section        0  stm32g4xx_hal_rcc.o(.text.HAL_RCC_GetSysClockFreq)
    [Anonymous Symbol]                       0x08001b50   Section        0  stm32g4xx_hal_rcc.o(.text.HAL_RCC_OscConfig)
    [Anonymous Symbol]                       0x08001fcc   Section        0  stm32g4xx_hal_spi.o(.text.HAL_SPI_ErrorCallback)
    [Anonymous Symbol]                       0x08001fd0   Section        0  stm32g4xx_hal_spi.o(.text.HAL_SPI_IRQHandler)
    [Anonymous Symbol]                       0x080020e8   Section        0  stm32g4xx_hal_spi.o(.text.HAL_SPI_Init)
    [Anonymous Symbol]                       0x080021cc   Section        0  spi.o(.text.HAL_SPI_MspInit)
    [Anonymous Symbol]                       0x080022c4   Section        0  stm32g4xx_hal_spi.o(.text.HAL_SPI_Transmit)
    [Anonymous Symbol]                       0x080024ac   Section        0  stm32g4xx_hal_spi.o(.text.HAL_SPI_TransmitReceive)
    [Anonymous Symbol]                       0x08002744   Section        0  stm32g4xx_hal_cortex.o(.text.HAL_SYSTICK_Config)
    [Anonymous Symbol]                       0x08002770   Section        0  stm32g4xx_hal_uart_ex.o(.text.HAL_UARTEx_DisableFifoMode)
    [Anonymous Symbol]                       0x080027a8   Section        0  stm32g4xx_hal_uart.o(.text.HAL_UARTEx_RxEventCallback)
    [Anonymous Symbol]                       0x080027ac   Section        0  stm32g4xx_hal_uart_ex.o(.text.HAL_UARTEx_RxFifoFullCallback)
    [Anonymous Symbol]                       0x080027b0   Section        0  stm32g4xx_hal_uart_ex.o(.text.HAL_UARTEx_SetRxFifoThreshold)
    [Anonymous Symbol]                       0x08002844   Section        0  stm32g4xx_hal_uart_ex.o(.text.HAL_UARTEx_SetTxFifoThreshold)
    [Anonymous Symbol]                       0x080028d8   Section        0  stm32g4xx_hal_uart_ex.o(.text.HAL_UARTEx_TxFifoEmptyCallback)
    [Anonymous Symbol]                       0x080028dc   Section        0  stm32g4xx_hal_uart_ex.o(.text.HAL_UARTEx_WakeupCallback)
    [Anonymous Symbol]                       0x080028e0   Section        0  stm32g4xx_hal_uart.o(.text.HAL_UART_AbortReceive)
    [Anonymous Symbol]                       0x0800298c   Section        0  stm32g4xx_hal_uart.o(.text.HAL_UART_ErrorCallback)
    [Anonymous Symbol]                       0x08002990   Section        0  stm32g4xx_hal_uart.o(.text.HAL_UART_IRQHandler)
    [Anonymous Symbol]                       0x08002d50   Section        0  stm32g4xx_hal_uart.o(.text.HAL_UART_Init)
    [Anonymous Symbol]                       0x08002db4   Section        0  usart.o(.text.HAL_UART_MspInit)
    [Anonymous Symbol]                       0x08002fa4   Section        0  stm32g4xx_hal_uart.o(.text.HAL_UART_Receive_DMA)
    [Anonymous Symbol]                       0x08003094   Section        0  stm32g4xx_hal_uart.o(.text.HAL_UART_RxCpltCallback)
    [Anonymous Symbol]                       0x08003098   Section        0  stm32g4xx_hal_uart.o(.text.HAL_UART_RxHalfCpltCallback)
    [Anonymous Symbol]                       0x0800309c   Section        0  stm32g4xx_hal_uart.o(.text.HAL_UART_Transmit)
    [Anonymous Symbol]                       0x08003198   Section        0  stm32g4xx_hal_uart.o(.text.HAL_UART_TxCpltCallback)
    [Anonymous Symbol]                       0x0800319c   Section        0  stm32g4xx_it.o(.text.HardFault_Handler)
    [Anonymous Symbol]                       0x080031a0   Section        0  adc.o(.text.MX_ADC1_Init)
    [Anonymous Symbol]                       0x08003250   Section        0  adc.o(.text.MX_ADC2_Init)
    [Anonymous Symbol]                       0x080032e4   Section        0  dma.o(.text.MX_DMA_Init)
    [Anonymous Symbol]                       0x080033ac   Section        0  gpio.o(.text.MX_GPIO_Init)
    [Anonymous Symbol]                       0x08003508   Section        0  i2c.o(.text.MX_I2C3_Init)
    [Anonymous Symbol]                       0x08003574   Section        0  spi.o(.text.MX_SPI2_Init)
    [Anonymous Symbol]                       0x080035c4   Section        0  usart.o(.text.MX_USART1_UART_Init)
    [Anonymous Symbol]                       0x08003648   Section        0  usart.o(.text.MX_USART2_UART_Init)
    [Anonymous Symbol]                       0x080036cc   Section        0  stm32g4xx_it.o(.text.MemManage_Handler)
    [Anonymous Symbol]                       0x080036d0   Section        0  stm32g4xx_it.o(.text.NMI_Handler)
    [Anonymous Symbol]                       0x080036d4   Section        0  stm32g4xx_it.o(.text.PendSV_Handler)
    [Anonymous Symbol]                       0x080036d8   Section        0  stm32g4xx_it.o(.text.SPI2_IRQHandler)
    SPI_DMAAbortOnError                      0x080036e5   Thumb Code    14  stm32g4xx_hal_spi.o(.text.SPI_DMAAbortOnError)
    [Anonymous Symbol]                       0x080036e4   Section        0  stm32g4xx_hal_spi.o(.text.SPI_DMAAbortOnError)
    SPI_WaitFifoStateUntilTimeout            0x080036f5   Thumb Code   232  stm32g4xx_hal_spi.o(.text.SPI_WaitFifoStateUntilTimeout)
    [Anonymous Symbol]                       0x080036f4   Section        0  stm32g4xx_hal_spi.o(.text.SPI_WaitFifoStateUntilTimeout)
    SPI_WaitFlagStateUntilTimeout            0x080037dd   Thumb Code   180  stm32g4xx_hal_spi.o(.text.SPI_WaitFlagStateUntilTimeout)
    [Anonymous Symbol]                       0x080037dc   Section        0  stm32g4xx_hal_spi.o(.text.SPI_WaitFlagStateUntilTimeout)
    [Anonymous Symbol]                       0x08003890   Section        0  stm32g4xx_it.o(.text.SVC_Handler)
    [Anonymous Symbol]                       0x08003894   Section        0  stm32g4xx_it.o(.text.SysTick_Handler)
    [Anonymous Symbol]                       0x08003898   Section        0  system_stm32g4xx.o(.text.SystemInit)
    [Anonymous Symbol]                       0x080038ac   Section        0  stm32g4xx_hal_uart.o(.text.UART_AdvFeatureConfig)
    [Anonymous Symbol]                       0x08003994   Section        0  stm32g4xx_hal_uart.o(.text.UART_CheckIdleState)
    UART_DMAAbortOnError                     0x08003a55   Thumb Code    12  stm32g4xx_hal_uart.o(.text.UART_DMAAbortOnError)
    [Anonymous Symbol]                       0x08003a54   Section        0  stm32g4xx_hal_uart.o(.text.UART_DMAAbortOnError)
    UART_DMAError                            0x08003a61   Thumb Code   200  stm32g4xx_hal_uart.o(.text.UART_DMAError)
    [Anonymous Symbol]                       0x08003a60   Section        0  stm32g4xx_hal_uart.o(.text.UART_DMAError)
    UART_DMAReceiveCplt                      0x08003b29   Thumb Code   130  stm32g4xx_hal_uart.o(.text.UART_DMAReceiveCplt)
    [Anonymous Symbol]                       0x08003b28   Section        0  stm32g4xx_hal_uart.o(.text.UART_DMAReceiveCplt)
    UART_DMARxHalfCplt                       0x08003bad   Thumb Code    26  stm32g4xx_hal_uart.o(.text.UART_DMARxHalfCplt)
    [Anonymous Symbol]                       0x08003bac   Section        0  stm32g4xx_hal_uart.o(.text.UART_DMARxHalfCplt)
    [Anonymous Symbol]                       0x08003bc8   Section        0  stm32g4xx_hal_uart.o(.text.UART_SetConfig)
    [Anonymous Symbol]                       0x08003e94   Section        0  stm32g4xx_hal_uart.o(.text.UART_WaitOnFlagUntilTimeout)
    [Anonymous Symbol]                       0x08003fdc   Section        0  stm32g4xx_it.o(.text.USART1_IRQHandler)
    [Anonymous Symbol]                       0x08003ff4   Section        0  stm32g4xx_it.o(.text.USART2_IRQHandler)
    [Anonymous Symbol]                       0x0800400c   Section        0  stm32g4xx_it.o(.text.UsageFault_Handler)
    [Anonymous Symbol]                       0x08004010   Section        0  comm.o(.text.bl_cmd_handler)
    [Anonymous Symbol]                       0x08004094   Section        0  bl.o(.text.bl_link_status_check)
    [Anonymous Symbol]                       0x0800413c   Section        0  soft_crc.o(.text.crc32_init)
    [Anonymous Symbol]                       0x0800417c   Section        0  soft_crc.o(.text.crc32_soft)
    [Anonymous Symbol]                       0x080041b0   Section        0  flash_app.o(.text.flash_test)
    [Anonymous Symbol]                       0x08004458   Section        0  usart.o(.text.fputc)
    [Anonymous Symbol]                       0x08004478   Section        0  flash_app.o(.text.get_writted_number)
    [Anonymous Symbol]                       0x080044f8   Section        0  main.o(.text.main)
    [Anonymous Symbol]                       0x080045a8   Section        0  comm.o(.text.send_0b_resp_to_bl)
    [Anonymous Symbol]                       0x0800462c   Section        0  comm.o(.text.start_uart_rx)
    [Anonymous Symbol]                       0x08004678   Section        0  bl.o(.text.u2_task)
    [Anonymous Symbol]                       0x0800469c   Section        0  comm.o(.text.uart1_it_handler)
    [Anonymous Symbol]                       0x080046f0   Section        0  comm.o(.text.uart2_it_handler)
    [Anonymous Symbol]                       0x08004744   Section        0  flash_spi_interface.o(.text.xt25f_chip_erase)
    [Anonymous Symbol]                       0x08004840   Section        0  flash_spi_interface.o(.text.xt25f_erase_sector)
    [Anonymous Symbol]                       0x080048d8   Section        0  flash_spi_interface.o(.text.xt25f_page_program)
    [Anonymous Symbol]                       0x08004a04   Section        0  flash_spi_interface.o(.text.xt25f_read_by_addr)
    [Anonymous Symbol]                       0x08004a94   Section        0  flash_spi_interface.o(.text.xt25f_read_id)
    [Anonymous Symbol]                       0x08004ae8   Section        0  flash_spi_interface.o(.text.xt25f_wait_busy)
    i.__0printf$8                            0x08004b7c   Section        0  printf8.o(i.__0printf$8)
    i.__scatterload_copy                     0x08004b9c   Section       14  handlers.o(i.__scatterload_copy)
    i.__scatterload_null                     0x08004baa   Section        2  handlers.o(i.__scatterload_null)
    i.__scatterload_zeroinit                 0x08004bac   Section       14  handlers.o(i.__scatterload_zeroinit)
    _printf_core                             0x08004bbd   Thumb Code   996  printf8.o(i._printf_core)
    i._printf_core                           0x08004bbc   Section        0  printf8.o(i._printf_core)
    _printf_post_padding                     0x08004fcd   Thumb Code    36  printf8.o(i._printf_post_padding)
    i._printf_post_padding                   0x08004fcc   Section        0  printf8.o(i._printf_post_padding)
    _printf_pre_padding                      0x08004ff1   Thumb Code    46  printf8.o(i._printf_pre_padding)
    i._printf_pre_padding                    0x08004ff0   Section        0  printf8.o(i._printf_pre_padding)
    i.puts                                   0x08005020   Section        0  puts.o(i.puts)
    .Lswitch.table.UART_SetConfig.4          0x08005074   Data          16  stm32g4xx_hal_uart.o(.rodata.cst16)
    UARTEx_SetNbDataToProcess.numerator      0x08005084   Data           8  stm32g4xx_hal_uart_ex.o(.rodata.cst8)
    [Anonymous Symbol]                       0x08005084   Section        0  stm32g4xx_hal_uart_ex.o(.rodata.cst8)
    UARTEx_SetNbDataToProcess.denominator    0x0800508c   Data           8  stm32g4xx_hal_uart_ex.o(.rodata.cst8)
    .L.str.9                                 0x08005094   Data          57  flash_app.o(.rodata.str1.1)
    [Anonymous Symbol]                       0x08005094   Section        0  flash_app.o(.rodata.str1.1)
    .L.str                                   0x080050cd   Data          37  flash_app.o(.rodata.str1.1)
    .L.str.12                                0x080050f2   Data          58  flash_app.o(.rodata.str1.1)
    .L.str.1                                 0x0800512c   Data          39  flash_app.o(.rodata.str1.1)
    .L.str.11                                0x08005153   Data          28  flash_app.o(.rodata.str1.1)
    .L.str.5                                 0x0800516f   Data          45  flash_app.o(.rodata.str1.1)
    .L__func__.find_next_write_addr          0x0800519c   Data          21  flash_app.o(.rodata.str1.1)
    .L__func__.flash_test                    0x080051b1   Data          11  flash_app.o(.rodata.str1.1)
    .L__func__.bl_link_status_check          0x080051bc   Data          21  bl.o(.rodata.str1.1)
    [Anonymous Symbol]                       0x080051bc   Section        0  bl.o(.rodata.str1.1)
    .L.str                                   0x080051d1   Data          30  comm.o(.rodata.str1.1)
    [Anonymous Symbol]                       0x080051d1   Section        0  comm.o(.rodata.str1.1)
    .L__func__.send_saved_data               0x080051ef   Data          16  comm.o(.rodata.str1.1)
    .data                                    0x20000000   Section        4  stdout.o(.data)
    HAL_RCC_ADC12_CLK_ENABLED                0x20000010   Data           4  adc.o(.bss.HAL_RCC_ADC12_CLK_ENABLED)
    [Anonymous Symbol]                       0x20000010   Section        0  adc.o(.bss.HAL_RCC_ADC12_CLK_ENABLED)
    bl_link_status_check.last_run_ts         0x20000018   Data           4  bl.o(.bss.bl_link_status_check.last_run_ts)
    [Anonymous Symbol]                       0x20000018   Section        0  bl.o(.bss.bl_link_status_check.last_run_ts)
    crc32_table                              0x2000001c   Data        1024  soft_crc.o(.bss.crc32_table)
    [Anonymous Symbol]                       0x2000001c   Section        0  soft_crc.o(.bss.crc32_table)
    got_rx                                   0x2000041c   Data           1  comm.o(.bss.got_rx)
    [Anonymous Symbol]                       0x2000041c   Section        0  comm.o(.bss.got_rx)
    STACK                                    0x20000a70   Section     1024  startup_stm32g431xx.o(STACK)

    Global Symbols

    Symbol Name                              Value     Ov Type        Size  Object(Section)

    BuildAttributes$$THM_ISAv4$E$P$D$K$B$S$7EM$VFPi3$EXTD16$VFPS$VFMA$PE$A:L22UL41UL21$X:L11$S22US41US21$IEEE1$IW$~IW$USESV6$~STKCKD$USESV7$~SHL$OTIME$ROPI$EBA8$MICROLIB$REQ8$PRES8$EABIv2 0x00000000   Number         0  anon$$obj.o ABSOLUTE
    _printf_a                                0x00000000   Number         0  printfstubs.o ABSOLUTE
    _printf_c                                0x00000000   Number         0  printfstubs.o ABSOLUTE
    _printf_charcount                        0x00000000   Number         0  printfstubs.o ABSOLUTE
    _printf_d                                0x00000000   Number         0  printfstubs.o ABSOLUTE
    _printf_e                                0x00000000   Number         0  printfstubs.o ABSOLUTE
    _printf_f                                0x00000000   Number         0  printfstubs.o ABSOLUTE
    _printf_flags                            0x00000000   Number         0  printfstubs.o ABSOLUTE
    _printf_fp_dec                           0x00000000   Number         0  printfstubs.o ABSOLUTE
    _printf_fp_hex                           0x00000000   Number         0  printfstubs.o ABSOLUTE
    _printf_g                                0x00000000   Number         0  printfstubs.o ABSOLUTE
    _printf_i                                0x00000000   Number         0  printfstubs.o ABSOLUTE
    _printf_int_dec                          0x00000000   Number         0  printfstubs.o ABSOLUTE
    _printf_l                                0x00000000   Number         0  printfstubs.o ABSOLUTE
    _printf_lc                               0x00000000   Number         0  printfstubs.o ABSOLUTE
    _printf_ll                               0x00000000   Number         0  printfstubs.o ABSOLUTE
    _printf_lld                              0x00000000   Number         0  printfstubs.o ABSOLUTE
    _printf_lli                              0x00000000   Number         0  printfstubs.o ABSOLUTE
    _printf_llo                              0x00000000   Number         0  printfstubs.o ABSOLUTE
    _printf_llu                              0x00000000   Number         0  printfstubs.o ABSOLUTE
    _printf_llx                              0x00000000   Number         0  printfstubs.o ABSOLUTE
    _printf_longlong_dec                     0x00000000   Number         0  printfstubs.o ABSOLUTE
    _printf_longlong_hex                     0x00000000   Number         0  printfstubs.o ABSOLUTE
    _printf_longlong_oct                     0x00000000   Number         0  printfstubs.o ABSOLUTE
    _printf_ls                               0x00000000   Number         0  printfstubs.o ABSOLUTE
    _printf_mbtowc                           0x00000000   Number         0  printfstubs.o ABSOLUTE
    _printf_n                                0x00000000   Number         0  printfstubs.o ABSOLUTE
    _printf_o                                0x00000000   Number         0  printfstubs.o ABSOLUTE
    _printf_p                                0x00000000   Number         0  printfstubs.o ABSOLUTE
    _printf_percent                          0x00000000   Number         0  printfstubs.o ABSOLUTE
    _printf_pre_padding                      0x00000000   Number         0  printfstubs.o ABSOLUTE
    _printf_return_value                     0x00000000   Number         0  printfstubs.o ABSOLUTE
    _printf_s                                0x00000000   Number         0  printfstubs.o ABSOLUTE
    _printf_sizespec                         0x00000000   Number         0  printfstubs.o ABSOLUTE
    _printf_str                              0x00000000   Number         0  printfstubs.o ABSOLUTE
    _printf_truncate_signed                  0x00000000   Number         0  printfstubs.o ABSOLUTE
    _printf_truncate_unsigned                0x00000000   Number         0  printfstubs.o ABSOLUTE
    _printf_u                                0x00000000   Number         0  printfstubs.o ABSOLUTE
    _printf_wc                               0x00000000   Number         0  printfstubs.o ABSOLUTE
    _printf_wctomb                           0x00000000   Number         0  printfstubs.o ABSOLUTE
    _printf_widthprec                        0x00000000   Number         0  printfstubs.o ABSOLUTE
    _printf_x                                0x00000000   Number         0  printfstubs.o ABSOLUTE
    __cpp_initialize__aeabi_                  - Undefined Weak Reference
    __cxa_finalize                            - Undefined Weak Reference
    __decompress                              - Undefined Weak Reference
    _clock_init                               - Undefined Weak Reference
    _microlib_exit                            - Undefined Weak Reference
    __Vectors_Size                           0x000001d8   Number         0  startup_stm32g431xx.o ABSOLUTE
    __Vectors                                0x08000000   Data           4  startup_stm32g431xx.o(RESET)
    __Vectors_End                            0x080001d8   Data           0  startup_stm32g431xx.o(RESET)
    __main                                   0x080001d9   Thumb Code     0  entry.o(.ARM.Collect$$$$00000000)
    _main_stk                                0x080001d9   Thumb Code     0  entry2.o(.ARM.Collect$$$$00000001)
    _main_scatterload                        0x080001dd   Thumb Code     0  entry5.o(.ARM.Collect$$$$00000004)
    __main_after_scatterload                 0x080001e1   Thumb Code     0  entry5.o(.ARM.Collect$$$$00000004)
    _main_clock                              0x080001e1   Thumb Code     0  entry7b.o(.ARM.Collect$$$$00000008)
    _main_cpp_init                           0x080001e1   Thumb Code     0  entry8b.o(.ARM.Collect$$$$0000000A)
    _main_init                               0x080001e1   Thumb Code     0  entry9a.o(.ARM.Collect$$$$0000000B)
    __rt_final_cpp                           0x080001e9   Thumb Code     0  entry10a.o(.ARM.Collect$$$$0000000D)
    __rt_final_exit                          0x080001e9   Thumb Code     0  entry11a.o(.ARM.Collect$$$$0000000F)
    Reset_Handler                            0x080001ed   Thumb Code     8  startup_stm32g431xx.o(.text)
    ADC1_2_IRQHandler                        0x08000207   Thumb Code     0  startup_stm32g431xx.o(.text)
    COMP1_2_3_IRQHandler                     0x08000207   Thumb Code     0  startup_stm32g431xx.o(.text)
    COMP4_IRQHandler                         0x08000207   Thumb Code     0  startup_stm32g431xx.o(.text)
    CORDIC_IRQHandler                        0x08000207   Thumb Code     0  startup_stm32g431xx.o(.text)
    CRS_IRQHandler                           0x08000207   Thumb Code     0  startup_stm32g431xx.o(.text)
    DMA2_Channel3_IRQHandler                 0x08000207   Thumb Code     0  startup_stm32g431xx.o(.text)
    DMA2_Channel4_IRQHandler                 0x08000207   Thumb Code     0  startup_stm32g431xx.o(.text)
    DMA2_Channel5_IRQHandler                 0x08000207   Thumb Code     0  startup_stm32g431xx.o(.text)
    DMA2_Channel6_IRQHandler                 0x08000207   Thumb Code     0  startup_stm32g431xx.o(.text)
    DMAMUX_OVR_IRQHandler                    0x08000207   Thumb Code     0  startup_stm32g431xx.o(.text)
    EXTI0_IRQHandler                         0x08000207   Thumb Code     0  startup_stm32g431xx.o(.text)
    EXTI15_10_IRQHandler                     0x08000207   Thumb Code     0  startup_stm32g431xx.o(.text)
    EXTI1_IRQHandler                         0x08000207   Thumb Code     0  startup_stm32g431xx.o(.text)
    EXTI2_IRQHandler                         0x08000207   Thumb Code     0  startup_stm32g431xx.o(.text)
    EXTI3_IRQHandler                         0x08000207   Thumb Code     0  startup_stm32g431xx.o(.text)
    EXTI4_IRQHandler                         0x08000207   Thumb Code     0  startup_stm32g431xx.o(.text)
    EXTI9_5_IRQHandler                       0x08000207   Thumb Code     0  startup_stm32g431xx.o(.text)
    FDCAN1_IT0_IRQHandler                    0x08000207   Thumb Code     0  startup_stm32g431xx.o(.text)
    FDCAN1_IT1_IRQHandler                    0x08000207   Thumb Code     0  startup_stm32g431xx.o(.text)
    FLASH_IRQHandler                         0x08000207   Thumb Code     0  startup_stm32g431xx.o(.text)
    FMAC_IRQHandler                          0x08000207   Thumb Code     0  startup_stm32g431xx.o(.text)
    FPU_IRQHandler                           0x08000207   Thumb Code     0  startup_stm32g431xx.o(.text)
    I2C1_ER_IRQHandler                       0x08000207   Thumb Code     0  startup_stm32g431xx.o(.text)
    I2C1_EV_IRQHandler                       0x08000207   Thumb Code     0  startup_stm32g431xx.o(.text)
    I2C2_ER_IRQHandler                       0x08000207   Thumb Code     0  startup_stm32g431xx.o(.text)
    I2C2_EV_IRQHandler                       0x08000207   Thumb Code     0  startup_stm32g431xx.o(.text)
    I2C3_ER_IRQHandler                       0x08000207   Thumb Code     0  startup_stm32g431xx.o(.text)
    I2C3_EV_IRQHandler                       0x08000207   Thumb Code     0  startup_stm32g431xx.o(.text)
    LPTIM1_IRQHandler                        0x08000207   Thumb Code     0  startup_stm32g431xx.o(.text)
    LPUART1_IRQHandler                       0x08000207   Thumb Code     0  startup_stm32g431xx.o(.text)
    PVD_PVM_IRQHandler                       0x08000207   Thumb Code     0  startup_stm32g431xx.o(.text)
    RCC_IRQHandler                           0x08000207   Thumb Code     0  startup_stm32g431xx.o(.text)
    RNG_IRQHandler                           0x08000207   Thumb Code     0  startup_stm32g431xx.o(.text)
    RTC_Alarm_IRQHandler                     0x08000207   Thumb Code     0  startup_stm32g431xx.o(.text)
    RTC_TAMP_LSECSS_IRQHandler               0x08000207   Thumb Code     0  startup_stm32g431xx.o(.text)
    RTC_WKUP_IRQHandler                      0x08000207   Thumb Code     0  startup_stm32g431xx.o(.text)
    SAI1_IRQHandler                          0x08000207   Thumb Code     0  startup_stm32g431xx.o(.text)
    SPI1_IRQHandler                          0x08000207   Thumb Code     0  startup_stm32g431xx.o(.text)
    SPI3_IRQHandler                          0x08000207   Thumb Code     0  startup_stm32g431xx.o(.text)
    TIM1_BRK_TIM15_IRQHandler                0x08000207   Thumb Code     0  startup_stm32g431xx.o(.text)
    TIM1_CC_IRQHandler                       0x08000207   Thumb Code     0  startup_stm32g431xx.o(.text)
    TIM1_TRG_COM_TIM17_IRQHandler            0x08000207   Thumb Code     0  startup_stm32g431xx.o(.text)
    TIM1_UP_TIM16_IRQHandler                 0x08000207   Thumb Code     0  startup_stm32g431xx.o(.text)
    TIM2_IRQHandler                          0x08000207   Thumb Code     0  startup_stm32g431xx.o(.text)
    TIM3_IRQHandler                          0x08000207   Thumb Code     0  startup_stm32g431xx.o(.text)
    TIM4_IRQHandler                          0x08000207   Thumb Code     0  startup_stm32g431xx.o(.text)
    TIM6_DAC_IRQHandler                      0x08000207   Thumb Code     0  startup_stm32g431xx.o(.text)
    TIM7_IRQHandler                          0x08000207   Thumb Code     0  startup_stm32g431xx.o(.text)
    TIM8_BRK_IRQHandler                      0x08000207   Thumb Code     0  startup_stm32g431xx.o(.text)
    TIM8_CC_IRQHandler                       0x08000207   Thumb Code     0  startup_stm32g431xx.o(.text)
    TIM8_TRG_COM_IRQHandler                  0x08000207   Thumb Code     0  startup_stm32g431xx.o(.text)
    TIM8_UP_IRQHandler                       0x08000207   Thumb Code     0  startup_stm32g431xx.o(.text)
    UART4_IRQHandler                         0x08000207   Thumb Code     0  startup_stm32g431xx.o(.text)
    UCPD1_IRQHandler                         0x08000207   Thumb Code     0  startup_stm32g431xx.o(.text)
    USART3_IRQHandler                        0x08000207   Thumb Code     0  startup_stm32g431xx.o(.text)
    USBWakeUp_IRQHandler                     0x08000207   Thumb Code     0  startup_stm32g431xx.o(.text)
    USB_HP_IRQHandler                        0x08000207   Thumb Code     0  startup_stm32g431xx.o(.text)
    USB_LP_IRQHandler                        0x08000207   Thumb Code     0  startup_stm32g431xx.o(.text)
    WWDG_IRQHandler                          0x08000207   Thumb Code     0  startup_stm32g431xx.o(.text)
    __aeabi_uldivmod                         0x08000211   Thumb Code    98  uldiv.o(.text)
    __aeabi_memcpy                           0x08000273   Thumb Code    36  memcpya.o(.text)
    __aeabi_memcpy4                          0x08000273   Thumb Code     0  memcpya.o(.text)
    __aeabi_memcpy8                          0x08000273   Thumb Code     0  memcpya.o(.text)
    __aeabi_memset                           0x08000297   Thumb Code    14  memseta.o(.text)
    __aeabi_memset4                          0x08000297   Thumb Code     0  memseta.o(.text)
    __aeabi_memset8                          0x08000297   Thumb Code     0  memseta.o(.text)
    __aeabi_memclr                           0x080002a5   Thumb Code     4  memseta.o(.text)
    __aeabi_memclr4                          0x080002a5   Thumb Code     0  memseta.o(.text)
    __aeabi_memclr8                          0x080002a5   Thumb Code     0  memseta.o(.text)
    _memset$wrapper                          0x080002a9   Thumb Code    18  memseta.o(.text)
    __aeabi_llsl                             0x080002bb   Thumb Code    30  llshl.o(.text)
    _ll_shift_l                              0x080002bb   Thumb Code     0  llshl.o(.text)
    __aeabi_llsr                             0x080002d9   Thumb Code    32  llushr.o(.text)
    _ll_ushift_r                             0x080002d9   Thumb Code     0  llushr.o(.text)
    __scatterload                            0x080002f9   Thumb Code    28  init.o(.text)
    __scatterload_rt2                        0x080002f9   Thumb Code     0  init.o(.text)
    BusFault_Handler                         0x0800031d   Thumb Code     2  stm32g4xx_it.o(.text.BusFault_Handler)
    DMA1_Channel1_IRQHandler                 0x08000321   Thumb Code    12  stm32g4xx_it.o(.text.DMA1_Channel1_IRQHandler)
    DMA1_Channel2_IRQHandler                 0x0800032d   Thumb Code    12  stm32g4xx_it.o(.text.DMA1_Channel2_IRQHandler)
    DMA1_Channel3_IRQHandler                 0x08000339   Thumb Code    12  stm32g4xx_it.o(.text.DMA1_Channel3_IRQHandler)
    DMA1_Channel4_IRQHandler                 0x08000345   Thumb Code    12  stm32g4xx_it.o(.text.DMA1_Channel4_IRQHandler)
    DMA1_Channel5_IRQHandler                 0x08000351   Thumb Code    12  stm32g4xx_it.o(.text.DMA1_Channel5_IRQHandler)
    DMA1_Channel6_IRQHandler                 0x0800035d   Thumb Code    12  stm32g4xx_it.o(.text.DMA1_Channel6_IRQHandler)
    DMA2_Channel1_IRQHandler                 0x08000369   Thumb Code    12  stm32g4xx_it.o(.text.DMA2_Channel1_IRQHandler)
    DMA2_Channel2_IRQHandler                 0x08000375   Thumb Code    12  stm32g4xx_it.o(.text.DMA2_Channel2_IRQHandler)
    DebugMon_Handler                         0x08000381   Thumb Code     2  stm32g4xx_it.o(.text.DebugMon_Handler)
    Error_Handler                            0x08000385   Thumb Code    10  main.o(.text.Error_Handler)
    HAL_ADCEx_MultiModeConfigChannel         0x08000391   Thumb Code   190  stm32g4xx_hal_adc_ex.o(.text.HAL_ADCEx_MultiModeConfigChannel)
    HAL_ADC_ConfigChannel                    0x08000451   Thumb Code   822  stm32g4xx_hal_adc.o(.text.HAL_ADC_ConfigChannel)
    HAL_ADC_Init                             0x08000789   Thumb Code   518  stm32g4xx_hal_adc.o(.text.HAL_ADC_Init)
    HAL_ADC_MspInit                          0x08000991   Thumb Code   346  adc.o(.text.HAL_ADC_MspInit)
    HAL_DMA_Abort                            0x08000aed   Thumb Code   110  stm32g4xx_hal_dma.o(.text.HAL_DMA_Abort)
    HAL_DMA_Abort_IT                         0x08000b5d   Thumb Code   122  stm32g4xx_hal_dma.o(.text.HAL_DMA_Abort_IT)
    HAL_DMA_GetError                         0x08000bd9   Thumb Code     4  stm32g4xx_hal_dma.o(.text.HAL_DMA_GetError)
    HAL_DMA_IRQHandler                       0x08000bdd   Thumb Code   166  stm32g4xx_hal_dma.o(.text.HAL_DMA_IRQHandler)
    HAL_DMA_Init                             0x08000c85   Thumb Code   292  stm32g4xx_hal_dma.o(.text.HAL_DMA_Init)
    HAL_DMA_Start_IT                         0x08000da9   Thumb Code   226  stm32g4xx_hal_dma.o(.text.HAL_DMA_Start_IT)
    HAL_GPIO_Init                            0x08000e8d   Thumb Code   414  stm32g4xx_hal_gpio.o(.text.HAL_GPIO_Init)
    HAL_GPIO_ReadPin                         0x0800102d   Thumb Code    10  stm32g4xx_hal_gpio.o(.text.HAL_GPIO_ReadPin)
    HAL_GPIO_WritePin                        0x08001039   Thumb Code    12  stm32g4xx_hal_gpio.o(.text.HAL_GPIO_WritePin)
    HAL_GetTick                              0x08001045   Thumb Code    12  stm32g4xx_hal.o(.text.HAL_GetTick)
    HAL_I2CEx_ConfigAnalogFilter             0x08001051   Thumb Code    74  stm32g4xx_hal_i2c_ex.o(.text.HAL_I2CEx_ConfigAnalogFilter)
    HAL_I2CEx_ConfigDigitalFilter            0x0800109d   Thumb Code    72  stm32g4xx_hal_i2c_ex.o(.text.HAL_I2CEx_ConfigDigitalFilter)
    HAL_I2C_Init                             0x080010e5   Thumb Code   166  stm32g4xx_hal_i2c.o(.text.HAL_I2C_Init)
    HAL_I2C_MspInit                          0x0800118d   Thumb Code   188  i2c.o(.text.HAL_I2C_MspInit)
    HAL_IncTick                              0x08001249   Thumb Code    26  stm32g4xx_hal.o(.text.HAL_IncTick)
    HAL_Init                                 0x08001265   Thumb Code    30  stm32g4xx_hal.o(.text.HAL_Init)
    HAL_InitTick                             0x08001285   Thumb Code    84  stm32g4xx_hal.o(.text.HAL_InitTick)
    HAL_MspInit                              0x080012d9   Thumb Code    52  stm32g4xx_hal_msp.o(.text.HAL_MspInit)
    HAL_NVIC_EnableIRQ                       0x0800130d   Thumb Code    32  stm32g4xx_hal_cortex.o(.text.HAL_NVIC_EnableIRQ)
    HAL_NVIC_SetPriority                     0x0800132d   Thumb Code    86  stm32g4xx_hal_cortex.o(.text.HAL_NVIC_SetPriority)
    HAL_NVIC_SetPriorityGrouping             0x08001385   Thumb Code    32  stm32g4xx_hal_cortex.o(.text.HAL_NVIC_SetPriorityGrouping)
    HAL_PWREx_ControlVoltageScaling          0x080013a5   Thumb Code   262  stm32g4xx_hal_pwr_ex.o(.text.HAL_PWREx_ControlVoltageScaling)
    HAL_PWREx_DisableUCPDDeadBattery         0x080014ad   Thumb Code    18  stm32g4xx_hal_pwr_ex.o(.text.HAL_PWREx_DisableUCPDDeadBattery)
    HAL_RCCEx_PeriphCLKConfig                0x080014c1   Thumb Code   658  stm32g4xx_hal_rcc_ex.o(.text.HAL_RCCEx_PeriphCLKConfig)
    HAL_RCC_ClockConfig                      0x08001755   Thumb Code   802  stm32g4xx_hal_rcc.o(.text.HAL_RCC_ClockConfig)
    HAL_RCC_GetPCLK1Freq                     0x08001a79   Thumb Code    42  stm32g4xx_hal_rcc.o(.text.HAL_RCC_GetPCLK1Freq)
    HAL_RCC_GetPCLK2Freq                     0x08001aa5   Thumb Code    42  stm32g4xx_hal_rcc.o(.text.HAL_RCC_GetPCLK2Freq)
    HAL_RCC_GetSysClockFreq                  0x08001ad1   Thumb Code   126  stm32g4xx_hal_rcc.o(.text.HAL_RCC_GetSysClockFreq)
    HAL_RCC_OscConfig                        0x08001b51   Thumb Code  1146  stm32g4xx_hal_rcc.o(.text.HAL_RCC_OscConfig)
    HAL_SPI_ErrorCallback                    0x08001fcd   Thumb Code     2  stm32g4xx_hal_spi.o(.text.HAL_SPI_ErrorCallback)
    HAL_SPI_IRQHandler                       0x08001fd1   Thumb Code   280  stm32g4xx_hal_spi.o(.text.HAL_SPI_IRQHandler)
    HAL_SPI_Init                             0x080020e9   Thumb Code   226  stm32g4xx_hal_spi.o(.text.HAL_SPI_Init)
    HAL_SPI_MspInit                          0x080021cd   Thumb Code   248  spi.o(.text.HAL_SPI_MspInit)
    HAL_SPI_Transmit                         0x080022c5   Thumb Code   486  stm32g4xx_hal_spi.o(.text.HAL_SPI_Transmit)
    HAL_SPI_TransmitReceive                  0x080024ad   Thumb Code   664  stm32g4xx_hal_spi.o(.text.HAL_SPI_TransmitReceive)
    HAL_SYSTICK_Config                       0x08002745   Thumb Code    44  stm32g4xx_hal_cortex.o(.text.HAL_SYSTICK_Config)
    HAL_UARTEx_DisableFifoMode               0x08002771   Thumb Code    54  stm32g4xx_hal_uart_ex.o(.text.HAL_UARTEx_DisableFifoMode)
    HAL_UARTEx_RxEventCallback               0x080027a9   Thumb Code     2  stm32g4xx_hal_uart.o(.text.HAL_UARTEx_RxEventCallback)
    HAL_UARTEx_RxFifoFullCallback            0x080027ad   Thumb Code     2  stm32g4xx_hal_uart_ex.o(.text.HAL_UARTEx_RxFifoFullCallback)
    HAL_UARTEx_SetRxFifoThreshold            0x080027b1   Thumb Code   146  stm32g4xx_hal_uart_ex.o(.text.HAL_UARTEx_SetRxFifoThreshold)
    HAL_UARTEx_SetTxFifoThreshold            0x08002845   Thumb Code   146  stm32g4xx_hal_uart_ex.o(.text.HAL_UARTEx_SetTxFifoThreshold)
    HAL_UARTEx_TxFifoEmptyCallback           0x080028d9   Thumb Code     2  stm32g4xx_hal_uart_ex.o(.text.HAL_UARTEx_TxFifoEmptyCallback)
    HAL_UARTEx_WakeupCallback                0x080028dd   Thumb Code     2  stm32g4xx_hal_uart_ex.o(.text.HAL_UARTEx_WakeupCallback)
    HAL_UART_AbortReceive                    0x080028e1   Thumb Code   172  stm32g4xx_hal_uart.o(.text.HAL_UART_AbortReceive)
    HAL_UART_ErrorCallback                   0x0800298d   Thumb Code     2  stm32g4xx_hal_uart.o(.text.HAL_UART_ErrorCallback)
    HAL_UART_IRQHandler                      0x08002991   Thumb Code   960  stm32g4xx_hal_uart.o(.text.HAL_UART_IRQHandler)
    HAL_UART_Init                            0x08002d51   Thumb Code   100  stm32g4xx_hal_uart.o(.text.HAL_UART_Init)
    HAL_UART_MspInit                         0x08002db5   Thumb Code   494  usart.o(.text.HAL_UART_MspInit)
    HAL_UART_Receive_DMA                     0x08002fa5   Thumb Code   240  stm32g4xx_hal_uart.o(.text.HAL_UART_Receive_DMA)
    HAL_UART_RxCpltCallback                  0x08003095   Thumb Code     2  stm32g4xx_hal_uart.o(.text.HAL_UART_RxCpltCallback)
    HAL_UART_RxHalfCpltCallback              0x08003099   Thumb Code     2  stm32g4xx_hal_uart.o(.text.HAL_UART_RxHalfCpltCallback)
    HAL_UART_Transmit                        0x0800309d   Thumb Code   250  stm32g4xx_hal_uart.o(.text.HAL_UART_Transmit)
    HAL_UART_TxCpltCallback                  0x08003199   Thumb Code     2  stm32g4xx_hal_uart.o(.text.HAL_UART_TxCpltCallback)
    HardFault_Handler                        0x0800319d   Thumb Code     2  stm32g4xx_it.o(.text.HardFault_Handler)
    MX_ADC1_Init                             0x080031a1   Thumb Code   176  adc.o(.text.MX_ADC1_Init)
    MX_ADC2_Init                             0x08003251   Thumb Code   146  adc.o(.text.MX_ADC2_Init)
    MX_DMA_Init                              0x080032e5   Thumb Code   200  dma.o(.text.MX_DMA_Init)
    MX_GPIO_Init                             0x080033ad   Thumb Code   348  gpio.o(.text.MX_GPIO_Init)
    MX_I2C3_Init                             0x08003509   Thumb Code   108  i2c.o(.text.MX_I2C3_Init)
    MX_SPI2_Init                             0x08003575   Thumb Code    78  spi.o(.text.MX_SPI2_Init)
    MX_USART1_UART_Init                      0x080035c5   Thumb Code   130  usart.o(.text.MX_USART1_UART_Init)
    MX_USART2_UART_Init                      0x08003649   Thumb Code   130  usart.o(.text.MX_USART2_UART_Init)
    MemManage_Handler                        0x080036cd   Thumb Code     2  stm32g4xx_it.o(.text.MemManage_Handler)
    NMI_Handler                              0x080036d1   Thumb Code     2  stm32g4xx_it.o(.text.NMI_Handler)
    PendSV_Handler                           0x080036d5   Thumb Code     2  stm32g4xx_it.o(.text.PendSV_Handler)
    SPI2_IRQHandler                          0x080036d9   Thumb Code    12  stm32g4xx_it.o(.text.SPI2_IRQHandler)
    SVC_Handler                              0x08003891   Thumb Code     2  stm32g4xx_it.o(.text.SVC_Handler)
    SysTick_Handler                          0x08003895   Thumb Code     4  stm32g4xx_it.o(.text.SysTick_Handler)
    SystemInit                               0x08003899   Thumb Code    18  system_stm32g4xx.o(.text.SystemInit)
    UART_AdvFeatureConfig                    0x080038ad   Thumb Code   230  stm32g4xx_hal_uart.o(.text.UART_AdvFeatureConfig)
    UART_CheckIdleState                      0x08003995   Thumb Code   192  stm32g4xx_hal_uart.o(.text.UART_CheckIdleState)
    UART_SetConfig                           0x08003bc9   Thumb Code   700  stm32g4xx_hal_uart.o(.text.UART_SetConfig)
    UART_WaitOnFlagUntilTimeout              0x08003e95   Thumb Code   326  stm32g4xx_hal_uart.o(.text.UART_WaitOnFlagUntilTimeout)
    USART1_IRQHandler                        0x08003fdd   Thumb Code    22  stm32g4xx_it.o(.text.USART1_IRQHandler)
    USART2_IRQHandler                        0x08003ff5   Thumb Code    22  stm32g4xx_it.o(.text.USART2_IRQHandler)
    UsageFault_Handler                       0x0800400d   Thumb Code     2  stm32g4xx_it.o(.text.UsageFault_Handler)
    bl_cmd_handler                           0x08004011   Thumb Code    80  comm.o(.text.bl_cmd_handler)
    bl_link_status_check                     0x08004095   Thumb Code   108  bl.o(.text.bl_link_status_check)
    crc32_init                               0x0800413d   Thumb Code    62  soft_crc.o(.text.crc32_init)
    crc32_soft                               0x0800417d   Thumb Code    50  soft_crc.o(.text.crc32_soft)
    flash_test                               0x080041b1   Thumb Code   552  flash_app.o(.text.flash_test)
    fputc                                    0x08004459   Thumb Code    32  usart.o(.text.fputc)
    get_writted_number                       0x08004479   Thumb Code   100  flash_app.o(.text.get_writted_number)
    main                                     0x080044f9   Thumb Code   174  main.o(.text.main)
    send_0b_resp_to_bl                       0x080045a9   Thumb Code   132  comm.o(.text.send_0b_resp_to_bl)
    start_uart_rx                            0x0800462d   Thumb Code    76  comm.o(.text.start_uart_rx)
    u2_task                                  0x08004679   Thumb Code    36  bl.o(.text.u2_task)
    uart1_it_handler                         0x0800469d   Thumb Code    84  comm.o(.text.uart1_it_handler)
    uart2_it_handler                         0x080046f1   Thumb Code    84  comm.o(.text.uart2_it_handler)
    xt25f_chip_erase                         0x08004745   Thumb Code   172  flash_spi_interface.o(.text.xt25f_chip_erase)
    xt25f_erase_sector                       0x08004841   Thumb Code   150  flash_spi_interface.o(.text.xt25f_erase_sector)
    xt25f_page_program                       0x080048d9   Thumb Code   236  flash_spi_interface.o(.text.xt25f_page_program)
    xt25f_read_by_addr                       0x08004a05   Thumb Code   142  flash_spi_interface.o(.text.xt25f_read_by_addr)
    xt25f_read_id                            0x08004a95   Thumb Code    82  flash_spi_interface.o(.text.xt25f_read_id)
    xt25f_wait_busy                          0x08004ae9   Thumb Code   146  flash_spi_interface.o(.text.xt25f_wait_busy)
    __0printf$8                              0x08004b7d   Thumb Code    22  printf8.o(i.__0printf$8)
    __1printf$8                              0x08004b7d   Thumb Code     0  printf8.o(i.__0printf$8)
    __2printf                                0x08004b7d   Thumb Code     0  printf8.o(i.__0printf$8)
    __scatterload_copy                       0x08004b9d   Thumb Code    14  handlers.o(i.__scatterload_copy)
    __scatterload_null                       0x08004bab   Thumb Code     2  handlers.o(i.__scatterload_null)
    __scatterload_zeroinit                   0x08004bad   Thumb Code    14  handlers.o(i.__scatterload_zeroinit)
    puts                                     0x08005021   Thumb Code    30  puts.o(i.puts)
    AHBPrescTable                            0x08005044   Data          16  system_stm32g4xx.o(.rodata.AHBPrescTable)
    APBPrescTable                            0x08005054   Data           8  system_stm32g4xx.o(.rodata.APBPrescTable)
    UARTPrescTable                           0x0800505c   Data          24  stm32g4xx_hal_uart.o(.rodata.UARTPrescTable)
    Region$$Table$$Base                      0x08005200   Number         0  anon$$obj.o(Region$$Table)
    Region$$Table$$Limit                     0x08005220   Number         0  anon$$obj.o(Region$$Table)
    __stdout                                 0x20000000   Data           4  stdout.o(.data)
    SystemCoreClock                          0x20000004   Data           4  system_stm32g4xx.o(.data.SystemCoreClock)
    uwTickFreq                               0x20000008   Data           4  stm32g4xx_hal.o(.data.uwTickFreq)
    uwTickPrio                               0x2000000c   Data           4  stm32g4xx_hal.o(.data.uwTickPrio)
    bl_conn_status                           0x20000014   Data           1  bl.o(.bss.bl_conn_status)
    got_rx_u2                                0x2000041d   Data           1  comm.o(.bss.got_rx_u2)
    hadc1                                    0x20000420   Data         108  adc.o(.bss.hadc1)
    hadc2                                    0x2000048c   Data         108  adc.o(.bss.hadc2)
    hdma_adc1                                0x200004f8   Data          96  adc.o(.bss.hdma_adc1)
    hdma_adc2                                0x20000558   Data          96  adc.o(.bss.hdma_adc2)
    hdma_spi2_rx                             0x200005b8   Data          96  spi.o(.bss.hdma_spi2_rx)
    hdma_spi2_tx                             0x20000618   Data          96  spi.o(.bss.hdma_spi2_tx)
    hdma_usart1_rx                           0x20000678   Data          96  usart.o(.bss.hdma_usart1_rx)
    hdma_usart1_tx                           0x200006d8   Data          96  usart.o(.bss.hdma_usart1_tx)
    hdma_usart2_rx                           0x20000738   Data          96  usart.o(.bss.hdma_usart2_rx)
    hdma_usart2_tx                           0x20000798   Data          96  usart.o(.bss.hdma_usart2_tx)
    hi2c3                                    0x200007f8   Data          84  i2c.o(.bss.hi2c3)
    hspi2                                    0x2000084c   Data         100  spi.o(.bss.hspi2)
    huart1                                   0x200008b0   Data         148  usart.o(.bss.huart1)
    huart2                                   0x20000944   Data         148  usart.o(.bss.huart2)
    tx_buf                                   0x200009d8   Data          20  comm.o(.bss.tx_buf)
    uart1_rx_buf                             0x200009ec   Data          64  comm.o(.bss.uart1_rx_buf)
    uart2_rx_buf                             0x20000a2c   Data          64  comm.o(.bss.uart2_rx_buf)
    uwTick                                   0x20000a6c   Data           4  stm32g4xx_hal.o(.bss.uwTick)
    __initial_sp                             0x20000e70   Data           0  startup_stm32g431xx.o(STACK)



==============================================================================

Memory Map of the image

  Image Entry point : 0x080001d9

  Load Region LR_IROM1 (Base: 0x08000000, Size: 0x00005230, Max: 0x00020000, ABSOLUTE)

    Execution Region ER_IROM1 (Exec base: 0x08000000, Load base: 0x08000000, Size: 0x00005220, Max: 0x00020000, ABSOLUTE)

    Exec Addr    Load Addr    Size         Type   Attr      Idx    E Section Name        Object

    0x08000000   0x08000000   0x000001d8   Data   RO            3    RESET               startup_stm32g431xx.o
    0x080001d8   0x080001d8   0x00000000   Code   RO         1509  * .ARM.Collect$$$$00000000  mc_w.l(entry.o)
    0x080001d8   0x080001d8   0x00000004   Code   RO         1787    .ARM.Collect$$$$00000001  mc_w.l(entry2.o)
    0x080001dc   0x080001dc   0x00000004   Code   RO         1790    .ARM.Collect$$$$00000004  mc_w.l(entry5.o)
    0x080001e0   0x080001e0   0x00000000   Code   RO         1792    .ARM.Collect$$$$00000008  mc_w.l(entry7b.o)
    0x080001e0   0x080001e0   0x00000000   Code   RO         1794    .ARM.Collect$$$$0000000A  mc_w.l(entry8b.o)
    0x080001e0   0x080001e0   0x00000008   Code   RO         1795    .ARM.Collect$$$$0000000B  mc_w.l(entry9a.o)
    0x080001e8   0x080001e8   0x00000000   Code   RO         1797    .ARM.Collect$$$$0000000D  mc_w.l(entry10a.o)
    0x080001e8   0x080001e8   0x00000000   Code   RO         1799    .ARM.Collect$$$$0000000F  mc_w.l(entry11a.o)
    0x080001e8   0x080001e8   0x00000004   Code   RO         1788    .ARM.Collect$$$$00002712  mc_w.l(entry2.o)
    0x080001ec   0x080001ec   0x00000024   Code   RO            4    .text               startup_stm32g431xx.o
    0x08000210   0x08000210   0x00000062   Code   RO         1516    .text               mc_w.l(uldiv.o)
    0x08000272   0x08000272   0x00000024   Code   RO         1518    .text               mc_w.l(memcpya.o)
    0x08000296   0x08000296   0x00000024   Code   RO         1520    .text               mc_w.l(memseta.o)
    0x080002ba   0x080002ba   0x0000001e   Code   RO         1813    .text               mc_w.l(llshl.o)
    0x080002d8   0x080002d8   0x00000020   Code   RO         1815    .text               mc_w.l(llushr.o)
    0x080002f8   0x080002f8   0x00000024   Code   RO         1828    .text               mc_w.l(init.o)
    0x0800031c   0x0800031c   0x00000002   Code   RO          318    .text.BusFault_Handler  stm32g4xx_it.o
    0x0800031e   0x0800031e   0x00000002   PAD
    0x08000320   0x08000320   0x0000000c   Code   RO          330    .text.DMA1_Channel1_IRQHandler  stm32g4xx_it.o
    0x0800032c   0x0800032c   0x0000000c   Code   RO          332    .text.DMA1_Channel2_IRQHandler  stm32g4xx_it.o
    0x08000338   0x08000338   0x0000000c   Code   RO          334    .text.DMA1_Channel3_IRQHandler  stm32g4xx_it.o
    0x08000344   0x08000344   0x0000000c   Code   RO          336    .text.DMA1_Channel4_IRQHandler  stm32g4xx_it.o
    0x08000350   0x08000350   0x0000000c   Code   RO          338    .text.DMA1_Channel5_IRQHandler  stm32g4xx_it.o
    0x0800035c   0x0800035c   0x0000000c   Code   RO          340    .text.DMA1_Channel6_IRQHandler  stm32g4xx_it.o
    0x08000368   0x08000368   0x0000000c   Code   RO          348    .text.DMA2_Channel1_IRQHandler  stm32g4xx_it.o
    0x08000374   0x08000374   0x0000000c   Code   RO          350    .text.DMA2_Channel2_IRQHandler  stm32g4xx_it.o
    0x08000380   0x08000380   0x00000002   Code   RO          324    .text.DebugMon_Handler  stm32g4xx_it.o
    0x08000382   0x08000382   0x00000002   PAD
    0x08000384   0x08000384   0x0000000a   Code   RO          207    .text.Error_Handler  main.o
    0x0800038e   0x0800038e   0x00000002   PAD
    0x08000390   0x08000390   0x000000be   Code   RO          479    .text.HAL_ADCEx_MultiModeConfigChannel  stm32g4xx_hal_adc_ex.o
    0x0800044e   0x0800044e   0x00000002   PAD
    0x08000450   0x08000450   0x00000336   Code   RO          419    .text.HAL_ADC_ConfigChannel  stm32g4xx_hal_adc.o
    0x08000786   0x08000786   0x00000002   PAD
    0x08000788   0x08000788   0x00000206   Code   RO          367    .text.HAL_ADC_Init  stm32g4xx_hal_adc.o
    0x0800098e   0x0800098e   0x00000002   PAD
    0x08000990   0x08000990   0x0000015a   Code   RO          230    .text.HAL_ADC_MspInit  adc.o
    0x08000aea   0x08000aea   0x00000002   PAD
    0x08000aec   0x08000aec   0x0000006e   Code   RO          797    .text.HAL_DMA_Abort  stm32g4xx_hal_dma.o
    0x08000b5a   0x08000b5a   0x00000002   PAD
    0x08000b5c   0x08000b5c   0x0000007a   Code   RO          799    .text.HAL_DMA_Abort_IT  stm32g4xx_hal_dma.o
    0x08000bd6   0x08000bd6   0x00000002   PAD
    0x08000bd8   0x08000bd8   0x00000004   Code   RO          811    .text.HAL_DMA_GetError  stm32g4xx_hal_dma.o
    0x08000bdc   0x08000bdc   0x000000a6   Code   RO          803    .text.HAL_DMA_IRQHandler  stm32g4xx_hal_dma.o
    0x08000c82   0x08000c82   0x00000002   PAD
    0x08000c84   0x08000c84   0x00000124   Code   RO          789    .text.HAL_DMA_Init  stm32g4xx_hal_dma.o
    0x08000da8   0x08000da8   0x000000e2   Code   RO          795    .text.HAL_DMA_Start_IT  stm32g4xx_hal_dma.o
    0x08000e8a   0x08000e8a   0x00000002   PAD
    0x08000e8c   0x08000e8c   0x0000019e   Code   RO          739    .text.HAL_GPIO_Init  stm32g4xx_hal_gpio.o
    0x0800102a   0x0800102a   0x00000002   PAD
    0x0800102c   0x0800102c   0x0000000a   Code   RO          743    .text.HAL_GPIO_ReadPin  stm32g4xx_hal_gpio.o
    0x08001036   0x08001036   0x00000002   PAD
    0x08001038   0x08001038   0x0000000c   Code   RO          745    .text.HAL_GPIO_WritePin  stm32g4xx_hal_gpio.o
    0x08001044   0x08001044   0x0000000c   Code   RO          510    .text.HAL_GetTick   stm32g4xx_hal.o
    0x08001050   0x08001050   0x0000004a   Code   RO         1165    .text.HAL_I2CEx_ConfigAnalogFilter  stm32g4xx_hal_i2c_ex.o
    0x0800109a   0x0800109a   0x00000002   PAD
    0x0800109c   0x0800109c   0x00000048   Code   RO         1167    .text.HAL_I2CEx_ConfigDigitalFilter  stm32g4xx_hal_i2c_ex.o
    0x080010e4   0x080010e4   0x000000a6   Code   RO         1011    .text.HAL_I2C_Init  stm32g4xx_hal_i2c.o
    0x0800118a   0x0800118a   0x00000002   PAD
    0x0800118c   0x0800118c   0x000000bc   Code   RO          258    .text.HAL_I2C_MspInit  i2c.o
    0x08001248   0x08001248   0x0000001a   Code   RO          508    .text.HAL_IncTick   stm32g4xx_hal.o
    0x08001262   0x08001262   0x00000002   PAD
    0x08001264   0x08001264   0x0000001e   Code   RO          498    .text.HAL_Init      stm32g4xx_hal.o
    0x08001282   0x08001282   0x00000002   PAD
    0x08001284   0x08001284   0x00000054   Code   RO          500    .text.HAL_InitTick  stm32g4xx_hal.o
    0x080012d8   0x080012d8   0x00000034   Code   RO          359    .text.HAL_MspInit   stm32g4xx_hal_msp.o
    0x0800130c   0x0800130c   0x00000020   Code   RO          965    .text.HAL_NVIC_EnableIRQ  stm32g4xx_hal_cortex.o
    0x0800132c   0x0800132c   0x00000056   Code   RO          963    .text.HAL_NVIC_SetPriority  stm32g4xx_hal_cortex.o
    0x08001382   0x08001382   0x00000002   PAD
    0x08001384   0x08001384   0x00000020   Code   RO          961    .text.HAL_NVIC_SetPriorityGrouping  stm32g4xx_hal_cortex.o
    0x080013a4   0x080013a4   0x00000106   Code   RO          881    .text.HAL_PWREx_ControlVoltageScaling  stm32g4xx_hal_pwr_ex.o
    0x080014aa   0x080014aa   0x00000002   PAD
    0x080014ac   0x080014ac   0x00000012   Code   RO          951    .text.HAL_PWREx_DisableUCPDDeadBattery  stm32g4xx_hal_pwr_ex.o
    0x080014be   0x080014be   0x00000002   PAD
    0x080014c0   0x080014c0   0x00000292   Code   RO          623    .text.HAL_RCCEx_PeriphCLKConfig  stm32g4xx_hal_rcc_ex.o
    0x08001752   0x08001752   0x00000002   PAD
    0x08001754   0x08001754   0x00000322   Code   RO          589    .text.HAL_RCC_ClockConfig  stm32g4xx_hal_rcc.o
    0x08001a76   0x08001a76   0x00000002   PAD
    0x08001a78   0x08001a78   0x0000002a   Code   RO          597    .text.HAL_RCC_GetPCLK1Freq  stm32g4xx_hal_rcc.o
    0x08001aa2   0x08001aa2   0x00000002   PAD
    0x08001aa4   0x08001aa4   0x0000002a   Code   RO          599    .text.HAL_RCC_GetPCLK2Freq  stm32g4xx_hal_rcc.o
    0x08001ace   0x08001ace   0x00000002   PAD
    0x08001ad0   0x08001ad0   0x0000007e   Code   RO          591    .text.HAL_RCC_GetSysClockFreq  stm32g4xx_hal_rcc.o
    0x08001b4e   0x08001b4e   0x00000002   PAD
    0x08001b50   0x08001b50   0x0000047a   Code   RO          587    .text.HAL_RCC_OscConfig  stm32g4xx_hal_rcc.o
    0x08001fca   0x08001fca   0x00000002   PAD
    0x08001fcc   0x08001fcc   0x00000002   Code   RO         1269    .text.HAL_SPI_ErrorCallback  stm32g4xx_hal_spi.o
    0x08001fce   0x08001fce   0x00000002   PAD
    0x08001fd0   0x08001fd0   0x00000118   Code   RO         1265    .text.HAL_SPI_IRQHandler  stm32g4xx_hal_spi.o
    0x080020e8   0x080020e8   0x000000e2   Code   RO         1185    .text.HAL_SPI_Init  stm32g4xx_hal_spi.o
    0x080021ca   0x080021ca   0x00000002   PAD
    0x080021cc   0x080021cc   0x000000f8   Code   RO          273    .text.HAL_SPI_MspInit  spi.o
    0x080022c4   0x080022c4   0x000001e6   Code   RO         1193    .text.HAL_SPI_Transmit  stm32g4xx_hal_spi.o
    0x080024aa   0x080024aa   0x00000002   PAD
    0x080024ac   0x080024ac   0x00000298   Code   RO         1197    .text.HAL_SPI_TransmitReceive  stm32g4xx_hal_spi.o
    0x08002744   0x08002744   0x0000002c   Code   RO          973    .text.HAL_SYSTICK_Config  stm32g4xx_hal_cortex.o
    0x08002770   0x08002770   0x00000036   Code   RO         1472    .text.HAL_UARTEx_DisableFifoMode  stm32g4xx_hal_uart_ex.o
    0x080027a6   0x080027a6   0x00000002   PAD
    0x080027a8   0x080027a8   0x00000002   Code   RO         1400    .text.HAL_UARTEx_RxEventCallback  stm32g4xx_hal_uart.o
    0x080027aa   0x080027aa   0x00000002   PAD
    0x080027ac   0x080027ac   0x00000002   Code   RO         1458    .text.HAL_UARTEx_RxFifoFullCallback  stm32g4xx_hal_uart_ex.o
    0x080027ae   0x080027ae   0x00000002   PAD
    0x080027b0   0x080027b0   0x00000092   Code   RO         1476    .text.HAL_UARTEx_SetRxFifoThreshold  stm32g4xx_hal_uart_ex.o
    0x08002842   0x08002842   0x00000002   PAD
    0x08002844   0x08002844   0x00000092   Code   RO         1474    .text.HAL_UARTEx_SetTxFifoThreshold  stm32g4xx_hal_uart_ex.o
    0x080028d6   0x080028d6   0x00000002   PAD
    0x080028d8   0x080028d8   0x00000002   Code   RO         1460    .text.HAL_UARTEx_TxFifoEmptyCallback  stm32g4xx_hal_uart_ex.o
    0x080028da   0x080028da   0x00000002   PAD
    0x080028dc   0x080028dc   0x00000002   Code   RO         1456    .text.HAL_UARTEx_WakeupCallback  stm32g4xx_hal_uart_ex.o
    0x080028de   0x080028de   0x00000002   PAD
    0x080028e0   0x080028e0   0x000000ac   Code   RO         1372    .text.HAL_UART_AbortReceive  stm32g4xx_hal_uart.o
    0x0800298c   0x0800298c   0x00000002   Code   RO         1398    .text.HAL_UART_ErrorCallback  stm32g4xx_hal_uart.o
    0x0800298e   0x0800298e   0x00000002   PAD
    0x08002990   0x08002990   0x000003c0   Code   RO         1394    .text.HAL_UART_IRQHandler  stm32g4xx_hal_uart.o
    0x08002d50   0x08002d50   0x00000064   Code   RO         1310    .text.HAL_UART_Init  stm32g4xx_hal_uart.o
    0x08002db4   0x08002db4   0x000001ee   Code   RO          292    .text.HAL_UART_MspInit  usart.o
    0x08002fa2   0x08002fa2   0x00000002   PAD
    0x08002fa4   0x08002fa4   0x000000f0   Code   RO         1358    .text.HAL_UART_Receive_DMA  stm32g4xx_hal_uart.o
    0x08003094   0x08003094   0x00000002   Code   RO         1406    .text.HAL_UART_RxCpltCallback  stm32g4xx_hal_uart.o
    0x08003096   0x08003096   0x00000002   PAD
    0x08003098   0x08003098   0x00000002   Code   RO         1408    .text.HAL_UART_RxHalfCpltCallback  stm32g4xx_hal_uart.o
    0x0800309a   0x0800309a   0x00000002   PAD
    0x0800309c   0x0800309c   0x000000fa   Code   RO         1330    .text.HAL_UART_Transmit  stm32g4xx_hal_uart.o
    0x08003196   0x08003196   0x00000002   PAD
    0x08003198   0x08003198   0x00000002   Code   RO         1402    .text.HAL_UART_TxCpltCallback  stm32g4xx_hal_uart.o
    0x0800319a   0x0800319a   0x00000002   PAD
    0x0800319c   0x0800319c   0x00000002   Code   RO          314    .text.HardFault_Handler  stm32g4xx_it.o
    0x0800319e   0x0800319e   0x00000002   PAD
    0x080031a0   0x080031a0   0x000000b0   Code   RO          226    .text.MX_ADC1_Init  adc.o
    0x08003250   0x08003250   0x00000092   Code   RO          228    .text.MX_ADC2_Init  adc.o
    0x080032e2   0x080032e2   0x00000002   PAD
    0x080032e4   0x080032e4   0x000000c8   Code   RO          247    .text.MX_DMA_Init   dma.o
    0x080033ac   0x080033ac   0x0000015c   Code   RO          217    .text.MX_GPIO_Init  gpio.o
    0x08003508   0x08003508   0x0000006c   Code   RO          256    .text.MX_I2C3_Init  i2c.o
    0x08003574   0x08003574   0x0000004e   Code   RO          271    .text.MX_SPI2_Init  spi.o
    0x080035c2   0x080035c2   0x00000002   PAD
    0x080035c4   0x080035c4   0x00000082   Code   RO          288    .text.MX_USART1_UART_Init  usart.o
    0x08003646   0x08003646   0x00000002   PAD
    0x08003648   0x08003648   0x00000082   Code   RO          290    .text.MX_USART2_UART_Init  usart.o
    0x080036ca   0x080036ca   0x00000002   PAD
    0x080036cc   0x080036cc   0x00000002   Code   RO          316    .text.MemManage_Handler  stm32g4xx_it.o
    0x080036ce   0x080036ce   0x00000002   PAD
    0x080036d0   0x080036d0   0x00000002   Code   RO          312    .text.NMI_Handler   stm32g4xx_it.o
    0x080036d2   0x080036d2   0x00000002   PAD
    0x080036d4   0x080036d4   0x00000002   Code   RO          326    .text.PendSV_Handler  stm32g4xx_it.o
    0x080036d6   0x080036d6   0x00000002   PAD
    0x080036d8   0x080036d8   0x0000000c   Code   RO          342    .text.SPI2_IRQHandler  stm32g4xx_it.o
    0x080036e4   0x080036e4   0x0000000e   Code   RO         1267    .text.SPI_DMAAbortOnError  stm32g4xx_hal_spi.o
    0x080036f2   0x080036f2   0x00000002   PAD
    0x080036f4   0x080036f4   0x000000e8   Code   RO         1247    .text.SPI_WaitFifoStateUntilTimeout  stm32g4xx_hal_spi.o
    0x080037dc   0x080037dc   0x000000b4   Code   RO         1249    .text.SPI_WaitFlagStateUntilTimeout  stm32g4xx_hal_spi.o
    0x08003890   0x08003890   0x00000002   Code   RO          322    .text.SVC_Handler   stm32g4xx_it.o
    0x08003892   0x08003892   0x00000002   PAD
    0x08003894   0x08003894   0x00000004   Code   RO          328    .text.SysTick_Handler  stm32g4xx_it.o
    0x08003898   0x08003898   0x00000012   Code   RO         1495    .text.SystemInit    system_stm32g4xx.o
    0x080038aa   0x080038aa   0x00000002   PAD
    0x080038ac   0x080038ac   0x000000e6   Code   RO         1314    .text.UART_AdvFeatureConfig  stm32g4xx_hal_uart.o
    0x08003992   0x08003992   0x00000002   PAD
    0x08003994   0x08003994   0x000000c0   Code   RO         1318    .text.UART_CheckIdleState  stm32g4xx_hal_uart.o
    0x08003a54   0x08003a54   0x0000000c   Code   RO         1396    .text.UART_DMAAbortOnError  stm32g4xx_hal_uart.o
    0x08003a60   0x08003a60   0x000000c8   Code   RO         1356    .text.UART_DMAError  stm32g4xx_hal_uart.o
    0x08003b28   0x08003b28   0x00000082   Code   RO         1440    .text.UART_DMAReceiveCplt  stm32g4xx_hal_uart.o
    0x08003baa   0x08003baa   0x00000002   PAD
    0x08003bac   0x08003bac   0x0000001a   Code   RO         1442    .text.UART_DMARxHalfCplt  stm32g4xx_hal_uart.o
    0x08003bc6   0x08003bc6   0x00000002   PAD
    0x08003bc8   0x08003bc8   0x000002cc   Code   RO         1316    .text.UART_SetConfig  stm32g4xx_hal_uart.o
    0x08003e94   0x08003e94   0x00000146   Code   RO         1332    .text.UART_WaitOnFlagUntilTimeout  stm32g4xx_hal_uart.o
    0x08003fda   0x08003fda   0x00000002   PAD
    0x08003fdc   0x08003fdc   0x00000016   Code   RO          344    .text.USART1_IRQHandler  stm32g4xx_it.o
    0x08003ff2   0x08003ff2   0x00000002   PAD
    0x08003ff4   0x08003ff4   0x00000016   Code   RO          346    .text.USART2_IRQHandler  stm32g4xx_it.o
    0x0800400a   0x0800400a   0x00000002   PAD
    0x0800400c   0x0800400c   0x00000002   Code   RO          320    .text.UsageFault_Handler  stm32g4xx_it.o
    0x0800400e   0x0800400e   0x00000002   PAD
    0x08004010   0x08004010   0x00000084   Code   RO          112    .text.bl_cmd_handler  comm.o
    0x08004094   0x08004094   0x000000a8   Code   RO           83    .text.bl_link_status_check  bl.o
    0x0800413c   0x0800413c   0x0000003e   Code   RO           62    .text.crc32_init    soft_crc.o
    0x0800417a   0x0800417a   0x00000002   PAD
    0x0800417c   0x0800417c   0x00000032   Code   RO           64    .text.crc32_soft    soft_crc.o
    0x080041ae   0x080041ae   0x00000002   PAD
    0x080041b0   0x080041b0   0x000002a8   Code   RO           19    .text.flash_test    flash_app.o
    0x08004458   0x08004458   0x00000020   Code   RO          296    .text.fputc         usart.o
    0x08004478   0x08004478   0x00000080   Code   RO           21    .text.get_writted_number  flash_app.o
    0x080044f8   0x080044f8   0x000000ae   Code   RO          203    .text.main          main.o
    0x080045a6   0x080045a6   0x00000002   PAD
    0x080045a8   0x080045a8   0x00000084   Code   RO          110    .text.send_0b_resp_to_bl  comm.o
    0x0800462c   0x0800462c   0x0000004c   Code   RO          100    .text.start_uart_rx  comm.o
    0x08004678   0x08004678   0x00000024   Code   RO           81    .text.u2_task       bl.o
    0x0800469c   0x0800469c   0x00000054   Code   RO          114    .text.uart1_it_handler  comm.o
    0x080046f0   0x080046f0   0x00000054   Code   RO          116    .text.uart2_it_handler  comm.o
    0x08004744   0x08004744   0x000000fc   Code   RO           42    .text.xt25f_chip_erase  flash_spi_interface.o
    0x08004840   0x08004840   0x00000096   Code   RO           44    .text.xt25f_erase_sector  flash_spi_interface.o
    0x080048d6   0x080048d6   0x00000002   PAD
    0x080048d8   0x080048d8   0x0000012c   Code   RO           46    .text.xt25f_page_program  flash_spi_interface.o
    0x08004a04   0x08004a04   0x0000008e   Code   RO           50    .text.xt25f_read_by_addr  flash_spi_interface.o
    0x08004a92   0x08004a92   0x00000002   PAD
    0x08004a94   0x08004a94   0x00000052   Code   RO           52    .text.xt25f_read_id  flash_spi_interface.o
    0x08004ae6   0x08004ae6   0x00000002   PAD
    0x08004ae8   0x08004ae8   0x00000092   Code   RO           40    .text.xt25f_wait_busy  flash_spi_interface.o
    0x08004b7a   0x08004b7a   0x00000002   PAD
    0x08004b7c   0x08004b7c   0x00000020   Code   RO         1733    i.__0printf$8       mc_w.l(printf8.o)
    0x08004b9c   0x08004b9c   0x0000000e   Code   RO         1836    i.__scatterload_copy  mc_w.l(handlers.o)
    0x08004baa   0x08004baa   0x00000002   Code   RO         1837    i.__scatterload_null  mc_w.l(handlers.o)
    0x08004bac   0x08004bac   0x0000000e   Code   RO         1838    i.__scatterload_zeroinit  mc_w.l(handlers.o)
    0x08004bba   0x08004bba   0x00000002   PAD
    0x08004bbc   0x08004bbc   0x00000410   Code   RO         1740    i._printf_core      mc_w.l(printf8.o)
    0x08004fcc   0x08004fcc   0x00000024   Code   RO         1741    i._printf_post_padding  mc_w.l(printf8.o)
    0x08004ff0   0x08004ff0   0x0000002e   Code   RO         1742    i._printf_pre_padding  mc_w.l(printf8.o)
    0x0800501e   0x0800501e   0x00000002   PAD
    0x08005020   0x08005020   0x00000024   Code   RO         1512    i.puts              mc_w.l(puts.o)
    0x08005044   0x08005044   0x00000010   Data   RO         1500    .rodata.AHBPrescTable  system_stm32g4xx.o
    0x08005054   0x08005054   0x00000008   Data   RO         1501    .rodata.APBPrescTable  system_stm32g4xx.o
    0x0800505c   0x0800505c   0x00000018   Data   RO         1444    .rodata.UARTPrescTable  stm32g4xx_hal_uart.o
    0x08005074   0x08005074   0x00000010   Data   RO         1445    .rodata.cst16       stm32g4xx_hal_uart.o
    0x08005084   0x08005084   0x00000010   Data   RO         1486    .rodata.cst8        stm32g4xx_hal_uart_ex.o
    0x08005094   0x08005094   0x00000128   Data   RO           23    .rodata.str1.1      flash_app.o
    0x080051bc   0x080051bc   0x00000015   Data   RO           92    .rodata.str1.1      bl.o
    0x080051d1   0x080051d1   0x0000002e   Data   RO          125    .rodata.str1.1      comm.o
    0x080051ff   0x080051ff   0x00000001   PAD
    0x08005200   0x08005200   0x00000020   Data   RO         1835    Region$$Table       anon$$obj.o


    Execution Region RW_IRAM1 (Exec base: 0x20000000, Load base: 0x08005220, Size: 0x00000e70, Max: 0x00008000, ABSOLUTE)

    Exec Addr    Load Addr    Size         Type   Attr      Idx    E Section Name        Object

    0x20000000   0x08005220   0x00000004   Data   RW         1801    .data               mc_w.l(stdout.o)
    0x20000004   0x08005224   0x00000004   Data   RW         1499    .data.SystemCoreClock  system_stm32g4xx.o
    0x20000008   0x08005228   0x00000004   Data   RW          575    .data.uwTickFreq    stm32g4xx_hal.o
    0x2000000c   0x0800522c   0x00000004   Data   RW          574    .data.uwTickPrio    stm32g4xx_hal.o
    0x20000010        -       0x00000004   Zero   RW          236    .bss.HAL_RCC_ADC12_CLK_ENABLED  adc.o
    0x20000014        -       0x00000001   Zero   RW           89    .bss.bl_conn_status  bl.o
    0x20000015   0x08005230   0x00000003   PAD
    0x20000018        -       0x00000004   Zero   RW           91    .bss.bl_link_status_check.last_run_ts  bl.o
    0x2000001c        -       0x00000400   Zero   RW           66    .bss.crc32_table    soft_crc.o
    0x2000041c        -       0x00000001   Zero   RW          124    .bss.got_rx         comm.o
    0x2000041d        -       0x00000001   Zero   RW          121    .bss.got_rx_u2      comm.o
    0x2000041e   0x08005230   0x00000002   PAD
    0x20000420        -       0x0000006c   Zero   RW          234    .bss.hadc1          adc.o
    0x2000048c        -       0x0000006c   Zero   RW          235    .bss.hadc2          adc.o
    0x200004f8        -       0x00000060   Zero   RW          237    .bss.hdma_adc1      adc.o
    0x20000558        -       0x00000060   Zero   RW          238    .bss.hdma_adc2      adc.o
    0x200005b8        -       0x00000060   Zero   RW          278    .bss.hdma_spi2_rx   spi.o
    0x20000618        -       0x00000060   Zero   RW          279    .bss.hdma_spi2_tx   spi.o
    0x20000678        -       0x00000060   Zero   RW          301    .bss.hdma_usart1_rx  usart.o
    0x200006d8        -       0x00000060   Zero   RW          300    .bss.hdma_usart1_tx  usart.o
    0x20000738        -       0x00000060   Zero   RW          302    .bss.hdma_usart2_rx  usart.o
    0x20000798        -       0x00000060   Zero   RW          303    .bss.hdma_usart2_tx  usart.o
    0x200007f8        -       0x00000054   Zero   RW          262    .bss.hi2c3          i2c.o
    0x2000084c        -       0x00000064   Zero   RW          277    .bss.hspi2          spi.o
    0x200008b0        -       0x00000094   Zero   RW          298    .bss.huart1         usart.o
    0x20000944        -       0x00000094   Zero   RW          299    .bss.huart2         usart.o
    0x200009d8        -       0x00000014   Zero   RW          120    .bss.tx_buf         comm.o
    0x200009ec        -       0x00000040   Zero   RW          122    .bss.uart1_rx_buf   comm.o
    0x20000a2c        -       0x00000040   Zero   RW          123    .bss.uart2_rx_buf   comm.o
    0x20000a6c        -       0x00000004   Zero   RW          576    .bss.uwTick         stm32g4xx_hal.o
    0x20000a70        -       0x00000400   Zero   RW            1    STACK               startup_stm32g431xx.o


==============================================================================

Image component sizes


      Code (inc. data)   RO Data    RW Data    ZI Data      Debug   Object Name

       668          0          0          0        412       7755   adc.o
       204         60         21          0          5       2407   bl.o
       508         52         46          0        150       7816   comm.o
       200          0          0          0          0       3449   dma.o
       808        156        296          0          0       4107   flash_app.o
      1072        144          0          0          0       7033   flash_spi_interface.o
       348          0          0          0          0       2523   gpio.o
       296          0          0          0         84       6572   i2c.o
       184          0          0          0          0       1952   main.o
       112          0          0          0       1024       1373   soft_crc.o
       326          0          0          0        292       7429   spi.o
        36          8        472          0       1024        808   startup_stm32g431xx.o
       152          0          0          8          4       8820   stm32g4xx_hal.o
      1340          0          0          0          0      24687   stm32g4xx_hal_adc.o
       190          0          0          0          0      21569   stm32g4xx_hal_adc_ex.o
       194          0          0          0          0      10440   stm32g4xx_hal_cortex.o
       920          0          0          0          0       9003   stm32g4xx_hal_dma.o
       436          0          0          0          0       5190   stm32g4xx_hal_gpio.o
       166          0          0          0          0      61408   stm32g4xx_hal_i2c.o
       146          0          0          0          0       6513   stm32g4xx_hal_i2c_ex.o
        52          0          0          0          0       1711   stm32g4xx_hal_msp.o
       280          0          0          0          0       9560   stm32g4xx_hal_pwr_ex.o
      2158          0          0          0          0       9968   stm32g4xx_hal_rcc.o
       658          0          0          0          0      10507   stm32g4xx_hal_rcc_ex.o
      2084          0          0          0          0      23955   stm32g4xx_hal_spi.o
      3564         46         40          0          0      35429   stm32g4xx_hal_uart.o
       352          0         16          0          0      10948   stm32g4xx_hal_uart_ex.o
       172          0          0          0          0       5540   stm32g4xx_it.o
        18          0         24          4          0       2727   system_stm32g4xx.o
       786          0          0          0        680       9380   usart.o

    ----------------------------------------------------------------------
     18564        466        948         12       3680     320579   Object Totals
         0          0         32          0          0          0   (incl. Generated)
       134          0          1          0          5          0   (incl. Padding)

    ----------------------------------------------------------------------

      Code (inc. data)   RO Data    RW Data    ZI Data      Debug   Library Member Name

         0          0          0          0          0          0   entry.o
         0          0          0          0          0          0   entry10a.o
         0          0          0          0          0          0   entry11a.o
         8          4          0          0          0          0   entry2.o
         4          0          0          0          0          0   entry5.o
         0          0          0          0          0          0   entry7b.o
         0          0          0          0          0          0   entry8b.o
         8          4          0          0          0          0   entry9a.o
        30          0          0          0          0          0   handlers.o
        36          8          0          0          0         68   init.o
        30          0          0          0          0         68   llshl.o
        32          0          0          0          0         68   llushr.o
        36          0          0          0          0         68   memcpya.o
        36          0          0          0          0        108   memseta.o
      1154         54          0          0          0        352   printf8.o
        36          6          0          0          0         80   puts.o
         0          0          0          4          0          0   stdout.o
        98          0          0          0          0         92   uldiv.o

    ----------------------------------------------------------------------
      1512         76          0          4          0        904   Library Totals
         4          0          0          0          0          0   (incl. Padding)

    ----------------------------------------------------------------------

      Code (inc. data)   RO Data    RW Data    ZI Data      Debug   Library Name

      1508         76          0          4          0        904   mc_w.l

    ----------------------------------------------------------------------
      1512         76          0          4          0        904   Library Totals

    ----------------------------------------------------------------------

==============================================================================


      Code (inc. data)   RO Data    RW Data    ZI Data      Debug   

     20076        542        948         16       3680     320711   Grand Totals
     20076        542        948         16       3680     320711   ELF Image Totals
     20076        542        948         16          0          0   ROM Totals

==============================================================================

    Total RO  Size (Code + RO Data)                21024 (  20.53kB)
    Total RW  Size (RW Data + ZI Data)              3696 (   3.61kB)
    Total ROM Size (Code + RO Data + RW Data)      21040 (  20.55kB)

==============================================================================

