Component: ARM Compiler 5.06 update 4 (build 422) Tool: armlink [4d35d2]

==============================================================================

Section Cross References

    startup_stm32g431xx.o(RESET) refers to startup_stm32g431xx.o(STACK) for __initial_sp
    startup_stm32g431xx.o(RESET) refers to startup_stm32g431xx.o(.text) for Reset_Handler
    startup_stm32g431xx.o(RESET) refers to stm32g4xx_it.o(i.NMI_Handler) for NMI_Handler
    startup_stm32g431xx.o(RESET) refers to stm32g4xx_it.o(i.HardFault_Handler) for HardFault_Handler
    startup_stm32g431xx.o(RESET) refers to stm32g4xx_it.o(i.MemManage_Handler) for MemManage_Handler
    startup_stm32g431xx.o(RESET) refers to stm32g4xx_it.o(i.BusFault_Handler) for BusFault_Handler
    startup_stm32g431xx.o(RESET) refers to stm32g4xx_it.o(i.UsageFault_Handler) for UsageFault_Handler
    startup_stm32g431xx.o(RESET) refers to stm32g4xx_it.o(i.SVC_Handler) for SVC_Handler
    startup_stm32g431xx.o(RESET) refers to stm32g4xx_it.o(i.DebugMon_Handler) for DebugMon_Handler
    startup_stm32g431xx.o(RESET) refers to stm32g4xx_it.o(i.PendSV_Handler) for PendSV_Handler
    startup_stm32g431xx.o(RESET) refers to stm32g4xx_it.o(i.SysTick_Handler) for SysTick_Handler
    startup_stm32g431xx.o(RESET) refers to stm32g4xx_it.o(i.DMA1_Channel1_IRQHandler) for DMA1_Channel1_IRQHandler
    startup_stm32g431xx.o(RESET) refers to stm32g4xx_it.o(i.DMA1_Channel2_IRQHandler) for DMA1_Channel2_IRQHandler
    startup_stm32g431xx.o(RESET) refers to stm32g4xx_it.o(i.DMA1_Channel3_IRQHandler) for DMA1_Channel3_IRQHandler
    startup_stm32g431xx.o(RESET) refers to stm32g4xx_it.o(i.DMA1_Channel4_IRQHandler) for DMA1_Channel4_IRQHandler
    startup_stm32g431xx.o(RESET) refers to stm32g4xx_it.o(i.DMA1_Channel5_IRQHandler) for DMA1_Channel5_IRQHandler
    startup_stm32g431xx.o(RESET) refers to stm32g4xx_it.o(i.DMA1_Channel6_IRQHandler) for DMA1_Channel6_IRQHandler
    startup_stm32g431xx.o(RESET) refers to stm32g4xx_it.o(i.SPI2_IRQHandler) for SPI2_IRQHandler
    startup_stm32g431xx.o(RESET) refers to stm32g4xx_it.o(i.USART1_IRQHandler) for USART1_IRQHandler
    startup_stm32g431xx.o(RESET) refers to stm32g4xx_it.o(i.USART2_IRQHandler) for USART2_IRQHandler
    startup_stm32g431xx.o(RESET) refers to stm32g4xx_it.o(i.DMA2_Channel1_IRQHandler) for DMA2_Channel1_IRQHandler
    startup_stm32g431xx.o(RESET) refers to stm32g4xx_it.o(i.DMA2_Channel2_IRQHandler) for DMA2_Channel2_IRQHandler
    startup_stm32g431xx.o(.text) refers to system_stm32g4xx.o(i.SystemInit) for SystemInit
    startup_stm32g431xx.o(.text) refers to entry.o(.ARM.Collect$$$$00000000) for __main
    flash_app.o(i.find_next_write_addr) refers to flash_app.o(i.is_page_empty) for is_page_empty
    flash_app.o(i.find_next_write_addr) refers to printf8.o(i.__0printf$8) for __2printf
    flash_app.o(i.find_next_write_addr) refers to flash_spi_interface.o(i.xt25f_chip_erase) for xt25f_chip_erase
    flash_app.o(i.find_next_write_addr) refers to flash_app.o(.constdata) for .constdata
    flash_app.o(i.find_next_write_addr_old) refers to flash_spi_interface.o(i.xt25f_read_by_addr) for xt25f_read_by_addr
    flash_app.o(i.find_next_write_addr_old) refers to printf8.o(i.__0printf$8) for __2printf
    flash_app.o(i.find_next_write_addr_old) refers to flash_app.o(.constdata) for .constdata
    flash_app.o(i.flash_test) refers to flash_spi_interface.o(i.xt25f_read_id) for xt25f_read_id
    flash_app.o(i.flash_test) refers to printf8.o(i.__0printf$8) for __2printf
    flash_app.o(i.flash_test) refers to soft_crc.o(i.crc32_soft) for crc32_soft
    flash_app.o(i.flash_test) refers to flash_app.o(i.find_next_write_addr) for find_next_write_addr
    flash_app.o(i.flash_test) refers to flash_spi_interface.o(i.xt25f_page_program) for xt25f_page_program
    flash_app.o(i.flash_test) refers to flash_spi_interface.o(i.xt25f_read_by_addr) for xt25f_read_by_addr
    flash_app.o(i.flash_test) refers to flash_app.o(.constdata) for .constdata
    flash_app.o(i.get_writted_number) refers to flash_app.o(i.is_page_empty) for is_page_empty
    flash_app.o(i.get_writted_number) refers to printf8.o(i.__0printf$8) for __2printf
    flash_app.o(i.is_page_empty) refers to flash_spi_interface.o(i.xt25f_read_by_addr) for xt25f_read_by_addr
    flash_app.o(i.log_flash_init) refers to flash_spi_interface.o(i.xt25f_chip_erase) for xt25f_chip_erase
    flash_app.o(i.log_flash_init) refers to flash_app.o(.data) for .data
    flash_app.o(i.print_flash_id) refers to flash_spi_interface.o(i.xt25f_read_id) for xt25f_read_id
    flash_app.o(i.print_flash_id) refers to printf8.o(i.__0printf$8) for __2printf
    flash_spi_interface.o(i.spi_txrx) refers to stm32g4xx_hal_spi.o(i.HAL_SPI_TransmitReceive) for HAL_SPI_TransmitReceive
    flash_spi_interface.o(i.spi_txrx) refers to spi.o(.bss) for hspi2
    flash_spi_interface.o(i.xt25f_chip_erase) refers to stm32g4xx_hal.o(i.HAL_GetTick) for HAL_GetTick
[...]
    ..\Drivers\STM32G4xx_HAL_Driver\Src\stm32g4xx_hal_flash.c 0x00000000   Number         0  stm32g4xx_hal_flash.o ABSOLUTE
    ..\Drivers\STM32G4xx_HAL_Driver\Src\stm32g4xx_hal_flash_ex.c 0x00000000   Number         0  stm32g4xx_hal_flash_ex.o ABSOLUTE
    ..\Drivers\STM32G4xx_HAL_Driver\Src\stm32g4xx_hal_flash_ramfunc.c 0x00000000   Number         0  stm32g4xx_hal_flash_ramfunc.o ABSOLUTE
    ..\Drivers\STM32G4xx_HAL_Driver\Src\stm32g4xx_hal_gpio.c 0x00000000   Number         0  stm32g4xx_hal_gpio.o ABSOLUTE
    ..\Drivers\STM32G4xx_HAL_Driver\Src\stm32g4xx_hal_i2c.c 0x00000000   Number         0  stm32g4xx_hal_i2c.o ABSOLUTE
    ..\Drivers\STM32G4xx_HAL_Driver\Src\stm32g4xx_hal_i2c_ex.c 0x00000000   Number         0  stm32g4xx_hal_i2c_ex.o ABSOLUTE
    ..\Drivers\STM32G4xx_HAL_Driver\Src\stm32g4xx_hal_iwdg.c 0x00000000   Number         0  stm32g4xx_hal_iwdg.o ABSOLUTE
    ..\Drivers\STM32G4xx_HAL_Driver\Src\stm32g4xx_hal_pwr.c 0x00000000   Number         0  stm32g4xx_hal_pwr.o ABSOLUTE
    ..\Drivers\STM32G4xx_HAL_Driver\Src\stm32g4xx_hal_pwr_ex.c 0x00000000   Number         0  stm32g4xx_hal_pwr_ex.o ABSOLUTE
    ..\Drivers\STM32G4xx_HAL_Driver\Src\stm32g4xx_hal_rcc.c 0x00000000   Number         0  stm32g4xx_hal_rcc.o ABSOLUTE
    ..\Drivers\STM32G4xx_HAL_Driver\Src\stm32g4xx_hal_rcc_ex.c 0x00000000   Number         0  stm32g4xx_hal_rcc_ex.o ABSOLUTE
    ..\Drivers\STM32G4xx_HAL_Driver\Src\stm32g4xx_hal_spi.c 0x00000000   Number         0  stm32g4xx_hal_spi.o ABSOLUTE
    ..\Drivers\STM32G4xx_HAL_Driver\Src\stm32g4xx_hal_spi_ex.c 0x00000000   Number         0  stm32g4xx_hal_spi_ex.o ABSOLUTE
    ..\Drivers\STM32G4xx_HAL_Driver\Src\stm32g4xx_hal_uart.c 0x00000000   Number         0  stm32g4xx_hal_uart.o ABSOLUTE
    ..\Drivers\STM32G4xx_HAL_Driver\Src\stm32g4xx_hal_uart_ex.c 0x00000000   Number         0  stm32g4xx_hal_uart_ex.o ABSOLUTE
    ..\\Core\\Src\\algorithm.c               0x00000000   Number         0  algorithm.o ABSOLUTE
    ..\\Core\\Src\\app.c                     0x00000000   Number         0  app.o ABSOLUTE
    ..\\Core\\Src\\bat_val.c                 0x00000000   Number         0  bat_val.o ABSOLUTE
    ..\\Core\\Src\\bl.c                      0x00000000   Number         0  bl.o ABSOLUTE
    ..\\Core\\Src\\charge_state.c            0x00000000   Number         0  charge_state.o ABSOLUTE
    ..\\Core\\Src\\comm.c                    0x00000000   Number         0  comm.o ABSOLUTE
    ..\\Core\\Src\\flash_app.c               0x00000000   Number         0  flash_app.o ABSOLUTE
    ..\\Core\\Src\\flash_spi_interface.c     0x00000000   Number         0  flash_spi_interface.o ABSOLUTE
    ..\\Core\\Src\\key.c                     0x00000000   Number         0  key.o ABSOLUTE
    ..\\Core\\Src\\led.c                     0x00000000   Number         0  led.o ABSOLUTE
    ..\\Core\\Src\\sd_card.c                 0x00000000   Number         0  sd_card.o ABSOLUTE
    ..\\Core\\Src\\soft_crc.c                0x00000000   Number         0  soft_crc.o ABSOLUTE
    ..\\Core\\Src\\switch_hal.c              0x00000000   Number         0  switch_hal.o ABSOLUTE
    cdrcmple.s                               0x00000000   Number         0  cdrcmple.o ABSOLUTE
    dc.s                                     0x00000000   Number         0  dc.o ABSOLUTE
    handlers.s                               0x00000000   Number         0  handlers.o ABSOLUTE
    init.s                                   0x00000000   Number         0  init.o ABSOLUTE
    startup_stm32g431xx.s                    0x00000000   Number         0  startup_stm32g431xx.o ABSOLUTE
    RESET                                    0x08000000   Section      472  startup_stm32g431xx.o(RESET)
    .ARM.Collect$$$$00000000                 0x080001d8   Section        0  entry.o(.ARM.Collect$$$$00000000)
    .ARM.Collect$$$$00000001                 0x080001d8   Section        4  entry2.o(.ARM.Collect$$$$00000001)
    .ARM.Collect$$$$00000004                 0x080001dc   Section        4  entry5.o(.ARM.Collect$$$$00000004)
    .ARM.Collect$$$$00000008                 0x080001e0   Section        0  entry7b.o(.ARM.Collect$$$$00000008)
    .ARM.Collect$$$$0000000A                 0x080001e0   Section        0  entry8b.o(.ARM.Collect$$$$0000000A)
    .ARM.Collect$$$$0000000B                 0x080001e0   Section        8  entry9a.o(.ARM.Collect$$$$0000000B)
    .ARM.Collect$$$$0000000D                 0x080001e8   Section        0  entry10a.o(.ARM.Collect$$$$0000000D)
    .ARM.Collect$$$$0000000F                 0x080001e8   Section        0  entry11a.o(.ARM.Collect$$$$0000000F)
    .ARM.Collect$$$$00002712                 0x080001e8   Section        4  entry2.o(.ARM.Collect$$$$00002712)
    __lit__00000000                          0x080001e8   Data           4  entry2.o(.ARM.Collect$$$$00002712)
    .text                                    0x080001ec   Section       36  startup_stm32g431xx.o(.text)
    $v0                                      0x080001ec   Number         0  startup_stm32g431xx.o(.text)
    .text                                    0x08000210   Section        0  uldiv.o(.text)
    .text                                    0x08000272   Section        0  memseta.o(.text)
    .text                                    0x08000296   Section        0  llshl.o(.text)
    .text                                    0x080002b4   Section        0  llushr.o(.text)
    .text                                    0x080002d4   Section       36  init.o(.text)
    i.ADC_DMAConvCplt                        0x080002f8   Section        0  stm32g4xx_hal_adc.o(i.ADC_DMAConvCplt)
    i.ADC_DMAError                           0x08000376   Section        0  stm32g4xx_hal_adc.o(i.ADC_DMAError)
    i.ADC_DMAHalfConvCplt                    0x08000390   Section        0  stm32g4xx_hal_adc.o(i.ADC_DMAHalfConvCplt)
    i.ADC_Enable                             0x0800039c   Section        0  stm32g4xx_hal_adc.o(i.ADC_Enable)
    i.BusFault_Handler                       0x08000464   Section        0  stm32g4xx_it.o(i.BusFault_Handler)
    i.DMA1_Channel1_IRQHandler               0x08000468   Section        0  stm32g4xx_it.o(i.DMA1_Channel1_IRQHandler)
    i.DMA1_Channel2_IRQHandler               0x08000474   Section        0  stm32g4xx_it.o(i.DMA1_Channel2_IRQHandler)
    i.DMA1_Channel3_IRQHandler               0x08000480   Section        0  stm32g4xx_it.o(i.DMA1_Channel3_IRQHandler)
    i.DMA1_Channel4_IRQHandler               0x0800048c   Section        0  stm32g4xx_it.o(i.DMA1_Channel4_IRQHandler)
    i.DMA1_Channel5_IRQHandler               0x08000498   Section        0  stm32g4xx_it.o(i.DMA1_Channel5_IRQHandler)
    i.DMA1_Channel6_IRQHandler               0x080004a4   Section        0  stm32g4xx_it.o(i.DMA1_Channel6_IRQHandler)
    i.DMA2_Channel1_IRQHandler               0x080004b0   Section        0  stm32g4xx_it.o(i.DMA2_Channel1_IRQHandler)
    i.DMA2_Channel2_IRQHandler               0x080004bc   Section        0  stm32g4xx_it.o(i.DMA2_Channel2_IRQHandler)
    i.DMA_CalcDMAMUXChannelBaseAndMask       0x080004c8   Section        0  stm32g4xx_hal_dma.o(i.DMA_CalcDMAMUXChannelBaseAndMask)
    DMA_CalcDMAMUXChannelBaseAndMask         0x080004c9   Thumb Code    54  stm32g4xx_hal_dma.o(i.DMA_CalcDMAMUXChannelBaseAndMask)
    i.DMA_CalcDMAMUXRequestGenBaseAndMask    0x08000508   Section        0  stm32g4xx_hal_dma.o(i.DMA_CalcDMAMUXRequestGenBaseAndMask)
    DMA_CalcDMAMUXRequestGenBaseAndMask      0x08000509   Thumb Code    30  stm32g4xx_hal_dma.o(i.DMA_CalcDMAMUXRequestGenBaseAndMask)
    i.DMA_SetConfig                          0x0800052c   Section        0  stm32g4xx_hal_dma.o(i.DMA_SetConfig)
    DMA_SetConfig                            0x0800052d   Thumb Code    66  stm32g4xx_hal_dma.o(i.DMA_SetConfig)
    i.DebugMon_Handler                       0x0800056e   Section        0  stm32g4xx_it.o(i.DebugMon_Handler)
    i.Error_Handler                          0x08000570   Section        0  main.o(i.Error_Handler)
    i.HAL_ADCEx_MultiModeConfigChannel       0x08000574   Section        0  stm32g4xx_hal_adc_ex.o(i.HAL_ADCEx_MultiModeConfigChannel)
    i.HAL_ADC_ConfigChannel                  0x0800065c   Section        0  stm32g4xx_hal_adc.o(i.HAL_ADC_ConfigChannel)
    i.HAL_ADC_ConvCpltCallback               0x08000a90   Section        0  app.o(i.HAL_ADC_ConvCpltCallback)
    i.HAL_ADC_ConvHalfCpltCallback           0x08000ab4   Section        0  stm32g4xx_hal_adc.o(i.HAL_ADC_ConvHalfCpltCallback)
    i.HAL_ADC_ErrorCallback                  0x08000ab6   Section        0  stm32g4xx_hal_adc.o(i.HAL_ADC_ErrorCallback)
    i.HAL_ADC_Init                           0x08000ab8   Section        0  stm32g4xx_hal_adc.o(i.HAL_ADC_Init)
    i.HAL_ADC_MspInit                        0x08000cb8   Section        0  adc.o(i.HAL_ADC_MspInit)
    i.HAL_ADC_Start_DMA                      0x08000e0c   Section        0  stm32g4xx_hal_adc.o(i.HAL_ADC_Start_DMA)
    i.HAL_DMA_Abort                          0x08000f04   Section        0  stm32g4xx_hal_dma.o(i.HAL_DMA_Abort)
    i.HAL_DMA_Abort_IT                       0x08000f6c   Section        0  stm32g4xx_hal_dma.o(i.HAL_DMA_Abort_IT)
    i.HAL_DMA_DeInit                         0x08000fe4   Section        0  stm32g4xx_hal_dma.o(i.HAL_DMA_DeInit)
    i.HAL_DMA_GetError                       0x0800108c   Section        0  stm32g4xx_hal_dma.o(i.HAL_DMA_GetError)
    i.HAL_DMA_IRQHandler                     0x08001090   Section        0  stm32g4xx_hal_dma.o(i.HAL_DMA_IRQHandler)
    i.HAL_DMA_Init                           0x0800115c   Section        0  stm32g4xx_hal_dma.o(i.HAL_DMA_Init)
    i.HAL_DMA_Start_IT                       0x0800121c   Section        0  stm32g4xx_hal_dma.o(i.HAL_DMA_Start_IT)
    i.HAL_Delay                              0x080012ac   Section        0  stm32g4xx_hal.o(i.HAL_Delay)
    i.HAL_GPIO_DeInit                        0x080012d0   Section        0  stm32g4xx_hal_gpio.o(i.HAL_GPIO_DeInit)
    i.HAL_GPIO_Init                          0x080013ec   Section        0  stm32g4xx_hal_gpio.o(i.HAL_GPIO_Init)
    i.HAL_GPIO_WritePin                      0x0800159c   Section        0  stm32g4xx_hal_gpio.o(i.HAL_GPIO_WritePin)
    i.HAL_GetTick                            0x080015a8   Section        0  stm32g4xx_hal.o(i.HAL_GetTick)
    i.HAL_I2CEx_ConfigAnalogFilter           0x080015b4   Section        0  stm32g4xx_hal_i2c_ex.o(i.HAL_I2CEx_ConfigAnalogFilter)
    i.HAL_I2CEx_ConfigDigitalFilter          0x0800160e   Section        0  stm32g4xx_hal_i2c_ex.o(i.HAL_I2CEx_ConfigDigitalFilter)
    i.HAL_I2C_Init                           0x08001664   Section        0  stm32g4xx_hal_i2c.o(i.HAL_I2C_Init)
    i.HAL_I2C_MspInit                        0x08001730   Section        0  i2c.o(i.HAL_I2C_MspInit)
    i.HAL_IWDG_Init                          0x080017d0   Section        0  stm32g4xx_hal_iwdg.o(i.HAL_IWDG_Init)
    i.HAL_IWDG_Refresh                       0x08001836   Section        0  stm32g4xx_hal_iwdg.o(i.HAL_IWDG_Refresh)
    i.HAL_IncTick                            0x08001844   Section        0  stm32g4xx_hal.o(i.HAL_IncTick)
    i.HAL_Init                               0x08001854   Section        0  stm32g4xx_hal.o(i.HAL_Init)
    i.HAL_InitTick                           0x08001874   Section        0  stm32g4xx_hal.o(i.HAL_InitTick)
    i.HAL_MspInit                            0x080018c0   Section        0  stm32g4xx_hal_msp.o(i.HAL_MspInit)
    i.HAL_NVIC_DisableIRQ                    0x080018f0   Section        0  stm32g4xx_hal_cortex.o(i.HAL_NVIC_DisableIRQ)
    i.HAL_NVIC_EnableIRQ                     0x08001912   Section        0  stm32g4xx_hal_cortex.o(i.HAL_NVIC_EnableIRQ)
    i.HAL_NVIC_SetPriority                   0x0800192c   Section        0  stm32g4xx_hal_cortex.o(i.HAL_NVIC_SetPriority)
    i.HAL_NVIC_SetPriorityGrouping           0x0800196c   Section        0  stm32g4xx_hal_cortex.o(i.HAL_NVIC_SetPriorityGrouping)
    i.HAL_PWREx_ControlVoltageScaling        0x08001990   Section        0  stm32g4xx_hal_pwr_ex.o(i.HAL_PWREx_ControlVoltageScaling)
    i.HAL_PWREx_DisableUCPDDeadBattery       0x08001a5c   Section        0  stm32g4xx_hal_pwr_ex.o(i.HAL_PWREx_DisableUCPDDeadBattery)
    i.HAL_RCCEx_PeriphCLKConfig              0x08001a6c   Section        0  stm32g4xx_hal_rcc_ex.o(i.HAL_RCCEx_PeriphCLKConfig)
    i.HAL_RCC_ClockConfig                    0x08001d04   Section        0  stm32g4xx_hal_rcc.o(i.HAL_RCC_ClockConfig)
    i.HAL_RCC_GetHCLKFreq                    0x08001ecc   Section        0  stm32g4xx_hal_rcc.o(i.HAL_RCC_GetHCLKFreq)
    i.HAL_RCC_GetPCLK1Freq                   0x08001ed8   Section        0  stm32g4xx_hal_rcc.o(i.HAL_RCC_GetPCLK1Freq)
    i.HAL_RCC_GetPCLK2Freq                   0x08001efc   Section        0  stm32g4xx_hal_rcc.o(i.HAL_RCC_GetPCLK2Freq)
    i.HAL_RCC_GetSysClockFreq                0x08001f20   Section        0  stm32g4xx_hal_rcc.o(i.HAL_RCC_GetSysClockFreq)
    i.HAL_RCC_OscConfig                      0x08001f94   Section        0  stm32g4xx_hal_rcc.o(i.HAL_RCC_OscConfig)
    i.HAL_SPI_DeInit                         0x080023e4   Section        0  stm32g4xx_hal_spi.o(i.HAL_SPI_DeInit)
    i.HAL_SPI_ErrorCallback                  0x08002412   Section        0  stm32g4xx_hal_spi.o(i.HAL_SPI_ErrorCallback)
    i.HAL_SPI_IRQHandler                     0x08002414   Section        0  stm32g4xx_hal_spi.o(i.HAL_SPI_IRQHandler)
    i.HAL_SPI_Init                           0x08002518   Section        0  stm32g4xx_hal_spi.o(i.HAL_SPI_Init)
    i.HAL_SPI_MspDeInit                      0x08002604   Section        0  spi.o(i.HAL_SPI_MspDeInit)
    i.HAL_SPI_MspInit                        0x08002648   Section        0  spi.o(i.HAL_SPI_MspInit)
    i.HAL_SPI_TransmitReceive                0x08002720   Section        0  stm32g4xx_hal_spi.o(i.HAL_SPI_TransmitReceive)
    i.HAL_SYSTICK_CLKSourceConfig            0x080029a2   Section        0  stm32g4xx_hal_cortex.o(i.HAL_SYSTICK_CLKSourceConfig)
    i.HAL_SYSTICK_Config                     0x080029be   Section        0  stm32g4xx_hal_cortex.o(i.HAL_SYSTICK_Config)
    i.HAL_UARTEx_DisableFifoMode             0x080029e6   Section        0  stm32g4xx_hal_uart_ex.o(i.HAL_UARTEx_DisableFifoMode)
    i.HAL_UARTEx_RxEventCallback             0x08002a24   Section        0  stm32g4xx_hal_uart.o(i.HAL_UARTEx_RxEventCallback)
    i.HAL_UARTEx_RxFifoFullCallback          0x08002a26   Section        0  stm32g4xx_hal_uart_ex.o(i.HAL_UARTEx_RxFifoFullCallback)
    i.HAL_UARTEx_SetRxFifoThreshold          0x08002a28   Section        0  stm32g4xx_hal_uart_ex.o(i.HAL_UARTEx_SetRxFifoThreshold)
    i.HAL_UARTEx_SetTxFifoThreshold          0x08002a74   Section        0  stm32g4xx_hal_uart_ex.o(i.HAL_UARTEx_SetTxFifoThreshold)
    i.HAL_UARTEx_TxFifoEmptyCallback         0x08002ac0   Section        0  stm32g4xx_hal_uart_ex.o(i.HAL_UARTEx_TxFifoEmptyCallback)
    i.HAL_UARTEx_WakeupCallback              0x08002ac2   Section        0  stm32g4xx_hal_uart_ex.o(i.HAL_UARTEx_WakeupCallback)
    i.HAL_UART_AbortReceive                  0x08002ac4   Section        0  stm32g4xx_hal_uart.o(i.HAL_UART_AbortReceive)
    i.HAL_UART_ErrorCallback                 0x08002b74   Section        0  stm32g4xx_hal_uart.o(i.HAL_UART_ErrorCallback)
    i.HAL_UART_IRQHandler                    0x08002b78   Section        0  stm32g4xx_hal_uart.o(i.HAL_UART_IRQHandler)
    i.HAL_UART_Init                          0x08002e9c   Section        0  stm32g4xx_hal_uart.o(i.HAL_UART_Init)
    i.HAL_UART_MspInit                       0x08002f0c   Section        0  usart.o(i.HAL_UART_MspInit)
    i.HAL_UART_Receive_DMA                   0x080030d8   Section        0  stm32g4xx_hal_uart.o(i.HAL_UART_Receive_DMA)
    i.HAL_UART_RxCpltCallback                0x08003120   Section        0  stm32g4xx_hal_uart.o(i.HAL_UART_RxCpltCallback)
    i.HAL_UART_RxHalfCpltCallback            0x08003122   Section        0  stm32g4xx_hal_uart.o(i.HAL_UART_RxHalfCpltCallback)
    i.HAL_UART_Transmit                      0x08003124   Section        0  stm32g4xx_hal_uart.o(i.HAL_UART_Transmit)
    i.HAL_UART_TxCpltCallback                0x080031dc   Section        0  stm32g4xx_hal_uart.o(i.HAL_UART_TxCpltCallback)
    i.HardFault_Handler                      0x080031de   Section        0  stm32g4xx_it.o(i.HardFault_Handler)
    i.LL_ADC_GetOffsetChannel                0x080031e0   Section        0  stm32g4xx_hal_adc.o(i.LL_ADC_GetOffsetChannel)
    LL_ADC_GetOffsetChannel                  0x080031e1   Thumb Code    12  stm32g4xx_hal_adc.o(i.LL_ADC_GetOffsetChannel)
    i.LL_ADC_INJ_IsConversionOngoing         0x080031ec   Section        0  stm32g4xx_hal_adc.o(i.LL_ADC_INJ_IsConversionOngoing)
    LL_ADC_INJ_IsConversionOngoing           0x080031ed   Thumb Code     8  stm32g4xx_hal_adc.o(i.LL_ADC_INJ_IsConversionOngoing)
    i.LL_ADC_IsEnabled                       0x080031f4   Section        0  stm32g4xx_hal_adc.o(i.LL_ADC_IsEnabled)
    LL_ADC_IsEnabled                         0x080031f5   Thumb Code     8  stm32g4xx_hal_adc.o(i.LL_ADC_IsEnabled)
    i.LL_ADC_REG_IsConversionOngoing         0x080031fc   Section        0  stm32g4xx_hal_adc.o(i.LL_ADC_REG_IsConversionOngoing)
    LL_ADC_REG_IsConversionOngoing           0x080031fd   Thumb Code     8  stm32g4xx_hal_adc.o(i.LL_ADC_REG_IsConversionOngoing)
    i.LL_ADC_REG_IsConversionOngoing         0x08003204   Section        0  stm32g4xx_hal_adc_ex.o(i.LL_ADC_REG_IsConversionOngoing)
    LL_ADC_REG_IsConversionOngoing           0x08003205   Thumb Code     8  stm32g4xx_hal_adc_ex.o(i.LL_ADC_REG_IsConversionOngoing)
    i.LL_ADC_REG_IsTriggerSourceSWStart      0x0800320c   Section        0  stm32g4xx_hal_adc.o(i.LL_ADC_REG_IsTriggerSourceSWStart)
    LL_ADC_REG_IsTriggerSourceSWStart        0x0800320d   Thumb Code    16  stm32g4xx_hal_adc.o(i.LL_ADC_REG_IsTriggerSourceSWStart)
    i.LL_ADC_SetChannelSamplingTime          0x0800321c   Section        0  stm32g4xx_hal_adc.o(i.LL_ADC_SetChannelSamplingTime)
    LL_ADC_SetChannelSamplingTime            0x0800321d   Thumb Code    30  stm32g4xx_hal_adc.o(i.LL_ADC_SetChannelSamplingTime)
    i.LL_ADC_SetOffsetState                  0x0800323a   Section        0  stm32g4xx_hal_adc.o(i.LL_ADC_SetOffsetState)
    LL_ADC_SetOffsetState                    0x0800323b   Thumb Code    16  stm32g4xx_hal_adc.o(i.LL_ADC_SetOffsetState)
    i.MX_ADC1_Init                           0x0800324c   Section        0  adc.o(i.MX_ADC1_Init)
    i.MX_ADC2_Init                           0x080032e0   Section        0  adc.o(i.MX_ADC2_Init)
    i.MX_DMA_Init                            0x08003360   Section        0  dma.o(i.MX_DMA_Init)
    i.MX_GPIO_Init                           0x0800341c   Section        0  gpio.o(i.MX_GPIO_Init)
    i.MX_I2C3_Init                           0x0800356c   Section        0  i2c.o(i.MX_I2C3_Init)
    i.MX_IWDG_Init                           0x080035c4   Section        0  iwdg.o(i.MX_IWDG_Init)
    i.MX_SPI2_Init                           0x080035f4   Section        0  spi.o(i.MX_SPI2_Init)
    i.MX_USART1_UART_Init                    0x08003644   Section        0  usart.o(i.MX_USART1_UART_Init)
    i.MX_USART2_UART_Init                    0x080036ac   Section        0  usart.o(i.MX_USART2_UART_Init)
    i.MemManage_Handler                      0x08003714   Section        0  stm32g4xx_it.o(i.MemManage_Handler)
    i.NMI_Handler                            0x08003716   Section        0  stm32g4xx_it.o(i.NMI_Handler)
    i.PendSV_Handler                         0x08003718   Section        0  stm32g4xx_it.o(i.PendSV_Handler)
    i.RCC_GetSysClockFreqFromPLLSource       0x0800371c   Section        0  stm32g4xx_hal_rcc.o(i.RCC_GetSysClockFreqFromPLLSource)
    RCC_GetSysClockFreqFromPLLSource         0x0800371d   Thumb Code    66  stm32g4xx_hal_rcc.o(i.RCC_GetSysClockFreqFromPLLSource)
    i.Read_Single_Block                      0x0800376c   Section        0  sd_card.o(i.Read_Single_Block)
    i.SD_BlockAddr                           0x08003804   Section        0  sd_card.o(i.SD_BlockAddr)
    SD_BlockAddr                             0x08003805   Thumb Code    12  sd_card.o(i.SD_BlockAddr)
    i.SD_Get_CardInfo                        0x08003814   Section        0  sd_card.o(i.SD_Get_CardInfo)
    i.SD_Init_SDSC                           0x08003934   Section        0  sd_card.o(i.SD_Init_SDSC)
    i.SD_Initiate_Card                       0x08003a40   Section        0  sd_card.o(i.SD_Initiate_Card)
    i.SD_Reset_Card                          0x08003ab8   Section        0  sd_card.o(i.SD_Reset_Card)
    i.SD_SPI_SetFast                         0x08003b04   Section        0  sd_card.o(i.SD_SPI_SetFast)
    i.SD_SPI_SetSlow                         0x08003b20   Section        0  sd_card.o(i.SD_SPI_SetSlow)
    i.SD_SPI_TxRx                            0x08003b3c   Section        0  sd_card.o(i.SD_SPI_TxRx)
    SD_SPI_TxRx                              0x08003b3d   Thumb Code    32  sd_card.o(i.SD_SPI_TxRx)
    i.SD_SendCmd                             0x08003b60   Section        0  sd_card.o(i.SD_SendCmd)
    i.SD_Wait_NotBusy                        0x08003bcc   Section        0  sd_card.o(i.SD_Wait_NotBusy)
    i.SPI2_IRQHandler                        0x08003bf0   Section        0  stm32g4xx_it.o(i.SPI2_IRQHandler)
    i.SPI_DMAAbortOnError                    0x08003bfc   Section        0  stm32g4xx_hal_spi.o(i.SPI_DMAAbortOnError)
    SPI_DMAAbortOnError                      0x08003bfd   Thumb Code    18  stm32g4xx_hal_spi.o(i.SPI_DMAAbortOnError)
    i.SPI_EndRxTxTransaction                 0x08003c0e   Section        0  stm32g4xx_hal_spi.o(i.SPI_EndRxTxTransaction)
    SPI_EndRxTxTransaction                   0x08003c0f   Thumb Code   100  stm32g4xx_hal_spi.o(i.SPI_EndRxTxTransaction)
    i.SPI_WaitFifoStateUntilTimeout          0x08003c74   Section        0  stm32g4xx_hal_spi.o(i.SPI_WaitFifoStateUntilTimeout)
    SPI_WaitFifoStateUntilTimeout            0x08003c75   Thumb Code   218  stm32g4xx_hal_spi.o(i.SPI_WaitFifoStateUntilTimeout)
    i.SPI_WaitFlagStateUntilTimeout          0x08003d54   Section        0  stm32g4xx_hal_spi.o(i.SPI_WaitFlagStateUntilTimeout)
    SPI_WaitFlagStateUntilTimeout            0x08003d55   Thumb Code   184  stm32g4xx_hal_spi.o(i.SPI_WaitFlagStateUntilTimeout)
    i.SVC_Handler                            0x08003e10   Section        0  stm32g4xx_it.o(i.SVC_Handler)
    i.SysTick_Handler                        0x08003e12   Section        0  stm32g4xx_it.o(i.SysTick_Handler)
    i.SystemClock_Config                     0x08003e16   Section        0  main.o(i.SystemClock_Config)
    i.SystemInit                             0x08003e88   Section        0  system_stm32g4xx.o(i.SystemInit)
    i.UARTEx_SetNbDataToProcess              0x08003e98   Section        0  stm32g4xx_hal_uart_ex.o(i.UARTEx_SetNbDataToProcess)
    UARTEx_SetNbDataToProcess                0x08003e99   Thumb Code    66  stm32g4xx_hal_uart_ex.o(i.UARTEx_SetNbDataToProcess)
    i.UART_AdvFeatureConfig                  0x08003ee0   Section        0  stm32g4xx_hal_uart.o(i.UART_AdvFeatureConfig)
    i.UART_CheckIdleState                    0x08003fa8   Section        0  stm32g4xx_hal_uart.o(i.UART_CheckIdleState)
    i.UART_DMAAbortOnError                   0x08004052   Section        0  stm32g4xx_hal_uart.o(i.UART_DMAAbortOnError)
    UART_DMAAbortOnError                     0x08004053   Thumb Code    16  stm32g4xx_hal_uart.o(i.UART_DMAAbortOnError)
    i.UART_DMAError                          0x08004062   Section        0  stm32g4xx_hal_uart.o(i.UART_DMAError)
    UART_DMAError                            0x08004063   Thumb Code    80  stm32g4xx_hal_uart.o(i.UART_DMAError)
    i.UART_DMAReceiveCplt                    0x080040b2   Section        0  stm32g4xx_hal_uart.o(i.UART_DMAReceiveCplt)
    UART_DMAReceiveCplt                      0x080040b3   Thumb Code   134  stm32g4xx_hal_uart.o(i.UART_DMAReceiveCplt)
    i.UART_DMARxHalfCplt                     0x08004138   Section        0  stm32g4xx_hal_uart.o(i.UART_DMARxHalfCplt)
    UART_DMARxHalfCplt                       0x08004139   Thumb Code    32  stm32g4xx_hal_uart.o(i.UART_DMARxHalfCplt)
    i.UART_EndRxTransfer                     0x08004158   Section        0  stm32g4xx_hal_uart.o(i.UART_EndRxTransfer)
    UART_EndRxTransfer                       0x08004159   Thumb Code    78  stm32g4xx_hal_uart.o(i.UART_EndRxTransfer)
    i.UART_EndTransmit_IT                    0x080041ac   Section        0  stm32g4xx_hal_uart.o(i.UART_EndTransmit_IT)
    UART_EndTransmit_IT                      0x080041ad   Thumb Code    36  stm32g4xx_hal_uart.o(i.UART_EndTransmit_IT)
    i.UART_EndTxTransfer                     0x080041d0   Section        0  stm32g4xx_hal_uart.o(i.UART_EndTxTransfer)
    UART_EndTxTransfer                       0x080041d1   Thumb Code    46  stm32g4xx_hal_uart.o(i.UART_EndTxTransfer)
    i.UART_SetConfig                         0x08004200   Section        0  stm32g4xx_hal_uart.o(i.UART_SetConfig)
    i.UART_Start_Receive_DMA                 0x080044d4   Section        0  stm32g4xx_hal_uart.o(i.UART_Start_Receive_DMA)
    i.UART_WaitOnFlagUntilTimeout            0x08004578   Section        0  stm32g4xx_hal_uart.o(i.UART_WaitOnFlagUntilTimeout)
    i.USART1_IRQHandler                      0x08004610   Section        0  stm32g4xx_it.o(i.USART1_IRQHandler)
    i.USART2_IRQHandler                      0x08004624   Section        0  stm32g4xx_it.o(i.USART2_IRQHandler)
    i.UsageFault_Handler                     0x08004638   Section        0  stm32g4xx_it.o(i.UsageFault_Handler)
    i.Write_Single_Block                     0x0800463c   Section        0  sd_card.o(i.Write_Single_Block)
    i.__0printf$8                            0x0800479c   Section        0  printf8.o(i.__0printf$8)
    i.__NVIC_SetPriority                     0x080047bc   Section        0  stm32g4xx_hal_cortex.o(i.__NVIC_SetPriority)
    __NVIC_SetPriority                       0x080047bd   Thumb Code    32  stm32g4xx_hal_cortex.o(i.__NVIC_SetPriority)
    i.__scatterload_copy                     0x080047dc   Section       14  handlers.o(i.__scatterload_copy)
    i.__scatterload_null                     0x080047ea   Section        2  handlers.o(i.__scatterload_null)
    i.__scatterload_zeroinit                 0x080047ec   Section       14  handlers.o(i.__scatterload_zeroinit)
    i._printf_core                           0x080047fc   Section        0  printf8.o(i._printf_core)
    _printf_core                             0x080047fd   Thumb Code   996  printf8.o(i._printf_core)
    i._printf_post_padding                   0x08004c0c   Section        0  printf8.o(i._printf_post_padding)
    _printf_post_padding                     0x08004c0d   Thumb Code    36  printf8.o(i._printf_post_padding)
    i._printf_pre_padding                    0x08004c30   Section        0  printf8.o(i._printf_pre_padding)
    _printf_pre_padding                      0x08004c31   Thumb Code    46  printf8.o(i._printf_pre_padding)
    i.all_led_off                            0x08004c60   Section        0  led.o(i.all_led_off)
    i.crc32_init                             0x08004c90   Section        0  soft_crc.o(i.crc32_init)
    i.crc32_soft                             0x08004cc4   Section        0  soft_crc.o(i.crc32_soft)
    i.delay_init                             0x08004cec   Section        0  app.o(i.delay_init)
    i.delay_us                               0x08004d00   Section        0  app.o(i.delay_us)
    i.fputc                                  0x08004d38   Section        0  usart.o(i.fputc)
    i.look_for_used_block_test               0x08004d50   Section        0  sd_card.o(i.look_for_used_block_test)
    i.main                                   0x08004e98   Section        0  main.o(i.main)
    i.start_uart_rx                          0x08004f14   Section        0  comm.o(i.start_uart_rx)
    i.uart1_it_handler                       0x08004f60   Section        0  comm.o(i.uart1_it_handler)
    i.uart2_it_handler                       0x08004fa8   Section        0  comm.o(i.uart2_it_handler)
    .constdata                               0x08004ff0   Section       86  sd_card.o(.constdata)
    __func__                                 0x08004ff0   Data          19  sd_card.o(.constdata)
    __func__                                 0x08005003   Data          16  sd_card.o(.constdata)
    __func__                                 0x08005013   Data          13  sd_card.o(.constdata)
    __func__                                 0x08005020   Data          13  sd_card.o(.constdata)
    __func__                                 0x0800502d   Data          25  sd_card.o(.constdata)
    .constdata                               0x08005046   Section       24  stm32g4xx_hal_uart.o(.constdata)
    .constdata                               0x0800505e   Section       16  stm32g4xx_hal_uart_ex.o(.constdata)
    numerator                                0x0800505e   Data           8  stm32g4xx_hal_uart_ex.o(.constdata)
    denominator                              0x08005066   Data           8  stm32g4xx_hal_uart_ex.o(.constdata)
    .constdata                               0x0800506e   Section       16  system_stm32g4xx.o(.constdata)
    .constdata                               0x0800507e   Section        8  system_stm32g4xx.o(.constdata)
    .data                                    0x20000000   Section        2  comm.o(.data)
    got_rx                                   0x20000000   Data           1  comm.o(.data)
    .data                                    0x20000004   Section       36  app.o(.data)
    imu_reseted_sent                         0x2000000a   Data           1  app.o(.data)
    fac_us                                   0x2000000c   Data           4  app.o(.data)
    .data                                    0x20000028   Section        4  adc.o(.data)
    HAL_RCC_ADC12_CLK_ENABLED                0x20000028   Data           4  adc.o(.data)
    .data                                    0x2000002c   Section        8  sd_card.o(.data)
    .data                                    0x20000034   Section       12  stm32g4xx_hal.o(.data)
    .data                                    0x20000040   Section        4  system_stm32g4xx.o(.data)
    .data                                    0x20000044   Section        4  stdout.o(.data)
    .bss                                     0x20000048   Section     1024  soft_crc.o(.bss)
    crc32_table                              0x20000048   Data        1024  soft_crc.o(.bss)
    .bss                                     0x20000448   Section      128  comm.o(.bss)
    .bss                                     0x200004c8   Section      200  bat_val.o(.bss)
    .bss                                     0x20000590   Section      810  app.o(.bss)
    .bss                                     0x200008bc   Section      408  adc.o(.bss)
    .bss                                     0x20000a54   Section       84  i2c.o(.bss)
    .bss                                     0x20000aa8   Section       16  iwdg.o(.bss)
    .bss                                     0x20000ab8   Section      292  spi.o(.bss)
    .bss                                     0x20000bdc   Section      680  usart.o(.bss)
    .bss                                     0x20000e84   Section     2472  sd_card.o(.bss)
    sd_log_page                              0x20001684   Data         424  sd_card.o(.bss)
    STACK                                    0x20001830   Section     1024  startup_stm32g431xx.o(STACK)

    Global Symbols

    Symbol Name                              Value     Ov Type        Size  Object(Section)

    BuildAttributes$$THM_ISAv4$E$P$D$K$B$S$7EM$VFPi3$EXTD16$VFPS$VFMA$PE$A:L22UL41UL21$X:L11$S22US41US21$IEEE1$IW$USESV6$~STKCKD$USESV7$~SHL$OSPACE$ROPI$EBA8$MICROLIB$REQ8$PRES8$EABIv2 0x00000000   Number         0  anon$$obj.o ABSOLUTE
    __ARM_use_no_argv                        0x00000000   Number         0  main.o ABSOLUTE
    _printf_a                                0x00000000   Number         0  stubs.o ABSOLUTE
    _printf_c                                0x00000000   Number         0  stubs.o ABSOLUTE
    _printf_charcount                        0x00000000   Number         0  stubs.o ABSOLUTE
    _printf_d                                0x00000000   Number         0  stubs.o ABSOLUTE
    _printf_e                                0x00000000   Number         0  stubs.o ABSOLUTE
    _printf_f                                0x00000000   Number         0  stubs.o ABSOLUTE
    _printf_flags                            0x00000000   Number         0  stubs.o ABSOLUTE
    _printf_fp_dec                           0x00000000   Number         0  stubs.o ABSOLUTE
    _printf_fp_hex                           0x00000000   Number         0  stubs.o ABSOLUTE
    _printf_g                                0x00000000   Number         0  stubs.o ABSOLUTE
    _printf_i                                0x00000000   Number         0  stubs.o ABSOLUTE
    _printf_int_dec                          0x00000000   Number         0  stubs.o ABSOLUTE
    _printf_l                                0x00000000   Number         0  stubs.o ABSOLUTE
    _printf_lc                               0x00000000   Number         0  stubs.o ABSOLUTE
    _printf_ll                               0x00000000   Number         0  stubs.o ABSOLUTE
    _printf_lld                              0x00000000   Number         0  stubs.o ABSOLUTE
    _printf_lli                              0x00000000   Number         0  stubs.o ABSOLUTE
    _printf_llo                              0x00000000   Number         0  stubs.o ABSOLUTE
    _printf_llu                              0x00000000   Number         0  stubs.o ABSOLUTE
    _printf_llx                              0x00000000   Number         0  stubs.o ABSOLUTE
    _printf_longlong_dec                     0x00000000   Number         0  stubs.o ABSOLUTE
    _printf_longlong_hex                     0x00000000   Number         0  stubs.o ABSOLUTE
    _printf_longlong_oct                     0x00000000   Number         0  stubs.o ABSOLUTE
    _printf_ls                               0x00000000   Number         0  stubs.o ABSOLUTE
    _printf_mbtowc                           0x00000000   Number         0  stubs.o ABSOLUTE
    _printf_n                                0x00000000   Number         0  stubs.o ABSOLUTE
    _printf_o                                0x00000000   Number         0  stubs.o ABSOLUTE
    _printf_p                                0x00000000   Number         0  stubs.o ABSOLUTE
    _printf_percent                          0x00000000   Number         0  stubs.o ABSOLUTE
    _printf_pre_padding                      0x00000000   Number         0  stubs.o ABSOLUTE
    _printf_return_value                     0x00000000   Number         0  stubs.o ABSOLUTE
    _printf_s                                0x00000000   Number         0  stubs.o ABSOLUTE
    _printf_sizespec                         0x00000000   Number         0  stubs.o ABSOLUTE
    _printf_str                              0x00000000   Number         0  stubs.o ABSOLUTE
    _printf_truncate_signed                  0x00000000   Number         0  stubs.o ABSOLUTE
    _printf_truncate_unsigned                0x00000000   Number         0  stubs.o ABSOLUTE
    _printf_u                                0x00000000   Number         0  stubs.o ABSOLUTE
    _printf_wc                               0x00000000   Number         0  stubs.o ABSOLUTE
    _printf_wctomb                           0x00000000   Number         0  stubs.o ABSOLUTE
    _printf_widthprec                        0x00000000   Number         0  stubs.o ABSOLUTE
    _printf_x                                0x00000000   Number         0  stubs.o ABSOLUTE
    __cpp_initialize__aeabi_                  - Undefined Weak Reference
    __cxa_finalize                            - Undefined Weak Reference
    __decompress                              - Undefined Weak Reference
    _clock_init                               - Undefined Weak Reference
    _microlib_exit                            - Undefined Weak Reference
    __Vectors_Size                           0x000001d8   Number         0  startup_stm32g431xx.o ABSOLUTE
    __Vectors                                0x08000000   Data           4  startup_stm32g431xx.o(RESET)
    __Vectors_End                            0x080001d8   Data           0  startup_stm32g431xx.o(RESET)
    __main                                   0x080001d9   Thumb Code     0  entry.o(.ARM.Collect$$$$00000000)
    _main_stk                                0x080001d9   Thumb Code     0  entry2.o(.ARM.Collect$$$$00000001)
    _main_scatterload                        0x080001dd   Thumb Code     0  entry5.o(.ARM.Collect$$$$00000004)
    __main_after_scatterload                 0x080001e1   Thumb Code     0  entry5.o(.ARM.Collect$$$$00000004)
    _main_clock                              0x080001e1   Thumb Code     0  entry7b.o(.ARM.Collect$$$$00000008)
    _main_cpp_init                           0x080001e1   Thumb Code     0  entry8b.o(.ARM.Collect$$$$0000000A)
    _main_init                               0x080001e1   Thumb Code     0  entry9a.o(.ARM.Collect$$$$0000000B)
    __rt_final_cpp                           0x080001e9   Thumb Code     0  entry10a.o(.ARM.Collect$$$$0000000D)
    __rt_final_exit                          0x080001e9   Thumb Code     0  entry11a.o(.ARM.Collect$$$$0000000F)
    Reset_Handler                            0x080001ed   Thumb Code     8  startup_stm32g431xx.o(.text)
    ADC1_2_IRQHandler                        0x08000207   Thumb Code     0  startup_stm32g431xx.o(.text)
    COMP1_2_3_IRQHandler                     0x08000207   Thumb Code     0  startup_stm32g431xx.o(.text)
    COMP4_IRQHandler                         0x08000207   Thumb Code     0  startup_stm32g431xx.o(.text)
    CORDIC_IRQHandler                        0x08000207   Thumb Code     0  startup_stm32g431xx.o(.text)
    CRS_IRQHandler                           0x08000207   Thumb Code     0  startup_stm32g431xx.o(.text)
    DMA2_Channel3_IRQHandler                 0x08000207   Thumb Code     0  startup_stm32g431xx.o(.text)
    DMA2_Channel4_IRQHandler                 0x08000207   Thumb Code     0  startup_stm32g431xx.o(.text)
    DMA2_Channel5_IRQHandler                 0x08000207   Thumb Code     0  startup_stm32g431xx.o(.text)
    DMA2_Channel6_IRQHandler                 0x08000207   Thumb Code     0  startup_stm32g431xx.o(.text)
    DMAMUX_OVR_IRQHandler                    0x08000207   Thumb Code     0  startup_stm32g431xx.o(.text)
    EXTI0_IRQHandler                         0x08000207   Thumb Code     0  startup_stm32g431xx.o(.text)
    EXTI15_10_IRQHandler                     0x08000207   Thumb Code     0  startup_stm32g431xx.o(.text)
    EXTI1_IRQHandler                         0x08000207   Thumb Code     0  startup_stm32g431xx.o(.text)
    EXTI2_IRQHandler                         0x08000207   Thumb Code     0  startup_stm32g431xx.o(.text)
    EXTI3_IRQHandler                         0x08000207   Thumb Code     0  startup_stm32g431xx.o(.text)
    EXTI4_IRQHandler                         0x08000207   Thumb Code     0  startup_stm32g431xx.o(.text)
    EXTI9_5_IRQHandler                       0x08000207   Thumb Code     0  startup_stm32g431xx.o(.text)
    FDCAN1_IT0_IRQHandler                    0x08000207   Thumb Code     0  startup_stm32g431xx.o(.text)
    FDCAN1_IT1_IRQHandler                    0x08000207   Thumb Code     0  startup_stm32g431xx.o(.text)
    FLASH_IRQHandler                         0x08000207   Thumb Code     0  startup_stm32g431xx.o(.text)
    FMAC_IRQHandler                          0x08000207   Thumb Code     0  startup_stm32g431xx.o(.text)
    FPU_IRQHandler                           0x08000207   Thumb Code     0  startup_stm32g431xx.o(.text)
    I2C1_ER_IRQHandler                       0x08000207   Thumb Code     0  startup_stm32g431xx.o(.text)
    I2C1_EV_IRQHandler                       0x08000207   Thumb Code     0  startup_stm32g431xx.o(.text)
    I2C2_ER_IRQHandler                       0x08000207   Thumb Code     0  startup_stm32g431xx.o(.text)
    I2C2_EV_IRQHandler                       0x08000207   Thumb Code     0  startup_stm32g431xx.o(.text)
    I2C3_ER_IRQHandler                       0x08000207   Thumb Code     0  startup_stm32g431xx.o(.text)
    I2C3_EV_IRQHandler                       0x08000207   Thumb Code     0  startup_stm32g431xx.o(.text)
    LPTIM1_IRQHandler                        0x08000207   Thumb Code     0  startup_stm32g431xx.o(.text)
    LPUART1_IRQHandler                       0x08000207   Thumb Code     0  startup_stm32g431xx.o(.text)
    PVD_PVM_IRQHandler                       0x08000207   Thumb Code     0  startup_stm32g431xx.o(.text)
    RCC_IRQHandler                           0x08000207   Thumb Code     0  startup_stm32g431xx.o(.text)
    RNG_IRQHandler                           0x08000207   Thumb Code     0  startup_stm32g431xx.o(.text)
    RTC_Alarm_IRQHandler                     0x08000207   Thumb Code     0  startup_stm32g431xx.o(.text)
    RTC_TAMP_LSECSS_IRQHandler               0x08000207   Thumb Code     0  startup_stm32g431xx.o(.text)
    RTC_WKUP_IRQHandler                      0x08000207   Thumb Code     0  startup_stm32g431xx.o(.text)
    SAI1_IRQHandler                          0x08000207   Thumb Code     0  startup_stm32g431xx.o(.text)
    SPI1_IRQHandler                          0x08000207   Thumb Code     0  startup_stm32g431xx.o(.text)
    SPI3_IRQHandler                          0x08000207   Thumb Code     0  startup_stm32g431xx.o(.text)
    TIM1_BRK_TIM15_IRQHandler                0x08000207   Thumb Code     0  startup_stm32g431xx.o(.text)
    TIM1_CC_IRQHandler                       0x08000207   Thumb Code     0  startup_stm32g431xx.o(.text)
    TIM1_TRG_COM_TIM17_IRQHandler            0x08000207   Thumb Code     0  startup_stm32g431xx.o(.text)
    TIM1_UP_TIM16_IRQHandler                 0x08000207   Thumb Code     0  startup_stm32g431xx.o(.text)
    TIM2_IRQHandler                          0x08000207   Thumb Code     0  startup_stm32g431xx.o(.text)
    TIM3_IRQHandler                          0x08000207   Thumb Code     0  startup_stm32g431xx.o(.text)
    TIM4_IRQHandler                          0x08000207   Thumb Code     0  startup_stm32g431xx.o(.text)
    TIM6_DAC_IRQHandler                      0x08000207   Thumb Code     0  startup_stm32g431xx.o(.text)
    TIM7_IRQHandler                          0x08000207   Thumb Code     0  startup_stm32g431xx.o(.text)
    TIM8_BRK_IRQHandler                      0x08000207   Thumb Code     0  startup_stm32g431xx.o(.text)
    TIM8_CC_IRQHandler                       0x08000207   Thumb Code     0  startup_stm32g431xx.o(.text)
    TIM8_TRG_COM_IRQHandler                  0x08000207   Thumb Code     0  startup_stm32g431xx.o(.text)
    TIM8_UP_IRQHandler                       0x08000207   Thumb Code     0  startup_stm32g431xx.o(.text)
    UART4_IRQHandler                         0x08000207   Thumb Code     0  startup_stm32g431xx.o(.text)
    UCPD1_IRQHandler                         0x08000207   Thumb Code     0  startup_stm32g431xx.o(.text)
    USART3_IRQHandler                        0x08000207   Thumb Code     0  startup_stm32g431xx.o(.text)
    USBWakeUp_IRQHandler                     0x08000207   Thumb Code     0  startup_stm32g431xx.o(.text)
    USB_HP_IRQHandler                        0x08000207   Thumb Code     0  startup_stm32g431xx.o(.text)
    USB_LP_IRQHandler                        0x08000207   Thumb Code     0  startup_stm32g431xx.o(.text)
    WWDG_IRQHandler                          0x08000207   Thumb Code     0  startup_stm32g431xx.o(.text)
    __aeabi_uldivmod                         0x08000211   Thumb Code    98  uldiv.o(.text)
    __aeabi_memset                           0x08000273   Thumb Code    14  memseta.o(.text)
    __aeabi_memset4                          0x08000273   Thumb Code     0  memseta.o(.text)
    __aeabi_memset8                          0x08000273   Thumb Code     0  memseta.o(.text)
    __aeabi_memclr                           0x08000281   Thumb Code     4  memseta.o(.text)
    __aeabi_memclr4                          0x08000281   Thumb Code     0  memseta.o(.text)
    __aeabi_memclr8                          0x08000281   Thumb Code     0  memseta.o(.text)
    _memset$wrapper                          0x08000285   Thumb Code    18  memseta.o(.text)
    __aeabi_llsl                             0x08000297   Thumb Code    30  llshl.o(.text)
    _ll_shift_l                              0x08000297   Thumb Code     0  llshl.o(.text)
    __aeabi_llsr                             0x080002b5   Thumb Code    32  llushr.o(.text)
    _ll_ushift_r                             0x080002b5   Thumb Code     0  llushr.o(.text)
    __scatterload                            0x080002d5   Thumb Code    28  init.o(.text)
    __scatterload_rt2                        0x080002d5   Thumb Code     0  init.o(.text)
    ADC_DMAConvCplt                          0x080002f9   Thumb Code   126  stm32g4xx_hal_adc.o(i.ADC_DMAConvCplt)
    ADC_DMAError                             0x08000377   Thumb Code    26  stm32g4xx_hal_adc.o(i.ADC_DMAError)
    ADC_DMAHalfConvCplt                      0x08000391   Thumb Code    10  stm32g4xx_hal_adc.o(i.ADC_DMAHalfConvCplt)
    ADC_Enable                               0x0800039d   Thumb Code   184  stm32g4xx_hal_adc.o(i.ADC_Enable)
    BusFault_Handler                         0x08000465   Thumb Code     2  stm32g4xx_it.o(i.BusFault_Handler)
    DMA1_Channel1_IRQHandler                 0x08000469   Thumb Code     6  stm32g4xx_it.o(i.DMA1_Channel1_IRQHandler)
    DMA1_Channel2_IRQHandler                 0x08000475   Thumb Code     6  stm32g4xx_it.o(i.DMA1_Channel2_IRQHandler)
    DMA1_Channel3_IRQHandler                 0x08000481   Thumb Code     6  stm32g4xx_it.o(i.DMA1_Channel3_IRQHandler)
    DMA1_Channel4_IRQHandler                 0x0800048d   Thumb Code     6  stm32g4xx_it.o(i.DMA1_Channel4_IRQHandler)
    DMA1_Channel5_IRQHandler                 0x08000499   Thumb Code     6  stm32g4xx_it.o(i.DMA1_Channel5_IRQHandler)
    DMA1_Channel6_IRQHandler                 0x080004a5   Thumb Code     6  stm32g4xx_it.o(i.DMA1_Channel6_IRQHandler)
    DMA2_Channel1_IRQHandler                 0x080004b1   Thumb Code     6  stm32g4xx_it.o(i.DMA2_Channel1_IRQHandler)
    DMA2_Channel2_IRQHandler                 0x080004bd   Thumb Code     6  stm32g4xx_it.o(i.DMA2_Channel2_IRQHandler)
    DebugMon_Handler                         0x0800056f   Thumb Code     2  stm32g4xx_it.o(i.DebugMon_Handler)
    Error_Handler                            0x08000571   Thumb Code     4  main.o(i.Error_Handler)
    HAL_ADCEx_MultiModeConfigChannel         0x08000575   Thumb Code   222  stm32g4xx_hal_adc_ex.o(i.HAL_ADCEx_MultiModeConfigChannel)
    HAL_ADC_ConfigChannel                    0x0800065d   Thumb Code  1026  stm32g4xx_hal_adc.o(i.HAL_ADC_ConfigChannel)
    HAL_ADC_ConvCpltCallback                 0x08000a91   Thumb Code    28  app.o(i.HAL_ADC_ConvCpltCallback)
    HAL_ADC_ConvHalfCpltCallback             0x08000ab5   Thumb Code     2  stm32g4xx_hal_adc.o(i.HAL_ADC_ConvHalfCpltCallback)
    HAL_ADC_ErrorCallback                    0x08000ab7   Thumb Code     2  stm32g4xx_hal_adc.o(i.HAL_ADC_ErrorCallback)
    HAL_ADC_Init                             0x08000ab9   Thumb Code   482  stm32g4xx_hal_adc.o(i.HAL_ADC_Init)
    HAL_ADC_MspInit                          0x08000cb9   Thumb Code   316  adc.o(i.HAL_ADC_MspInit)
    HAL_ADC_Start_DMA                        0x08000e0d   Thumb Code   224  stm32g4xx_hal_adc.o(i.HAL_ADC_Start_DMA)
    HAL_DMA_Abort                            0x08000f05   Thumb Code   104  stm32g4xx_hal_dma.o(i.HAL_DMA_Abort)
    HAL_DMA_Abort_IT                         0x08000f6d   Thumb Code   118  stm32g4xx_hal_dma.o(i.HAL_DMA_Abort_IT)
    HAL_DMA_DeInit                           0x08000fe5   Thumb Code   156  stm32g4xx_hal_dma.o(i.HAL_DMA_DeInit)
    HAL_DMA_GetError                         0x0800108d   Thumb Code     4  stm32g4xx_hal_dma.o(i.HAL_DMA_GetError)
    HAL_DMA_IRQHandler                       0x08001091   Thumb Code   204  stm32g4xx_hal_dma.o(i.HAL_DMA_IRQHandler)
    HAL_DMA_Init                             0x0800115d   Thumb Code   180  stm32g4xx_hal_dma.o(i.HAL_DMA_Init)
    HAL_DMA_Start_IT                         0x0800121d   Thumb Code   144  stm32g4xx_hal_dma.o(i.HAL_DMA_Start_IT)
    HAL_Delay                                0x080012ad   Thumb Code    32  stm32g4xx_hal.o(i.HAL_Delay)
    HAL_GPIO_DeInit                          0x080012d1   Thumb Code   256  stm32g4xx_hal_gpio.o(i.HAL_GPIO_DeInit)
    HAL_GPIO_Init                            0x080013ed   Thumb Code   400  stm32g4xx_hal_gpio.o(i.HAL_GPIO_Init)
    HAL_GPIO_WritePin                        0x0800159d   Thumb Code    12  stm32g4xx_hal_gpio.o(i.HAL_GPIO_WritePin)
    HAL_GetTick                              0x080015a9   Thumb Code     6  stm32g4xx_hal.o(i.HAL_GetTick)
    HAL_I2CEx_ConfigAnalogFilter             0x080015b5   Thumb Code    90  stm32g4xx_hal_i2c_ex.o(i.HAL_I2CEx_ConfigAnalogFilter)
    HAL_I2CEx_ConfigDigitalFilter            0x0800160f   Thumb Code    86  stm32g4xx_hal_i2c_ex.o(i.HAL_I2CEx_ConfigDigitalFilter)
    HAL_I2C_Init                             0x08001665   Thumb Code   198  stm32g4xx_hal_i2c.o(i.HAL_I2C_Init)
    HAL_I2C_MspInit                          0x08001731   Thumb Code   148  i2c.o(i.HAL_I2C_MspInit)
    HAL_IWDG_Init                            0x080017d1   Thumb Code   102  stm32g4xx_hal_iwdg.o(i.HAL_IWDG_Init)
    HAL_IWDG_Refresh                         0x08001837   Thumb Code    12  stm32g4xx_hal_iwdg.o(i.HAL_IWDG_Refresh)
    HAL_IncTick                              0x08001845   Thumb Code    12  stm32g4xx_hal.o(i.HAL_IncTick)
    HAL_Init                                 0x08001855   Thumb Code    30  stm32g4xx_hal.o(i.HAL_Init)
    HAL_InitTick                             0x08001875   Thumb Code    68  stm32g4xx_hal.o(i.HAL_InitTick)
    HAL_MspInit                              0x080018c1   Thumb Code    42  stm32g4xx_hal_msp.o(i.HAL_MspInit)
    HAL_NVIC_DisableIRQ                      0x080018f1   Thumb Code    34  stm32g4xx_hal_cortex.o(i.HAL_NVIC_DisableIRQ)
    HAL_NVIC_EnableIRQ                       0x08001913   Thumb Code    26  stm32g4xx_hal_cortex.o(i.HAL_NVIC_EnableIRQ)
    HAL_NVIC_SetPriority                     0x0800192d   Thumb Code    60  stm32g4xx_hal_cortex.o(i.HAL_NVIC_SetPriority)
    HAL_NVIC_SetPriorityGrouping             0x0800196d   Thumb Code    26  stm32g4xx_hal_cortex.o(i.HAL_NVIC_SetPriorityGrouping)
    HAL_PWREx_ControlVoltageScaling          0x08001991   Thumb Code   190  stm32g4xx_hal_pwr_ex.o(i.HAL_PWREx_ControlVoltageScaling)
    HAL_PWREx_DisableUCPDDeadBattery         0x08001a5d   Thumb Code    12  stm32g4xx_hal_pwr_ex.o(i.HAL_PWREx_DisableUCPDDeadBattery)
    HAL_RCCEx_PeriphCLKConfig                0x08001a6d   Thumb Code   656  stm32g4xx_hal_rcc_ex.o(i.HAL_RCCEx_PeriphCLKConfig)
    HAL_RCC_ClockConfig                      0x08001d05   Thumb Code   432  stm32g4xx_hal_rcc.o(i.HAL_RCC_ClockConfig)
    HAL_RCC_GetHCLKFreq                      0x08001ecd   Thumb Code     6  stm32g4xx_hal_rcc.o(i.HAL_RCC_GetHCLKFreq)
    HAL_RCC_GetPCLK1Freq                     0x08001ed9   Thumb Code    26  stm32g4xx_hal_rcc.o(i.HAL_RCC_GetPCLK1Freq)
    HAL_RCC_GetPCLK2Freq                     0x08001efd   Thumb Code    26  stm32g4xx_hal_rcc.o(i.HAL_RCC_GetPCLK2Freq)
    HAL_RCC_GetSysClockFreq                  0x08001f21   Thumb Code   106  stm32g4xx_hal_rcc.o(i.HAL_RCC_GetSysClockFreq)
    HAL_RCC_OscConfig                        0x08001f95   Thumb Code  1104  stm32g4xx_hal_rcc.o(i.HAL_RCC_OscConfig)
    HAL_SPI_DeInit                           0x080023e5   Thumb Code    46  stm32g4xx_hal_spi.o(i.HAL_SPI_DeInit)
    HAL_SPI_ErrorCallback                    0x08002413   Thumb Code     2  stm32g4xx_hal_spi.o(i.HAL_SPI_ErrorCallback)
    HAL_SPI_IRQHandler                       0x08002415   Thumb Code   254  stm32g4xx_hal_spi.o(i.HAL_SPI_IRQHandler)
    HAL_SPI_Init                             0x08002519   Thumb Code   236  stm32g4xx_hal_spi.o(i.HAL_SPI_Init)
    HAL_SPI_MspDeInit                        0x08002605   Thumb Code    56  spi.o(i.HAL_SPI_MspDeInit)
    HAL_SPI_MspInit                          0x08002649   Thumb Code   192  spi.o(i.HAL_SPI_MspInit)
    HAL_SPI_TransmitReceive                  0x08002721   Thumb Code   642  stm32g4xx_hal_spi.o(i.HAL_SPI_TransmitReceive)
    HAL_SYSTICK_CLKSourceConfig              0x080029a3   Thumb Code    28  stm32g4xx_hal_cortex.o(i.HAL_SYSTICK_CLKSourceConfig)
    HAL_SYSTICK_Config                       0x080029bf   Thumb Code    40  stm32g4xx_hal_cortex.o(i.HAL_SYSTICK_Config)
    HAL_UARTEx_DisableFifoMode               0x080029e7   Thumb Code    62  stm32g4xx_hal_uart_ex.o(i.HAL_UARTEx_DisableFifoMode)
    HAL_UARTEx_RxEventCallback               0x08002a25   Thumb Code     2  stm32g4xx_hal_uart.o(i.HAL_UARTEx_RxEventCallback)
    HAL_UARTEx_RxFifoFullCallback            0x08002a27   Thumb Code     2  stm32g4xx_hal_uart_ex.o(i.HAL_UARTEx_RxFifoFullCallback)
    HAL_UARTEx_SetRxFifoThreshold            0x08002a29   Thumb Code    76  stm32g4xx_hal_uart_ex.o(i.HAL_UARTEx_SetRxFifoThreshold)
    HAL_UARTEx_SetTxFifoThreshold            0x08002a75   Thumb Code    76  stm32g4xx_hal_uart_ex.o(i.HAL_UARTEx_SetTxFifoThreshold)
    HAL_UARTEx_TxFifoEmptyCallback           0x08002ac1   Thumb Code     2  stm32g4xx_hal_uart_ex.o(i.HAL_UARTEx_TxFifoEmptyCallback)
    HAL_UARTEx_WakeupCallback                0x08002ac3   Thumb Code     2  stm32g4xx_hal_uart_ex.o(i.HAL_UARTEx_WakeupCallback)
    HAL_UART_AbortReceive                    0x08002ac5   Thumb Code   170  stm32g4xx_hal_uart.o(i.HAL_UART_AbortReceive)
    HAL_UART_ErrorCallback                   0x08002b75   Thumb Code     2  stm32g4xx_hal_uart.o(i.HAL_UART_ErrorCallback)
    HAL_UART_IRQHandler                      0x08002b79   Thumb Code   790  stm32g4xx_hal_uart.o(i.HAL_UART_IRQHandler)
    HAL_UART_Init                            0x08002e9d   Thumb Code   112  stm32g4xx_hal_uart.o(i.HAL_UART_Init)
    HAL_UART_MspInit                         0x08002f0d   Thumb Code   428  usart.o(i.HAL_UART_MspInit)
    HAL_UART_Receive_DMA                     0x080030d9   Thumb Code    66  stm32g4xx_hal_uart.o(i.HAL_UART_Receive_DMA)
    HAL_UART_RxCpltCallback                  0x08003121   Thumb Code     2  stm32g4xx_hal_uart.o(i.HAL_UART_RxCpltCallback)
    HAL_UART_RxHalfCpltCallback              0x08003123   Thumb Code     2  stm32g4xx_hal_uart.o(i.HAL_UART_RxHalfCpltCallback)
    HAL_UART_Transmit                        0x08003125   Thumb Code   184  stm32g4xx_hal_uart.o(i.HAL_UART_Transmit)
    HAL_UART_TxCpltCallback                  0x080031dd   Thumb Code     2  stm32g4xx_hal_uart.o(i.HAL_UART_TxCpltCallback)
    HardFault_Handler                        0x080031df   Thumb Code     2  stm32g4xx_it.o(i.HardFault_Handler)
    MX_ADC1_Init                             0x0800324d   Thumb Code   138  adc.o(i.MX_ADC1_Init)
    MX_ADC2_Init                             0x080032e1   Thumb Code   114  adc.o(i.MX_ADC2_Init)
    MX_DMA_Init                              0x08003361   Thumb Code   184  dma.o(i.MX_DMA_Init)
    MX_GPIO_Init                             0x0800341d   Thumb Code   322  gpio.o(i.MX_GPIO_Init)
    MX_I2C3_Init                             0x0800356d   Thumb Code    76  i2c.o(i.MX_I2C3_Init)
    MX_IWDG_Init                             0x080035c5   Thumb Code    38  iwdg.o(i.MX_IWDG_Init)
    MX_SPI2_Init                             0x080035f5   Thumb Code    70  spi.o(i.MX_SPI2_Init)
    MX_USART1_UART_Init                      0x08003645   Thumb Code    94  usart.o(i.MX_USART1_UART_Init)
    MX_USART2_UART_Init                      0x080036ad   Thumb Code    94  usart.o(i.MX_USART2_UART_Init)
    MemManage_Handler                        0x08003715   Thumb Code     2  stm32g4xx_it.o(i.MemManage_Handler)
    NMI_Handler                              0x08003717   Thumb Code     2  stm32g4xx_it.o(i.NMI_Handler)
    PendSV_Handler                           0x08003719   Thumb Code     2  stm32g4xx_it.o(i.PendSV_Handler)
    Read_Single_Block                        0x0800376d   Thumb Code   144  sd_card.o(i.Read_Single_Block)
    SD_Get_CardInfo                          0x08003815   Thumb Code   224  sd_card.o(i.SD_Get_CardInfo)
    SD_Init_SDSC                             0x08003935   Thumb Code   152  sd_card.o(i.SD_Init_SDSC)
    SD_Initiate_Card                         0x08003a41   Thumb Code   114  sd_card.o(i.SD_Initiate_Card)
    SD_Reset_Card                            0x08003ab9   Thumb Code    70  sd_card.o(i.SD_Reset_Card)
    SD_SPI_SetFast                           0x08003b05   Thumb Code    24  sd_card.o(i.SD_SPI_SetFast)
    SD_SPI_SetSlow                           0x08003b21   Thumb Code    24  sd_card.o(i.SD_SPI_SetSlow)
    SD_SendCmd                               0x08003b61   Thumb Code   102  sd_card.o(i.SD_SendCmd)
    SD_Wait_NotBusy                          0x08003bcd   Thumb Code    30  sd_card.o(i.SD_Wait_NotBusy)
    SPI2_IRQHandler                          0x08003bf1   Thumb Code     6  stm32g4xx_it.o(i.SPI2_IRQHandler)
    SVC_Handler                              0x08003e11   Thumb Code     2  stm32g4xx_it.o(i.SVC_Handler)
    SysTick_Handler                          0x08003e13   Thumb Code     4  stm32g4xx_it.o(i.SysTick_Handler)
    SystemClock_Config                       0x08003e17   Thumb Code   112  main.o(i.SystemClock_Config)
    SystemInit                               0x08003e89   Thumb Code    12  system_stm32g4xx.o(i.SystemInit)
    UART_AdvFeatureConfig                    0x08003ee1   Thumb Code   200  stm32g4xx_hal_uart.o(i.UART_AdvFeatureConfig)
    UART_CheckIdleState                      0x08003fa9   Thumb Code   170  stm32g4xx_hal_uart.o(i.UART_CheckIdleState)
    UART_SetConfig                           0x08004201   Thumb Code   680  stm32g4xx_hal_uart.o(i.UART_SetConfig)
    UART_Start_Receive_DMA                   0x080044d5   Thumb Code   152  stm32g4xx_hal_uart.o(i.UART_Start_Receive_DMA)
    UART_WaitOnFlagUntilTimeout              0x08004579   Thumb Code   152  stm32g4xx_hal_uart.o(i.UART_WaitOnFlagUntilTimeout)
    USART1_IRQHandler                        0x08004611   Thumb Code    16  stm32g4xx_it.o(i.USART1_IRQHandler)
    USART2_IRQHandler                        0x08004625   Thumb Code    16  stm32g4xx_it.o(i.USART2_IRQHandler)
    UsageFault_Handler                       0x08004639   Thumb Code     2  stm32g4xx_it.o(i.UsageFault_Handler)
    Write_Single_Block                       0x0800463d   Thumb Code   230  sd_card.o(i.Write_Single_Block)
    __0printf$8                              0x0800479d   Thumb Code    22  printf8.o(i.__0printf$8)
    __1printf$8                              0x0800479d   Thumb Code     0  printf8.o(i.__0printf$8)
    __2printf                                0x0800479d   Thumb Code     0  printf8.o(i.__0printf$8)
    __scatterload_copy                       0x080047dd   Thumb Code    14  handlers.o(i.__scatterload_copy)
    __scatterload_null                       0x080047eb   Thumb Code     2  handlers.o(i.__scatterload_null)
    __scatterload_zeroinit                   0x080047ed   Thumb Code    14  handlers.o(i.__scatterload_zeroinit)
    all_led_off                              0x08004c61   Thumb Code    38  led.o(i.all_led_off)
    crc32_init                               0x08004c91   Thumb Code    42  soft_crc.o(i.crc32_init)
    crc32_soft                               0x08004cc5   Thumb Code    36  soft_crc.o(i.crc32_soft)
    delay_init                               0x08004ced   Thumb Code    16  app.o(i.delay_init)
    delay_us                                 0x08004d01   Thumb Code    50  app.o(i.delay_us)
    fputc                                    0x08004d39   Thumb Code    20  usart.o(i.fputc)
    look_for_used_block_test                 0x08004d51   Thumb Code   196  sd_card.o(i.look_for_used_block_test)
    main                                     0x08004e99   Thumb Code   102  main.o(i.main)
    start_uart_rx                            0x08004f15   Thumb Code    62  comm.o(i.start_uart_rx)
    uart1_it_handler                         0x08004f61   Thumb Code    60  comm.o(i.uart1_it_handler)
    uart2_it_handler                         0x08004fa9   Thumb Code    60  comm.o(i.uart2_it_handler)
    UARTPrescTable                           0x08005046   Data          24  stm32g4xx_hal_uart.o(.constdata)
    AHBPrescTable                            0x0800506e   Data          16  system_stm32g4xx.o(.constdata)
    APBPrescTable                            0x0800507e   Data           8  system_stm32g4xx.o(.constdata)
    Region$$Table$$Base                      0x08005088   Number         0  anon$$obj.o(Region$$Table)
    Region$$Table$$Limit                     0x080050a8   Number         0  anon$$obj.o(Region$$Table)
    got_rx_u2                                0x20000001   Data           1  comm.o(.data)
    main_adc_busy                            0x20000004   Data           1  app.o(.data)
    bat_adc_done                             0x20000005   Data           1  app.o(.data)
    uart_busy                                0x20000006   Data           1  app.o(.data)
    bl_uart_tx_done                          0x20000007   Data           1  app.o(.data)
    check_reset_imu                          0x20000008   Data           1  app.o(.data)
    need_send_reset_signal                   0x20000009   Data           1  app.o(.data)
    imu_rest_tx_data                         0x20000010   Data           5  app.o(.data)
    q_out                                    0x20000018   Data          16  app.o(.data)
    sd_is_sdhc                               0x2000002c   Data           1  sd_card.o(.data)
    SD_BlockNR                               0x20000030   Data           4  sd_card.o(.data)
    uwTickPrio                               0x20000034   Data           4  stm32g4xx_hal.o(.data)
    uwTickFreq                               0x20000038   Data           4  stm32g4xx_hal.o(.data)
    uwTick                                   0x2000003c   Data           4  stm32g4xx_hal.o(.data)
    SystemCoreClock                          0x20000040   Data           4  system_stm32g4xx.o(.data)
    __stdout                                 0x20000044   Data           4  stdout.o(.data)
    uart1_rx_buf                             0x20000448   Data          64  comm.o(.bss)
    uart2_rx_buf                             0x20000488   Data          64  comm.o(.bss)
    bat_val_dma_buf                          0x200004c8   Data         200  bat_val.o(.bss)
    adc_dma_buffer                           0x20000590   Data          10  app.o(.bss)
    points_data_after_proc                   0x2000059a   Data         256  app.o(.bss)
    points_data                              0x2000069a   Data         260  app.o(.bss)
    tx_data                                  0x2000079e   Data         284  app.o(.bss)
    hadc1                                    0x200008bc   Data         108  adc.o(.bss)
    hadc2                                    0x20000928   Data         108  adc.o(.bss)
    hdma_adc1                                0x20000994   Data          96  adc.o(.bss)
    hdma_adc2                                0x200009f4   Data          96  adc.o(.bss)
    hi2c3                                    0x20000a54   Data          84  i2c.o(.bss)
    hiwdg                                    0x20000aa8   Data          16  iwdg.o(.bss)
    hspi2                                    0x20000ab8   Data         100  spi.o(.bss)
    hdma_spi2_rx                             0x20000b1c   Data          96  spi.o(.bss)
    hdma_spi2_tx                             0x20000b7c   Data          96  spi.o(.bss)
    huart1                                   0x20000bdc   Data         148  usart.o(.bss)
    huart2                                   0x20000c70   Data         148  usart.o(.bss)
    hdma_usart1_tx                           0x20000d04   Data          96  usart.o(.bss)
    hdma_usart1_rx                           0x20000d64   Data          96  usart.o(.bss)
    hdma_usart2_rx                           0x20000dc4   Data          96  usart.o(.bss)
    hdma_usart2_tx                           0x20000e24   Data          96  usart.o(.bss)
    ReadBuffer                               0x20000e84   Data        1024  sd_card.o(.bss)
    WriteBuffer                              0x20001284   Data        1024  sd_card.o(.bss)
    __initial_sp                             0x20001c30   Data           0  startup_stm32g431xx.o(STACK)



==============================================================================

Memory Map of the image

  Image Entry point : 0x080001d9

  Load Region LR_IROM1 (Base: 0x08000000, Size: 0x000050f0, Max: 0x00020000, ABSOLUTE)

    Execution Region ER_IROM1 (Exec base: 0x08000000, Load base: 0x08000000, Size: 0x000050a8, Max: 0x00020000, ABSOLUTE)

    Exec Addr    Load Addr    Size         Type   Attr      Idx    E Section Name        Object

    0x08000000   0x08000000   0x000001d8   Data   RO            3    RESET               startup_stm32g431xx.o
    0x080001d8   0x080001d8   0x00000000   Code   RO         4995  * .ARM.Collect$$$$00000000  mc_w.l(entry.o)
    0x080001d8   0x080001d8   0x00000004   Code   RO         5269    .ARM.Collect$$$$00000001  mc_w.l(entry2.o)
    0x080001dc   0x080001dc   0x00000004   Code   RO         5272    .ARM.Collect$$$$00000004  mc_w.l(entry5.o)
    0x080001e0   0x080001e0   0x00000000   Code   RO         5274    .ARM.Collect$$$$00000008  mc_w.l(entry7b.o)
    0x080001e0   0x080001e0   0x00000000   Code   RO         5276    .ARM.Collect$$$$0000000A  mc_w.l(entry8b.o)
    0x080001e0   0x080001e0   0x00000008   Code   RO         5277    .ARM.Collect$$$$0000000B  mc_w.l(entry9a.o)
    0x080001e8   0x080001e8   0x00000000   Code   RO         5279    .ARM.Collect$$$$0000000D  mc_w.l(entry10a.o)
    0x080001e8   0x080001e8   0x00000000   Code   RO         5281    .ARM.Collect$$$$0000000F  mc_w.l(entry11a.o)
    0x080001e8   0x080001e8   0x00000004   Code   RO         5270    .ARM.Collect$$$$00002712  mc_w.l(entry2.o)
    0x080001ec   0x080001ec   0x00000024   Code   RO            4    .text               startup_stm32g431xx.o
    0x08000210   0x08000210   0x00000062   Code   RO         4998    .text               mc_w.l(uldiv.o)
    0x08000272   0x08000272   0x00000024   Code   RO         5002    .text               mc_w.l(memseta.o)
    0x08000296   0x08000296   0x0000001e   Code   RO         5286    .text               mc_w.l(llshl.o)
    0x080002b4   0x080002b4   0x00000020   Code   RO         5288    .text               mc_w.l(llushr.o)
    0x080002d4   0x080002d4   0x00000024   Code   RO         5301    .text               mc_w.l(init.o)
    0x080002f8   0x080002f8   0x0000007e   Code   RO         1484    i.ADC_DMAConvCplt   stm32g4xx_hal_adc.o
    0x08000376   0x08000376   0x0000001a   Code   RO         1485    i.ADC_DMAError      stm32g4xx_hal_adc.o
    0x08000390   0x08000390   0x0000000a   Code   RO         1486    i.ADC_DMAHalfConvCplt  stm32g4xx_hal_adc.o
    0x0800039a   0x0800039a   0x00000002   PAD
    0x0800039c   0x0800039c   0x000000c8   Code   RO         1488    i.ADC_Enable        stm32g4xx_hal_adc.o
    0x08000464   0x08000464   0x00000002   Code   RO         1159    i.BusFault_Handler  stm32g4xx_it.o
    0x08000466   0x08000466   0x00000002   PAD
    0x08000468   0x08000468   0x0000000c   Code   RO         1160    i.DMA1_Channel1_IRQHandler  stm32g4xx_it.o
    0x08000474   0x08000474   0x0000000c   Code   RO         1161    i.DMA1_Channel2_IRQHandler  stm32g4xx_it.o
    0x08000480   0x08000480   0x0000000c   Code   RO         1162    i.DMA1_Channel3_IRQHandler  stm32g4xx_it.o
    0x0800048c   0x0800048c   0x0000000c   Code   RO         1163    i.DMA1_Channel4_IRQHandler  stm32g4xx_it.o
    0x08000498   0x08000498   0x0000000c   Code   RO         1164    i.DMA1_Channel5_IRQHandler  stm32g4xx_it.o
    0x080004a4   0x080004a4   0x0000000c   Code   RO         1165    i.DMA1_Channel6_IRQHandler  stm32g4xx_it.o
    0x080004b0   0x080004b0   0x0000000c   Code   RO         1166    i.DMA2_Channel1_IRQHandler  stm32g4xx_it.o
    0x080004bc   0x080004bc   0x0000000c   Code   RO         1167    i.DMA2_Channel2_IRQHandler  stm32g4xx_it.o
    0x080004c8   0x080004c8   0x00000040   Code   RO         2851    i.DMA_CalcDMAMUXChannelBaseAndMask  stm32g4xx_hal_dma.o
    0x08000508   0x08000508   0x00000024   Code   RO         2852    i.DMA_CalcDMAMUXRequestGenBaseAndMask  stm32g4xx_hal_dma.o
    0x0800052c   0x0800052c   0x00000042   Code   RO         2853    i.DMA_SetConfig     stm32g4xx_hal_dma.o
    0x0800056e   0x0800056e   0x00000002   Code   RO         1168    i.DebugMon_Handler  stm32g4xx_it.o
    0x08000570   0x08000570   0x00000004   Code   RO          833    i.Error_Handler     main.o
    0x08000574   0x08000574   0x000000e8   Code   RO         1743    i.HAL_ADCEx_MultiModeConfigChannel  stm32g4xx_hal_adc_ex.o
    0x0800065c   0x0800065c   0x00000434   Code   RO         1490    i.HAL_ADC_ConfigChannel  stm32g4xx_hal_adc.o
    0x08000a90   0x08000a90   0x00000024   Code   RO          670    i.HAL_ADC_ConvCpltCallback  app.o
    0x08000ab4   0x08000ab4   0x00000002   Code   RO         1492    i.HAL_ADC_ConvHalfCpltCallback  stm32g4xx_hal_adc.o
    0x08000ab6   0x08000ab6   0x00000002   Code   RO         1494    i.HAL_ADC_ErrorCallback  stm32g4xx_hal_adc.o
    0x08000ab8   0x08000ab8   0x00000200   Code   RO         1499    i.HAL_ADC_Init      stm32g4xx_hal_adc.o
    0x08000cb8   0x08000cb8   0x00000154   Code   RO          919    i.HAL_ADC_MspInit   adc.o
    0x08000e0c   0x08000e0c   0x000000f8   Code   RO         1507    i.HAL_ADC_Start_DMA  stm32g4xx_hal_adc.o
    0x08000f04   0x08000f04   0x00000068   Code   RO         2854    i.HAL_DMA_Abort     stm32g4xx_hal_dma.o
    0x08000f6c   0x08000f6c   0x00000076   Code   RO         2855    i.HAL_DMA_Abort_IT  stm32g4xx_hal_dma.o
    0x08000fe2   0x08000fe2   0x00000002   PAD
    0x08000fe4   0x08000fe4   0x000000a8   Code   RO         2856    i.HAL_DMA_DeInit    stm32g4xx_hal_dma.o
    0x0800108c   0x0800108c   0x00000004   Code   RO         2857    i.HAL_DMA_GetError  stm32g4xx_hal_dma.o
    0x08001090   0x08001090   0x000000cc   Code   RO         2859    i.HAL_DMA_IRQHandler  stm32g4xx_hal_dma.o
    0x0800115c   0x0800115c   0x000000c0   Code   RO         2860    i.HAL_DMA_Init      stm32g4xx_hal_dma.o
    0x0800121c   0x0800121c   0x00000090   Code   RO         2864    i.HAL_DMA_Start_IT  stm32g4xx_hal_dma.o
    0x080012ac   0x080012ac   0x00000024   Code   RO         1947    i.HAL_Delay         stm32g4xx_hal.o
    0x080012d0   0x080012d0   0x0000011c   Code   RO         2713    i.HAL_GPIO_DeInit   stm32g4xx_hal_gpio.o
    0x080013ec   0x080013ec   0x000001b0   Code   RO         2716    i.HAL_GPIO_Init     stm32g4xx_hal_gpio.o
    0x0800159c   0x0800159c   0x0000000c   Code   RO         2720    i.HAL_GPIO_WritePin  stm32g4xx_hal_gpio.o
    0x080015a8   0x080015a8   0x0000000c   Code   RO         1951    i.HAL_GetTick       stm32g4xx_hal.o
    0x080015b4   0x080015b4   0x0000005a   Code   RO         3977    i.HAL_I2CEx_ConfigAnalogFilter  stm32g4xx_hal_i2c_ex.o
    0x0800160e   0x0800160e   0x00000056   Code   RO         3978    i.HAL_I2CEx_ConfigDigitalFilter  stm32g4xx_hal_i2c_ex.o
    0x08001664   0x08001664   0x000000cc   Code   RO         3516    i.HAL_I2C_Init      stm32g4xx_hal_i2c.o
    0x08001730   0x08001730   0x000000a0   Code   RO          992    i.HAL_I2C_MspInit   i2c.o
    0x080017d0   0x080017d0   0x00000066   Code   RO         4031    i.HAL_IWDG_Init     stm32g4xx_hal_iwdg.o
    0x08001836   0x08001836   0x0000000c   Code   RO         4032    i.HAL_IWDG_Refresh  stm32g4xx_hal_iwdg.o
    0x08001842   0x08001842   0x00000002   PAD
    0x08001844   0x08001844   0x00000010   Code   RO         1957    i.HAL_IncTick       stm32g4xx_hal.o
    0x08001854   0x08001854   0x0000001e   Code   RO         1958    i.HAL_Init          stm32g4xx_hal.o
    0x08001872   0x08001872   0x00000002   PAD
    0x08001874   0x08001874   0x0000004c   Code   RO         1959    i.HAL_InitTick      stm32g4xx_hal.o
    0x080018c0   0x080018c0   0x00000030   Code   RO         1301    i.HAL_MspInit       stm32g4xx_hal_msp.o
    0x080018f0   0x080018f0   0x00000022   Code   RO         3364    i.HAL_NVIC_DisableIRQ  stm32g4xx_hal_cortex.o
    0x08001912   0x08001912   0x0000001a   Code   RO         3365    i.HAL_NVIC_EnableIRQ  stm32g4xx_hal_cortex.o
    0x0800192c   0x0800192c   0x00000040   Code   RO         3371    i.HAL_NVIC_SetPriority  stm32g4xx_hal_cortex.o
    0x0800196c   0x0800196c   0x00000024   Code   RO         3372    i.HAL_NVIC_SetPriorityGrouping  stm32g4xx_hal_cortex.o
    0x08001990   0x08001990   0x000000cc   Code   RO         3119    i.HAL_PWREx_ControlVoltageScaling  stm32g4xx_hal_pwr_ex.o
    0x08001a5c   0x08001a5c   0x00000010   Code   RO         3131    i.HAL_PWREx_DisableUCPDDeadBattery  stm32g4xx_hal_pwr_ex.o
    0x08001a6c   0x08001a6c   0x00000298   Code   RO         2323    i.HAL_RCCEx_PeriphCLKConfig  stm32g4xx_hal_rcc_ex.o
    0x08001d04   0x08001d04   0x000001c8   Code   RO         2193    i.HAL_RCC_ClockConfig  stm32g4xx_hal_rcc.o
    0x08001ecc   0x08001ecc   0x0000000c   Code   RO         2199    i.HAL_RCC_GetHCLKFreq  stm32g4xx_hal_rcc.o
    0x08001ed8   0x08001ed8   0x00000024   Code   RO         2201    i.HAL_RCC_GetPCLK1Freq  stm32g4xx_hal_rcc.o
    0x08001efc   0x08001efc   0x00000024   Code   RO         2202    i.HAL_RCC_GetPCLK2Freq  stm32g4xx_hal_rcc.o
    0x08001f20   0x08001f20   0x00000074   Code   RO         2203    i.HAL_RCC_GetSysClockFreq  stm32g4xx_hal_rcc.o
    0x08001f94   0x08001f94   0x00000450   Code   RO         2206    i.HAL_RCC_OscConfig  stm32g4xx_hal_rcc.o
    0x080023e4   0x080023e4   0x0000002e   Code   RO         4067    i.HAL_SPI_DeInit    stm32g4xx_hal_spi.o
    0x08002412   0x08002412   0x00000002   Code   RO         4068    i.HAL_SPI_ErrorCallback  stm32g4xx_hal_spi.o
    0x08002414   0x08002414   0x00000104   Code   RO         4071    i.HAL_SPI_IRQHandler  stm32g4xx_hal_spi.o
    0x08002518   0x08002518   0x000000ec   Code   RO         4072    i.HAL_SPI_Init      stm32g4xx_hal_spi.o
    0x08002604   0x08002604   0x00000044   Code   RO         1063    i.HAL_SPI_MspDeInit  spi.o
    0x08002648   0x08002648   0x000000d8   Code   RO         1064    i.HAL_SPI_MspInit   spi.o
    0x08002720   0x08002720   0x00000282   Code   RO         4081    i.HAL_SPI_TransmitReceive  stm32g4xx_hal_spi.o
    0x080029a2   0x080029a2   0x0000001c   Code   RO         3374    i.HAL_SYSTICK_CLKSourceConfig  stm32g4xx_hal_cortex.o
    0x080029be   0x080029be   0x00000028   Code   RO         3376    i.HAL_SYSTICK_Config  stm32g4xx_hal_cortex.o
    0x080029e6   0x080029e6   0x0000003e   Code   RO         4837    i.HAL_UARTEx_DisableFifoMode  stm32g4xx_hal_uart_ex.o
    0x08002a24   0x08002a24   0x00000002   Code   RO         4421    i.HAL_UARTEx_RxEventCallback  stm32g4xx_hal_uart.o
    0x08002a26   0x08002a26   0x00000002   Code   RO         4845    i.HAL_UARTEx_RxFifoFullCallback  stm32g4xx_hal_uart_ex.o
    0x08002a28   0x08002a28   0x0000004c   Code   RO         4846    i.HAL_UARTEx_SetRxFifoThreshold  stm32g4xx_hal_uart_ex.o
    0x08002a74   0x08002a74   0x0000004c   Code   RO         4847    i.HAL_UARTEx_SetTxFifoThreshold  stm32g4xx_hal_uart_ex.o
    0x08002ac0   0x08002ac0   0x00000002   Code   RO         4849    i.HAL_UARTEx_TxFifoEmptyCallback  stm32g4xx_hal_uart_ex.o
    0x08002ac2   0x08002ac2   0x00000002   Code   RO         4850    i.HAL_UARTEx_WakeupCallback  stm32g4xx_hal_uart_ex.o
    0x08002ac4   0x08002ac4   0x000000b0   Code   RO         4424    i.HAL_UART_AbortReceive  stm32g4xx_hal_uart.o
    0x08002b74   0x08002b74   0x00000002   Code   RO         4437    i.HAL_UART_ErrorCallback  stm32g4xx_hal_uart.o
    0x08002b76   0x08002b76   0x00000002   PAD
    0x08002b78   0x08002b78   0x00000324   Code   RO         4440    i.HAL_UART_IRQHandler  stm32g4xx_hal_uart.o
    0x08002e9c   0x08002e9c   0x00000070   Code   RO         4441    i.HAL_UART_Init     stm32g4xx_hal_uart.o
    0x08002f0c   0x08002f0c   0x000001cc   Code   RO         1106    i.HAL_UART_MspInit  usart.o
    0x080030d8   0x080030d8   0x00000048   Code   RO         4445    i.HAL_UART_Receive_DMA  stm32g4xx_hal_uart.o
    0x08003120   0x08003120   0x00000002   Code   RO         4448    i.HAL_UART_RxCpltCallback  stm32g4xx_hal_uart.o
    0x08003122   0x08003122   0x00000002   Code   RO         4449    i.HAL_UART_RxHalfCpltCallback  stm32g4xx_hal_uart.o
    0x08003124   0x08003124   0x000000b8   Code   RO         4450    i.HAL_UART_Transmit  stm32g4xx_hal_uart.o
    0x080031dc   0x080031dc   0x00000002   Code   RO         4453    i.HAL_UART_TxCpltCallback  stm32g4xx_hal_uart.o
    0x080031de   0x080031de   0x00000002   Code   RO         1169    i.HardFault_Handler  stm32g4xx_it.o
    0x080031e0   0x080031e0   0x0000000c   Code   RO         1513    i.LL_ADC_GetOffsetChannel  stm32g4xx_hal_adc.o
    0x080031ec   0x080031ec   0x00000008   Code   RO         1514    i.LL_ADC_INJ_IsConversionOngoing  stm32g4xx_hal_adc.o
    0x080031f4   0x080031f4   0x00000008   Code   RO         1515    i.LL_ADC_IsEnabled  stm32g4xx_hal_adc.o
    0x080031fc   0x080031fc   0x00000008   Code   RO         1516    i.LL_ADC_REG_IsConversionOngoing  stm32g4xx_hal_adc.o
    0x08003204   0x08003204   0x00000008   Code   RO         1754    i.LL_ADC_REG_IsConversionOngoing  stm32g4xx_hal_adc_ex.o
    0x0800320c   0x0800320c   0x00000010   Code   RO         1517    i.LL_ADC_REG_IsTriggerSourceSWStart  stm32g4xx_hal_adc.o
    0x0800321c   0x0800321c   0x0000001e   Code   RO         1519    i.LL_ADC_SetChannelSamplingTime  stm32g4xx_hal_adc.o
    0x0800323a   0x0800323a   0x00000010   Code   RO         1520    i.LL_ADC_SetOffsetState  stm32g4xx_hal_adc.o
    0x0800324a   0x0800324a   0x00000002   PAD
    0x0800324c   0x0800324c   0x00000094   Code   RO          920    i.MX_ADC1_Init      adc.o
    0x080032e0   0x080032e0   0x00000080   Code   RO          921    i.MX_ADC2_Init      adc.o
    0x08003360   0x08003360   0x000000bc   Code   RO          967    i.MX_DMA_Init       dma.o
    0x0800341c   0x0800341c   0x00000150   Code   RO          894    i.MX_GPIO_Init      gpio.o
    0x0800356c   0x0800356c   0x00000058   Code   RO          993    i.MX_I2C3_Init      i2c.o
    0x080035c4   0x080035c4   0x00000030   Code   RO         1033    i.MX_IWDG_Init      iwdg.o
    0x080035f4   0x080035f4   0x00000050   Code   RO         1065    i.MX_SPI2_Init      spi.o
    0x08003644   0x08003644   0x00000068   Code   RO         1107    i.MX_USART1_UART_Init  usart.o
    0x080036ac   0x080036ac   0x00000068   Code   RO         1108    i.MX_USART2_UART_Init  usart.o
    0x08003714   0x08003714   0x00000002   Code   RO         1170    i.MemManage_Handler  stm32g4xx_it.o
    0x08003716   0x08003716   0x00000002   Code   RO         1171    i.NMI_Handler       stm32g4xx_it.o
    0x08003718   0x08003718   0x00000002   Code   RO         1172    i.PendSV_Handler    stm32g4xx_it.o
    0x0800371a   0x0800371a   0x00000002   PAD
    0x0800371c   0x0800371c   0x00000050   Code   RO         2207    i.RCC_GetSysClockFreqFromPLLSource  stm32g4xx_hal_rcc.o
    0x0800376c   0x0800376c   0x00000098   Code   RO         1325    i.Read_Single_Block  sd_card.o
    0x08003804   0x08003804   0x00000010   Code   RO         1328    i.SD_BlockAddr      sd_card.o
    0x08003814   0x08003814   0x00000120   Code   RO         1329    i.SD_Get_CardInfo   sd_card.o
    0x08003934   0x08003934   0x0000010c   Code   RO         1330    i.SD_Init_SDSC      sd_card.o
    0x08003a40   0x08003a40   0x00000078   Code   RO         1331    i.SD_Initiate_Card  sd_card.o
    0x08003ab8   0x08003ab8   0x0000004c   Code   RO         1333    i.SD_Reset_Card     sd_card.o
    0x08003b04   0x08003b04   0x0000001c   Code   RO         1334    i.SD_SPI_SetFast    sd_card.o
    0x08003b20   0x08003b20   0x0000001c   Code   RO         1335    i.SD_SPI_SetSlow    sd_card.o
    0x08003b3c   0x08003b3c   0x00000024   Code   RO         1336    i.SD_SPI_TxRx       sd_card.o
    0x08003b60   0x08003b60   0x0000006c   Code   RO         1337    i.SD_SendCmd        sd_card.o
    0x08003bcc   0x08003bcc   0x00000024   Code   RO         1338    i.SD_Wait_NotBusy   sd_card.o
    0x08003bf0   0x08003bf0   0x0000000c   Code   RO         1173    i.SPI2_IRQHandler   stm32g4xx_it.o
    0x08003bfc   0x08003bfc   0x00000012   Code   RO         4099    i.SPI_DMAAbortOnError  stm32g4xx_hal_spi.o
    0x08003c0e   0x08003c0e   0x00000064   Code   RO         4110    i.SPI_EndRxTxTransaction  stm32g4xx_hal_spi.o
    0x08003c72   0x08003c72   0x00000002   PAD
    0x08003c74   0x08003c74   0x000000e0   Code   RO         4115    i.SPI_WaitFifoStateUntilTimeout  stm32g4xx_hal_spi.o
    0x08003d54   0x08003d54   0x000000bc   Code   RO         4116    i.SPI_WaitFlagStateUntilTimeout  stm32g4xx_hal_spi.o
    0x08003e10   0x08003e10   0x00000002   Code   RO         1174    i.SVC_Handler       stm32g4xx_it.o
    0x08003e12   0x08003e12   0x00000004   Code   RO         1175    i.SysTick_Handler   stm32g4xx_it.o
    0x08003e16   0x08003e16   0x00000070   Code   RO          834    i.SystemClock_Config  main.o
    0x08003e86   0x08003e86   0x00000002   PAD
    0x08003e88   0x08003e88   0x00000010   Code   RO         4961    i.SystemInit        system_stm32g4xx.o
    0x08003e98   0x08003e98   0x00000048   Code   RO         4851    i.UARTEx_SetNbDataToProcess  stm32g4xx_hal_uart_ex.o
    0x08003ee0   0x08003ee0   0x000000c8   Code   RO         4455    i.UART_AdvFeatureConfig  stm32g4xx_hal_uart.o
    0x08003fa8   0x08003fa8   0x000000aa   Code   RO         4456    i.UART_CheckIdleState  stm32g4xx_hal_uart.o
    0x08004052   0x08004052   0x00000010   Code   RO         4457    i.UART_DMAAbortOnError  stm32g4xx_hal_uart.o
    0x08004062   0x08004062   0x00000050   Code   RO         4458    i.UART_DMAError     stm32g4xx_hal_uart.o
    0x080040b2   0x080040b2   0x00000086   Code   RO         4459    i.UART_DMAReceiveCplt  stm32g4xx_hal_uart.o
    0x08004138   0x08004138   0x00000020   Code   RO         4461    i.UART_DMARxHalfCplt  stm32g4xx_hal_uart.o
    0x08004158   0x08004158   0x00000054   Code   RO         4467    i.UART_EndRxTransfer  stm32g4xx_hal_uart.o
    0x080041ac   0x080041ac   0x00000024   Code   RO         4468    i.UART_EndTransmit_IT  stm32g4xx_hal_uart.o
    0x080041d0   0x080041d0   0x0000002e   Code   RO         4469    i.UART_EndTxTransfer  stm32g4xx_hal_uart.o
    0x080041fe   0x080041fe   0x00000002   PAD
    0x08004200   0x08004200   0x000002d4   Code   RO         4474    i.UART_SetConfig    stm32g4xx_hal_uart.o
    0x080044d4   0x080044d4   0x000000a4   Code   RO         4475    i.UART_Start_Receive_DMA  stm32g4xx_hal_uart.o
    0x08004578   0x08004578   0x00000098   Code   RO         4481    i.UART_WaitOnFlagUntilTimeout  stm32g4xx_hal_uart.o
    0x08004610   0x08004610   0x00000014   Code   RO         1176    i.USART1_IRQHandler  stm32g4xx_it.o
    0x08004624   0x08004624   0x00000014   Code   RO         1177    i.USART2_IRQHandler  stm32g4xx_it.o
    0x08004638   0x08004638   0x00000002   Code   RO         1178    i.UsageFault_Handler  stm32g4xx_it.o
    0x0800463a   0x0800463a   0x00000002   PAD
    0x0800463c   0x0800463c   0x00000160   Code   RO         1340    i.Write_Single_Block  sd_card.o
    0x0800479c   0x0800479c   0x00000020   Code   RO         5215    i.__0printf$8       mc_w.l(printf8.o)
    0x080047bc   0x080047bc   0x00000020   Code   RO         3378    i.__NVIC_SetPriority  stm32g4xx_hal_cortex.o
    0x080047dc   0x080047dc   0x0000000e   Code   RO         5309    i.__scatterload_copy  mc_w.l(handlers.o)
    0x080047ea   0x080047ea   0x00000002   Code   RO         5310    i.__scatterload_null  mc_w.l(handlers.o)
    0x080047ec   0x080047ec   0x0000000e   Code   RO         5311    i.__scatterload_zeroinit  mc_w.l(handlers.o)
    0x080047fa   0x080047fa   0x00000002   PAD
    0x080047fc   0x080047fc   0x00000410   Code   RO         5222    i._printf_core      mc_w.l(printf8.o)
    0x08004c0c   0x08004c0c   0x00000024   Code   RO         5223    i._printf_post_padding  mc_w.l(printf8.o)
    0x08004c30   0x08004c30   0x0000002e   Code   RO         5224    i._printf_pre_padding  mc_w.l(printf8.o)
    0x08004c5e   0x08004c5e   0x00000002   PAD
    0x08004c60   0x08004c60   0x00000030   Code   RO          528    i.all_led_off       led.o
    0x08004c90   0x08004c90   0x00000034   Code   RO          354    i.crc32_init        soft_crc.o
    0x08004cc4   0x08004cc4   0x00000028   Code   RO          355    i.crc32_soft        soft_crc.o
    0x08004cec   0x08004cec   0x00000014   Code   RO          672    i.delay_init        app.o
    0x08004d00   0x08004d00   0x00000038   Code   RO          674    i.delay_us          app.o
    0x08004d38   0x08004d38   0x00000018   Code   RO         1109    i.fputc             usart.o
    0x08004d50   0x08004d50   0x00000148   Code   RO         1341    i.look_for_used_block_test  sd_card.o
    0x08004e98   0x08004e98   0x0000007c   Code   RO          835    i.main              main.o
    0x08004f14   0x08004f14   0x0000004c   Code   RO          449    i.start_uart_rx     comm.o
    0x08004f60   0x08004f60   0x00000048   Code   RO          450    i.uart1_it_handler  comm.o
    0x08004fa8   0x08004fa8   0x00000048   Code   RO          451    i.uart2_it_handler  comm.o
    0x08004ff0   0x08004ff0   0x00000056   Data   RO         1344    .constdata          sd_card.o
    0x08005046   0x08005046   0x00000018   Data   RO         4482    .constdata          stm32g4xx_hal_uart.o
    0x0800505e   0x0800505e   0x00000010   Data   RO         4853    .constdata          stm32g4xx_hal_uart_ex.o
    0x0800506e   0x0800506e   0x00000010   Data   RO         4962    .constdata          system_stm32g4xx.o
    0x0800507e   0x0800507e   0x00000008   Data   RO         4963    .constdata          system_stm32g4xx.o
    0x08005086   0x08005086   0x00000002   PAD
    0x08005088   0x08005088   0x00000020   Data   RO         5307    Region$$Table       anon$$obj.o


    Execution Region RW_IRAM1 (Exec base: 0x20000000, Load base: 0x080050a8, Size: 0x00001c30, Max: 0x00008000, ABSOLUTE)

    Exec Addr    Load Addr    Size         Type   Attr      Idx    E Section Name        Object

    0x20000000   0x080050a8   0x00000002   Data   RW          454    .data               comm.o
    0x20000002   0x080050aa   0x00000002   PAD
    0x20000004   0x080050ac   0x00000024   Data   RW          683    .data               app.o
    0x20000028   0x080050d0   0x00000004   Data   RW          923    .data               adc.o
    0x2000002c   0x080050d4   0x00000008   Data   RW         1345    .data               sd_card.o
    0x20000034   0x080050dc   0x0000000c   Data   RW         1978    .data               stm32g4xx_hal.o
    0x20000040   0x080050e8   0x00000004   Data   RW         4964    .data               system_stm32g4xx.o
    0x20000044   0x080050ec   0x00000004   Data   RW         5283    .data               mc_w.l(stdout.o)
    0x20000048        -       0x00000400   Zero   RW          356    .bss                soft_crc.o
    0x20000448        -       0x00000080   Zero   RW          452    .bss                comm.o
    0x200004c8        -       0x000000c8   Zero   RW          629    .bss                bat_val.o
    0x20000590        -       0x0000032a   Zero   RW          680    .bss                app.o
    0x200008ba   0x080050f0   0x00000002   PAD
    0x200008bc        -       0x00000198   Zero   RW          922    .bss                adc.o
    0x20000a54        -       0x00000054   Zero   RW          994    .bss                i2c.o
    0x20000aa8        -       0x00000010   Zero   RW         1034    .bss                iwdg.o
    0x20000ab8        -       0x00000124   Zero   RW         1066    .bss                spi.o
    0x20000bdc        -       0x000002a8   Zero   RW         1110    .bss                usart.o
    0x20000e84        -       0x000009a8   Zero   RW         1343    .bss                sd_card.o
    0x2000182c   0x080050f0   0x00000004   PAD
    0x20001830        -       0x00000400   Zero   RW            1    STACK               startup_stm32g431xx.o


==============================================================================

Image component sizes


      Code (inc. data)   RO Data    RW Data    ZI Data      Debug   Object Name

       616         48          0          4        408       2754   adc.o
       112         18          0         36        810       3097   app.o
         0          0          0          0        200        637   bat_val.o
       220         38          0          2        128       2344   comm.o
       188          4          0          0          0        866   dma.o
         0          0          0          0          0     629681   flash_app.o
       336         14          0          0          0       1043   gpio.o
       248         24          0          0         84       1745   i2c.o
        48         10          0          0         16        691   iwdg.o
        48         10          0          0          0        470   led.o
       240         22          0          0          0       2940   main.o
      1836        482         86          8       2472      11539   sd_card.o
        92         14          0          0       1024       1746   soft_crc.o
       364         46          0          0        292       2383   spi.o
        36          8        472          0       1024        820   startup_stm32g431xx.o
       170         22          0         12          0       4217   stm32g4xx_hal.o
      2300        120          0          0          0      79782   stm32g4xx_hal_adc.o
       240         10          0          0          0      67979   stm32g4xx_hal_adc_ex.o
       260         14          0          0          0      35131   stm32g4xx_hal_cortex.o
      1100         40          0          0          0       7758   stm32g4xx_hal_dma.o
       728         60          0          0          0       3102   stm32g4xx_hal_gpio.o
       204          6          0          0          0       2763   stm32g4xx_hal_i2c.o
       176          0          0          0          0       1939   stm32g4xx_hal_i2c_ex.o
       114          0          0          0          0       1879   stm32g4xx_hal_iwdg.o
        48          6          0          0          0        826   stm32g4xx_hal_msp.o
       220         18          0          0          0       1437   stm32g4xx_hal_pwr_ex.o
      1840         96          0          0          0       8020   stm32g4xx_hal_rcc.o
       664          8          0          0          0       1940   stm32g4xx_hal_rcc_ex.o
      1716         16          0          0          0       9099   stm32g4xx_hal_spi.o
      3196        108         24          0          0      37884   stm32g4xx_hal_uart.o
       292          6         16          0          0       5322   stm32g4xx_hal_uart_ex.o
       168         62          0          0          0       9204   stm32g4xx_it.o
        16          4         24          4          0       1079   system_stm32g4xx.o
       692         56          0          0        680       3423   usart.o

    ----------------------------------------------------------------------
     18552       1390        656         68       7144     945540   Object Totals
         0          0         32          0          0          0   (incl. Generated)
        24          0          2          2          6          0   (incl. Padding)

    ----------------------------------------------------------------------

      Code (inc. data)   RO Data    RW Data    ZI Data      Debug   Library Member Name

         0          0          0          0          0          0   entry.o
         0          0          0          0          0          0   entry10a.o
         0          0          0          0          0          0   entry11a.o
         8          4          0          0          0          0   entry2.o
         4          0          0          0          0          0   entry5.o
         0          0          0          0          0          0   entry7b.o
         0          0          0          0          0          0   entry8b.o
         8          4          0          0          0          0   entry9a.o
        30          0          0          0          0          0   handlers.o
        36          8          0          0          0         68   init.o
        30          0          0          0          0         68   llshl.o
        32          0          0          0          0         68   llushr.o
        36          0          0          0          0        108   memseta.o
      1154         54          0          0          0        352   printf8.o
         0          0          0          4          0          0   stdout.o
        98          0          0          0          0         92   uldiv.o

    ----------------------------------------------------------------------
      1440         70          0          4          0        756   Library Totals
         4          0          0          0          0          0   (incl. Padding)

    ----------------------------------------------------------------------

      Code (inc. data)   RO Data    RW Data    ZI Data      Debug   Library Name

      1436         70          0          4          0        756   mc_w.l

    ----------------------------------------------------------------------
      1440         70          0          4          0        756   Library Totals

    ----------------------------------------------------------------------

==============================================================================


      Code (inc. data)   RO Data    RW Data    ZI Data      Debug   

     19992       1460        656         72       7144     930988   Grand Totals
     19992       1460        656         72       7144     930988   ELF Image Totals
     19992       1460        656         72          0          0   ROM Totals

==============================================================================

    Total RO  Size (Code + RO Data)                20648 (  20.16kB)
    Total RW  Size (RW Data + ZI Data)              7216 (   7.05kB)
    Total ROM Size (Code + RO Data + RW Data)      20720 (  20.23kB)

==============================================================================

